../Core/Src/main.c:68:6:HAL_GPIO_EXTI_Callback	16	static
../Core/Src/main.c:101:5:main	8	static,ignoring_inline_asm
../Core/Src/main.c:159:6:SystemClock_Config	88	static
../Core/Src/main.c:204:6:PeriphCommonClock_Config	32	static
../Core/Src/main.c:225:13:MX_I2C1_Init	8	static
../Core/Src/main.c:259:13:MX_I2S2_Init	8	static
../Core/Src/main.c:293:13:MX_I2S3_Init	8	static
../Core/Src/main.c:327:13:MX_SPI1_Init	8	static
../Core/Src/main.c:365:13:MX_GPIO_Init	56	static
../Core/Src/main.c:463:6:Error_Handler	4	static,ignoring_inline_asm
