Archive member included to satisfy reference by file (symbol)

d:/desktop_apppps/stm32cubeide_1.10.1/stm32cubeide/plugins/com.st.stm32cube.ide.mcu.externaltools.gnu-tools-for-stm32.10.3-2021.10.win32_1.0.0.202111181127/tools/bin/../lib/gcc/arm-none-eabi/10.3.1/../../../../arm-none-eabi/lib/thumb/v7e-m+fp/hard\libc_nano.a(lib_a-errno.o)
                              ./Core/Src/syscalls.o (__errno)
d:/desktop_apppps/stm32cubeide_1.10.1/stm32cubeide/plugins/com.st.stm32cube.ide.mcu.externaltools.gnu-tools-for-stm32.10.3-2021.10.win32_1.0.0.202111181127/tools/bin/../lib/gcc/arm-none-eabi/10.3.1/../../../../arm-none-eabi/lib/thumb/v7e-m+fp/hard\libc_nano.a(lib_a-exit.o)
                              d:/desktop_apppps/stm32cubeide_1.10.1/stm32cubeide/plugins/com.st.stm32cube.ide.mcu.externaltools.gnu-tools-for-stm32.10.3-2021.10.win32_1.0.0.202111181127/tools/bin/../lib/gcc/arm-none-eabi/10.3.1/../../../../arm-none-eabi/lib/thumb/v7e-m+fp/hard/crt0.o (exit)
d:/desktop_apppps/stm32cubeide_1.10.1/stm32cubeide/plugins/com.st.stm32cube.ide.mcu.externaltools.gnu-tools-for-stm32.10.3-2021.10.win32_1.0.0.202111181127/tools/bin/../lib/gcc/arm-none-eabi/10.3.1/../../../../arm-none-eabi/lib/thumb/v7e-m+fp/hard\libc_nano.a(lib_a-impure.o)
                              d:/desktop_apppps/stm32cubeide_1.10.1/stm32cubeide/plugins/com.st.stm32cube.ide.mcu.externaltools.gnu-tools-for-stm32.10.3-2021.10.win32_1.0.0.202111181127/tools/bin/../lib/gcc/arm-none-eabi/10.3.1/../../../../arm-none-eabi/lib/thumb/v7e-m+fp/hard\libc_nano.a(lib_a-exit.o) (_global_impure_ptr)
d:/desktop_apppps/stm32cubeide_1.10.1/stm32cubeide/plugins/com.st.stm32cube.ide.mcu.externaltools.gnu-tools-for-stm32.10.3-2021.10.win32_1.0.0.202111181127/tools/bin/../lib/gcc/arm-none-eabi/10.3.1/../../../../arm-none-eabi/lib/thumb/v7e-m+fp/hard\libc_nano.a(lib_a-init.o)
                              d:/desktop_apppps/stm32cubeide_1.10.1/stm32cubeide/plugins/com.st.stm32cube.ide.mcu.externaltools.gnu-tools-for-stm32.10.3-2021.10.win32_1.0.0.202111181127/tools/bin/../lib/gcc/arm-none-eabi/10.3.1/../../../../arm-none-eabi/lib/thumb/v7e-m+fp/hard/crt0.o (__libc_init_array)
d:/desktop_apppps/stm32cubeide_1.10.1/stm32cubeide/plugins/com.st.stm32cube.ide.mcu.externaltools.gnu-tools-for-stm32.10.3-2021.10.win32_1.0.0.202111181127/tools/bin/../lib/gcc/arm-none-eabi/10.3.1/../../../../arm-none-eabi/lib/thumb/v7e-m+fp/hard\libc_nano.a(lib_a-malloc.o)
                              ./Middlewares/ST/STM32_USB_Host_Library/Class/CDC/Src/usbh_cdc.o (malloc)
d:/desktop_apppps/stm32cubeide_1.10.1/stm32cubeide/plugins/com.st.stm32cube.ide.mcu.externaltools.gnu-tools-for-stm32.10.3-2021.10.win32_1.0.0.202111181127/tools/bin/../lib/gcc/arm-none-eabi/10.3.1/../../../../arm-none-eabi/lib/thumb/v7e-m+fp/hard\libc_nano.a(lib_a-memset.o)
                              d:/desktop_apppps/stm32cubeide_1.10.1/stm32cubeide/plugins/com.st.stm32cube.ide.mcu.externaltools.gnu-tools-for-stm32.10.3-2021.10.win32_1.0.0.202111181127/tools/bin/../lib/gcc/arm-none-eabi/10.3.1/../../../../arm-none-eabi/lib/thumb/v7e-m+fp/hard/crt0.o (memset)
d:/desktop_apppps/stm32cubeide_1.10.1/stm32cubeide/plugins/com.st.stm32cube.ide.mcu.externaltools.gnu-tools-for-stm32.10.3-2021.10.win32_1.0.0.202111181127/tools/bin/../lib/gcc/arm-none-eabi/10.3.1/../../../../arm-none-eabi/lib/thumb/v7e-m+fp/hard\libc_nano.a(lib_a-nano-freer.o)
                              d:/desktop_apppps/stm32cubeide_1.10.1/stm32cubeide/plugins/com.st.stm32cube.ide.mcu.externaltools.gnu-tools-for-stm32.10.3-2021.10.win32_1.0.0.202111181127/tools/bin/../lib/gcc/arm-none-eabi/10.3.1/../../../../arm-none-eabi/lib/thumb/v7e-m+fp/hard\libc_nano.a(lib_a-malloc.o) (_free_r)
d:/desktop_apppps/stm32cubeide_1.10.1/stm32cubeide/plugins/com.st.stm32cube.ide.mcu.externaltools.gnu-tools-for-stm32.10.3-2021.10.win32_1.0.0.202111181127/tools/bin/../lib/gcc/arm-none-eabi/10.3.1/../../../../arm-none-eabi/lib/thumb/v7e-m+fp/hard\libc_nano.a(lib_a-nano-mallocr.o)
                              d:/desktop_apppps/stm32cubeide_1.10.1/stm32cubeide/plugins/com.st.stm32cube.ide.mcu.externaltools.gnu-tools-for-stm32.10.3-2021.10.win32_1.0.0.202111181127/tools/bin/../lib/gcc/arm-none-eabi/10.3.1/../../../../arm-none-eabi/lib/thumb/v7e-m+fp/hard\libc_nano.a(lib_a-malloc.o) (_malloc_r)
d:/desktop_apppps/stm32cubeide_1.10.1/stm32cubeide/plugins/com.st.stm32cube.ide.mcu.externaltools.gnu-tools-for-stm32.10.3-2021.10.win32_1.0.0.202111181127/tools/bin/../lib/gcc/arm-none-eabi/10.3.1/../../../../arm-none-eabi/lib/thumb/v7e-m+fp/hard\libc_nano.a(lib_a-sbrkr.o)
                              d:/desktop_apppps/stm32cubeide_1.10.1/stm32cubeide/plugins/com.st.stm32cube.ide.mcu.externaltools.gnu-tools-for-stm32.10.3-2021.10.win32_1.0.0.202111181127/tools/bin/../lib/gcc/arm-none-eabi/10.3.1/../../../../arm-none-eabi/lib/thumb/v7e-m+fp/hard\libc_nano.a(lib_a-nano-mallocr.o) (_sbrk_r)
[...]
Memory Configuration

Name             Origin             Length             Attributes
RAM              0x0000000020000000 0x0000000000020000 xrw
FLASH            0x0000000008000000 0x0000000000080000 xr
*default*        0x0000000000000000 0xffffffffffffffff

Linker script and memory map

LOAD d:/desktop_apppps/stm32cubeide_1.10.1/stm32cubeide/plugins/com.st.stm32cube.ide.mcu.externaltools.gnu-tools-for-stm32.10.3-2021.10.win32_1.0.0.202111181127/tools/bin/../lib/gcc/arm-none-eabi/10.3.1/thumb/v7e-m+fp/hard/crti.o
LOAD d:/desktop_apppps/stm32cubeide_1.10.1/stm32cubeide/plugins/com.st.stm32cube.ide.mcu.externaltools.gnu-tools-for-stm32.10.3-2021.10.win32_1.0.0.202111181127/tools/bin/../lib/gcc/arm-none-eabi/10.3.1/thumb/v7e-m+fp/hard/crtbegin.o
LOAD d:/desktop_apppps/stm32cubeide_1.10.1/stm32cubeide/plugins/com.st.stm32cube.ide.mcu.externaltools.gnu-tools-for-stm32.10.3-2021.10.win32_1.0.0.202111181127/tools/bin/../lib/gcc/arm-none-eabi/10.3.1/../../../../arm-none-eabi/lib/thumb/v7e-m+fp/hard/crt0.o
LOAD ./Core/Src/main.o
LOAD ./Core/Src/stm32f4xx_hal_msp.o
LOAD ./Core/Src/stm32f4xx_it.o
LOAD ./Core/Src/syscalls.o
LOAD ./Core/Src/sysmem.o
LOAD ./Core/Src/system_stm32f4xx.o
LOAD ./Core/Startup/startup_stm32f411vetx.o
LOAD ./Drivers/STM32F4xx_HAL_Driver/Src/stm32f4xx_hal.o
LOAD ./Drivers/STM32F4xx_HAL_Driver/Src/stm32f4xx_hal_cortex.o
LOAD ./Drivers/STM32F4xx_HAL_Driver/Src/stm32f4xx_hal_dma.o
LOAD ./Drivers/STM32F4xx_HAL_Driver/Src/stm32f4xx_hal_dma_ex.o
LOAD ./Drivers/STM32F4xx_HAL_Driver/Src/stm32f4xx_hal_exti.o
LOAD ./Drivers/STM32F4xx_HAL_Driver/Src/stm32f4xx_hal_flash.o
LOAD ./Drivers/STM32F4xx_HAL_Driver/Src/stm32f4xx_hal_flash_ex.o
LOAD ./Drivers/STM32F4xx_HAL_Driver/Src/stm32f4xx_hal_flash_ramfunc.o
LOAD ./Drivers/STM32F4xx_HAL_Driver/Src/stm32f4xx_hal_gpio.o
LOAD ./Drivers/STM32F4xx_HAL_Driver/Src/stm32f4xx_hal_hcd.o
LOAD ./Drivers/STM32F4xx_HAL_Driver/Src/stm32f4xx_hal_i2c.o
LOAD ./Drivers/STM32F4xx_HAL_Driver/Src/stm32f4xx_hal_i2c_ex.o
LOAD ./Drivers/STM32F4xx_HAL_Driver/Src/stm32f4xx_hal_i2s.o
LOAD ./Drivers/STM32F4xx_HAL_Driver/Src/stm32f4xx_hal_i2s_ex.o
LOAD ./Drivers/STM32F4xx_HAL_Driver/Src/stm32f4xx_hal_pwr.o
LOAD ./Drivers/STM32F4xx_HAL_Driver/Src/stm32f4xx_hal_pwr_ex.o
LOAD ./Drivers/STM32F4xx_HAL_Driver/Src/stm32f4xx_hal_rcc.o
LOAD ./Drivers/STM32F4xx_HAL_Driver/Src/stm32f4xx_hal_rcc_ex.o
LOAD ./Drivers/STM32F4xx_HAL_Driver/Src/stm32f4xx_hal_spi.o
LOAD ./Drivers/STM32F4xx_HAL_Driver/Src/stm32f4xx_hal_tim.o
LOAD ./Drivers/STM32F4xx_HAL_Driver/Src/stm32f4xx_hal_tim_ex.o
LOAD ./Drivers/STM32F4xx_HAL_Driver/Src/stm32f4xx_ll_usb.o
LOAD ./Middlewares/ST/STM32_USB_Host_Library/Class/CDC/Src/usbh_cdc.o
LOAD ./Middlewares/ST/STM32_USB_Host_Library/Core/Src/usbh_core.o
LOAD ./Middlewares/ST/STM32_USB_Host_Library/Core/Src/usbh_ctlreq.o
LOAD ./Middlewares/ST/STM32_USB_Host_Library/Core/Src/usbh_ioreq.o
LOAD ./Middlewares/ST/STM32_USB_Host_Library/Core/Src/usbh_pipes.o
LOAD ./USB_HOST/App/usb_host.o
LOAD ./USB_HOST/Target/usbh_conf.o
LOAD ./USB_HOST/Target/usbh_platform.o
START GROUP
LOAD d:/desktop_apppps/stm32cubeide_1.10.1/stm32cubeide/plugins/com.st.stm32cube.ide.mcu.externaltools.gnu-tools-for-stm32.10.3-2021.10.win32_1.0.0.202111181127/tools/bin/../lib/gcc/arm-none-eabi/10.3.1/../../../../arm-none-eabi/lib/thumb/v7e-m+fp/hard\libc_nano.a
LOAD d:/desktop_apppps/stm32cubeide_1.10.1/stm32cubeide/plugins/com.st.stm32cube.ide.mcu.externaltools.gnu-tools-for-stm32.10.3-2021.10.win32_1.0.0.202111181127/tools/bin/../lib/gcc/arm-none-eabi/10.3.1/../../../../arm-none-eabi/lib/thumb/v7e-m+fp/hard\libm.a
END GROUP
START GROUP
LOAD d:/desktop_apppps/stm32cubeide_1.10.1/stm32cubeide/plugins/com.st.stm32cube.ide.mcu.externaltools.gnu-tools-for-stm32.10.3-2021.10.win32_1.0.0.202111181127/tools/bin/../lib/gcc/arm-none-eabi/10.3.1/thumb/v7e-m+fp/hard\libgcc.a
LOAD d:/desktop_apppps/stm32cubeide_1.10.1/stm32cubeide/plugins/com.st.stm32cube.ide.mcu.externaltools.gnu-tools-for-stm32.10.3-2021.10.win32_1.0.0.202111181127/tools/bin/../lib/gcc/arm-none-eabi/10.3.1/../../../../arm-none-eabi/lib/thumb/v7e-m+fp/hard\libc_nano.a
END GROUP
START GROUP
LOAD d:/desktop_apppps/stm32cubeide_1.10.1/stm32cubeide/plugins/com.st.stm32cube.ide.mcu.externaltools.gnu-tools-for-stm32.10.3-2021.10.win32_1.0.0.202111181127/tools/bin/../lib/gcc/arm-none-eabi/10.3.1/thumb/v7e-m+fp/hard\libgcc.a
LOAD d:/desktop_apppps/stm32cubeide_1.10.1/stm32cubeide/plugins/com.st.stm32cube.ide.mcu.externaltools.gnu-tools-for-stm32.10.3-2021.10.win32_1.0.0.202111181127/tools/bin/../lib/gcc/arm-none-eabi/10.3.1/../../../../arm-none-eabi/lib/thumb/v7e-m+fp/hard\libc_nano.a
LOAD d:/desktop_apppps/stm32cubeide_1.10.1/stm32cubeide/plugins/com.st.stm32cube.ide.mcu.externaltools.gnu-tools-for-stm32.10.3-2021.10.win32_1.0.0.202111181127/tools/bin/../lib/gcc/arm-none-eabi/10.3.1/../../../../arm-none-eabi/lib/thumb/v7e-m+fp/hard\libnosys.a
END GROUP
START GROUP
LOAD d:/desktop_apppps/stm32cubeide_1.10.1/stm32cubeide/plugins/com.st.stm32cube.ide.mcu.externaltools.gnu-tools-for-stm32.10.3-2021.10.win32_1.0.0.202111181127/tools/bin/../lib/gcc/arm-none-eabi/10.3.1/thumb/v7e-m+fp/hard\libgcc.a
LOAD d:/desktop_apppps/stm32cubeide_1.10.1/stm32cubeide/plugins/com.st.stm32cube.ide.mcu.externaltools.gnu-tools-for-stm32.10.3-2021.10.win32_1.0.0.202111181127/tools/bin/../lib/gcc/arm-none-eabi/10.3.1/../../../../arm-none-eabi/lib/thumb/v7e-m+fp/hard\libc_nano.a
LOAD d:/desktop_apppps/stm32cubeide_1.10.1/stm32cubeide/plugins/com.st.stm32cube.ide.mcu.externaltools.gnu-tools-for-stm32.10.3-2021.10.win32_1.0.0.202111181127/tools/bin/../lib/gcc/arm-none-eabi/10.3.1/../../../../arm-none-eabi/lib/thumb/v7e-m+fp/hard\libnosys.a
END GROUP
LOAD d:/desktop_apppps/stm32cubeide_1.10.1/stm32cubeide/plugins/com.st.stm32cube.ide.mcu.externaltools.gnu-tools-for-stm32.10.3-2021.10.win32_1.0.0.202111181127/tools/bin/../lib/gcc/arm-none-eabi/10.3.1/thumb/v7e-m+fp/hard/crtend.o
LOAD d:/desktop_apppps/stm32cubeide_1.10.1/stm32cubeide/plugins/com.st.stm32cube.ide.mcu.externaltools.gnu-tools-for-stm32.10.3-2021.10.win32_1.0.0.202111181127/tools/bin/../lib/gcc/arm-none-eabi/10.3.1/thumb/v7e-m+fp/hard/crtn.o
                0x0000000020020000                _estack = (ORIGIN (RAM) + LENGTH (RAM))
                0x0000000000000200                _Min_Heap_Size = 0x200
                0x0000000000000400                _Min_Stack_Size = 0x400

.isr_vector     0x0000000008000000      0x198
                0x0000000008000000                . = ALIGN (0x4)
 *(.isr_vector)
 .isr_vector    0x0000000008000000      0x198 ./Core/Startup/startup_stm32f411vetx.o
                0x0000000008000000                g_pfnVectors
                0x0000000008000198                . = ALIGN (0x4)

.text           0x0000000008000198     0x8c3c
                0x0000000008000198                . = ALIGN (0x4)
 *(.text)
 .text          0x0000000008000198       0x40 d:/desktop_apppps/stm32cubeide_1.10.1/stm32cubeide/plugins/com.st.stm32cube.ide.mcu.externaltools.gnu-tools-for-stm32.10.3-2021.10.win32_1.0.0.202111181127/tools/bin/../lib/gcc/arm-none-eabi/10.3.1/thumb/v7e-m+fp/hard/crtbegin.o
 .text          0x00000000080001d8       0x30 d:/desktop_apppps/stm32cubeide_1.10.1/stm32cubeide/plugins/com.st.stm32cube.ide.mcu.externaltools.gnu-tools-for-stm32.10.3-2021.10.win32_1.0.0.202111181127/tools/bin/../lib/gcc/arm-none-eabi/10.3.1/thumb/v7e-m+fp/hard\libgcc.a(_aeabi_uldivmod.o)
                0x00000000080001d8                __aeabi_uldivmod
 .text          0x0000000008000208      0x2d0 d:/desktop_apppps/stm32cubeide_1.10.1/stm32cubeide/plugins/com.st.stm32cube.ide.mcu.externaltools.gnu-tools-for-stm32.10.3-2021.10.win32_1.0.0.202111181127/tools/bin/../lib/gcc/arm-none-eabi/10.3.1/thumb/v7e-m+fp/hard\libgcc.a(_udivmoddi4.o)
                0x0000000008000208                __udivmoddi4
 .text          0x00000000080004d8        0x4 d:/desktop_apppps/stm32cubeide_1.10.1/stm32cubeide/plugins/com.st.stm32cube.ide.mcu.externaltools.gnu-tools-for-stm32.10.3-2021.10.win32_1.0.0.202111181127/tools/bin/../lib/gcc/arm-none-eabi/10.3.1/thumb/v7e-m+fp/hard\libgcc.a(_dvmd_tls.o)
                0x00000000080004d8                __aeabi_idiv0
                0x00000000080004d8                __aeabi_ldiv0
 *(.text*)
 .text.HAL_GPIO_EXTI_Callback
                0x00000000080004dc       0x90 ./Core/Src/main.o
                0x00000000080004dc                HAL_GPIO_EXTI_Callback
 .text.led_pwm.0
                0x000000000800056c       0x88 ./Core/Src/main.o
 .text.main     0x00000000080005f4       0xf0 ./Core/Src/main.o
                0x00000000080005f4                main
 .text.SystemClock_Config
                0x00000000080006e4       0xd0 ./Core/Src/main.o
                0x00000000080006e4                SystemClock_Config
 .text.PeriphCommonClock_Config
                0x00000000080007b4       0x40 ./Core/Src/main.o
                0x00000000080007b4                PeriphCommonClock_Config
 .text.MX_I2C1_Init
                0x00000000080007f4       0x5c ./Core/Src/main.o
 .text.MX_I2S2_Init
                0x0000000008000850       0x5c ./Core/Src/main.o
 .text.MX_I2S3_Init
                0x00000000080008ac       0x60 ./Core/Src/main.o
 .text.MX_SPI1_Init
                0x000000000800090c       0x6c ./Core/Src/main.o
 .text.MX_TIM4_Init
                0x0000000008000978      0x130 ./Core/Src/main.o
 .text.MX_GPIO_Init
                0x0000000008000aa8      0x1c0 ./Core/Src/main.o
 .text.Error_Handler
                0x0000000008000c68        0xa ./Core/Src/main.o
                0x0000000008000c68                Error_Handler
 *fill*         0x0000000008000c72        0x2 
 .text.HAL_MspInit
                0x0000000008000c74       0x50 ./Core/Src/stm32f4xx_hal_msp.o
                0x0000000008000c74                HAL_MspInit
 .text.HAL_I2C_MspInit
                0x0000000008000cc4       0x90 ./Core/Src/stm32f4xx_hal_msp.o
                0x0000000008000cc4                HAL_I2C_MspInit
 .text.HAL_I2S_MspInit
                0x0000000008000d54      0x19c ./Core/Src/stm32f4xx_hal_msp.o
                0x0000000008000d54                HAL_I2S_MspInit
 .text.HAL_SPI_MspInit
                0x0000000008000ef0       0x90 ./Core/Src/stm32f4xx_hal_msp.o
                0x0000000008000ef0                HAL_SPI_MspInit
 .text.HAL_TIM_Base_MspInit
                0x0000000008000f80       0x44 ./Core/Src/stm32f4xx_hal_msp.o
                0x0000000008000f80                HAL_TIM_Base_MspInit
 .text.HAL_TIM_MspPostInit
                0x0000000008000fc4       0x74 ./Core/Src/stm32f4xx_hal_msp.o
                0x0000000008000fc4                HAL_TIM_MspPostInit
 .text.NMI_Handler
                0x0000000008001038        0x6 ./Core/Src/stm32f4xx_it.o
                0x0000000008001038                NMI_Handler
 .text.HardFault_Handler
                0x000000000800103e        0x6 ./Core/Src/stm32f4xx_it.o
                0x000000000800103e                HardFault_Handler
 .text.MemManage_Handler
                0x0000000008001044        0x6 ./Core/Src/stm32f4xx_it.o
                0x0000000008001044                MemManage_Handler
 .text.BusFault_Handler
                0x000000000800104a        0x6 ./Core/Src/stm32f4xx_it.o
                0x000000000800104a                BusFault_Handler
 .text.UsageFault_Handler
                0x0000000008001050        0x6 ./Core/Src/stm32f4xx_it.o
                0x0000000008001050                UsageFault_Handler
 .text.SVC_Handler
                0x0000000008001056        0xe ./Core/Src/stm32f4xx_it.o
                0x0000000008001056                SVC_Handler
 .text.DebugMon_Handler
                0x0000000008001064        0xe ./Core/Src/stm32f4xx_it.o
                0x0000000008001064                DebugMon_Handler
 .text.PendSV_Handler
                0x0000000008001072        0xe ./Core/Src/stm32f4xx_it.o
                0x0000000008001072                PendSV_Handler
 .text.SysTick_Handler
                0x0000000008001080        0xc ./Core/Src/stm32f4xx_it.o
                0x0000000008001080                SysTick_Handler
 .text.EXTI0_IRQHandler
                0x000000000800108c        0xe ./Core/Src/stm32f4xx_it.o
                0x000000000800108c                EXTI0_IRQHandler
 *fill*         0x000000000800109a        0x2 
 .text.OTG_FS_IRQHandler
                0x000000000800109c       0x14 ./Core/Src/stm32f4xx_it.o
                0x000000000800109c                OTG_FS_IRQHandler
 .text._sbrk    0x00000000080010b0       0x6c ./Core/Src/sysmem.o
                0x00000000080010b0                _sbrk
 .text.SystemInit
                0x000000000800111c       0x24 ./Core/Src/system_stm32f4xx.o
                0x000000000800111c                SystemInit
 .text.Reset_Handler
                0x0000000008001140       0x50 ./Core/Startup/startup_stm32f411vetx.o
                0x0000000008001140                Reset_Handler
 .text.Default_Handler
                0x0000000008001190        0x2 ./Core/Startup/startup_stm32f411vetx.o
                0x0000000008001190                RTC_Alarm_IRQHandler
                0x0000000008001190                EXTI2_IRQHandler
                0x0000000008001190                SPI4_IRQHandler
                0x0000000008001190                TIM1_CC_IRQHandler
                0x0000000008001190                DMA2_Stream5_IRQHandler
                0x0000000008001190                DMA1_Stream5_IRQHandler
                0x0000000008001190                PVD_IRQHandler
                0x0000000008001190                SDIO_IRQHandler
                0x0000000008001190                TAMP_STAMP_IRQHandler
                0x0000000008001190                EXTI3_IRQHandler
                0x0000000008001190                TIM1_UP_TIM10_IRQHandler
                0x0000000008001190                I2C3_ER_IRQHandler
                0x0000000008001190                I2C2_EV_IRQHandler
                0x0000000008001190                DMA1_Stream2_IRQHandler
                0x0000000008001190                FPU_IRQHandler
                0x0000000008001190                DMA2_Stream2_IRQHandler
                0x0000000008001190                SPI1_IRQHandler
                0x0000000008001190                TIM1_BRK_TIM9_IRQHandler
                0x0000000008001190                DMA2_Stream3_IRQHandler
                0x0000000008001190                USART6_IRQHandler
                0x0000000008001190                DMA2_Stream0_IRQHandler
                0x0000000008001190                TIM4_IRQHandler
                0x0000000008001190                I2C1_EV_IRQHandler
                0x0000000008001190                DMA1_Stream6_IRQHandler
                0x0000000008001190                DMA1_Stream1_IRQHandler
                0x0000000008001190                TIM3_IRQHandler
                0x0000000008001190                RCC_IRQHandler
                0x0000000008001190                Default_Handler
                0x0000000008001190                EXTI15_10_IRQHandler
                0x0000000008001190                ADC_IRQHandler
                0x0000000008001190                DMA1_Stream7_IRQHandler
                0x0000000008001190                SPI5_IRQHandler
                0x0000000008001190                TIM5_IRQHandler
                0x0000000008001190                DMA2_Stream7_IRQHandler
                0x0000000008001190                I2C3_EV_IRQHandler
                0x0000000008001190                EXTI9_5_IRQHandler
                0x0000000008001190                RTC_WKUP_IRQHandler
                0x0000000008001190                SPI2_IRQHandler
                0x0000000008001190                DMA1_Stream0_IRQHandler
                0x0000000008001190                EXTI4_IRQHandler
                0x0000000008001190                WWDG_IRQHandler
                0x0000000008001190                TIM2_IRQHandler
                0x0000000008001190                OTG_FS_WKUP_IRQHandler
                0x0000000008001190                TIM1_TRG_COM_TIM11_IRQHandler
                0x0000000008001190                EXTI1_IRQHandler
                0x0000000008001190                USART2_IRQHandler
                0x0000000008001190                I2C2_ER_IRQHandler
                0x0000000008001190                DMA2_Stream1_IRQHandler
                0x0000000008001190                FLASH_IRQHandler
                0x0000000008001190                DMA2_Stream4_IRQHandler
                0x0000000008001190                USART1_IRQHandler
                0x0000000008001190                SPI3_IRQHandler
                0x0000000008001190                DMA1_Stream4_IRQHandler
                0x0000000008001190                I2C1_ER_IRQHandler
                0x0000000008001190                DMA2_Stream6_IRQHandler
                0x0000000008001190                DMA1_Stream3_IRQHandler
 *fill*         0x0000000008001192        0x2 
 .text.HAL_Init
                0x0000000008001194       0x44 ./Drivers/STM32F4xx_HAL_Driver/Src/stm32f4xx_hal.o
                0x0000000008001194                HAL_Init
 .text.HAL_InitTick
                0x00000000080011d8       0x60 ./Drivers/STM32F4xx_HAL_Driver/Src/stm32f4xx_hal.o
                0x00000000080011d8                HAL_InitTick
 .text.HAL_IncTick
                0x0000000008001238       0x28 ./Drivers/STM32F4xx_HAL_Driver/Src/stm32f4xx_hal.o
                0x0000000008001238                HAL_IncTick
 .text.HAL_GetTick
                0x0000000008001260       0x18 ./Drivers/STM32F4xx_HAL_Driver/Src/stm32f4xx_hal.o
                0x0000000008001260                HAL_GetTick
 .text.HAL_Delay
                0x0000000008001278       0x48 ./Drivers/STM32F4xx_HAL_Driver/Src/stm32f4xx_hal.o
                0x0000000008001278                HAL_Delay
 .text.__NVIC_SetPriorityGrouping
                0x00000000080012c0       0x48 ./Drivers/STM32F4xx_HAL_Driver/Src/stm32f4xx_hal_cortex.o
 .text.__NVIC_GetPriorityGrouping
                0x0000000008001308       0x1c ./Drivers/STM32F4xx_HAL_Driver/Src/stm32f4xx_hal_cortex.o
 .text.__NVIC_EnableIRQ
                0x0000000008001324       0x3c ./Drivers/STM32F4xx_HAL_Driver/Src/stm32f4xx_hal_cortex.o
 .text.__NVIC_DisableIRQ
                0x0000000008001360       0x48 ./Drivers/STM32F4xx_HAL_Driver/Src/stm32f4xx_hal_cortex.o
 .text.__NVIC_SetPriority
                0x00000000080013a8       0x54 ./Drivers/STM32F4xx_HAL_Driver/Src/stm32f4xx_hal_cortex.o
 .text.NVIC_EncodePriority
                0x00000000080013fc       0x66 ./Drivers/STM32F4xx_HAL_Driver/Src/stm32f4xx_hal_cortex.o
 *fill*         0x0000000008001462        0x2 
 .text.SysTick_Config
                0x0000000008001464       0x44 ./Drivers/STM32F4xx_HAL_Driver/Src/stm32f4xx_hal_cortex.o
 .text.HAL_NVIC_SetPriorityGrouping
                0x00000000080014a8       0x16 ./Drivers/STM32F4xx_HAL_Driver/Src/stm32f4xx_hal_cortex.o
                0x00000000080014a8                HAL_NVIC_SetPriorityGrouping
 .text.HAL_NVIC_SetPriority
                0x00000000080014be       0x38 ./Drivers/STM32F4xx_HAL_Driver/Src/stm32f4xx_hal_cortex.o
                0x00000000080014be                HAL_NVIC_SetPriority
 .text.HAL_NVIC_EnableIRQ
                0x00000000080014f6       0x1c ./Drivers/STM32F4xx_HAL_Driver/Src/stm32f4xx_hal_cortex.o
                0x00000000080014f6                HAL_NVIC_EnableIRQ
 .text.HAL_NVIC_DisableIRQ
                0x0000000008001512       0x1c ./Drivers/STM32F4xx_HAL_Driver/Src/stm32f4xx_hal_cortex.o
                0x0000000008001512                HAL_NVIC_DisableIRQ
 .text.HAL_SYSTICK_Config
                0x000000000800152e       0x18 ./Drivers/STM32F4xx_HAL_Driver/Src/stm32f4xx_hal_cortex.o
                0x000000000800152e                HAL_SYSTICK_Config
 *fill*         0x0000000008001546        0x2 
 .text.HAL_GPIO_Init
                0x0000000008001548      0x308 ./Drivers/STM32F4xx_HAL_Driver/Src/stm32f4xx_hal_gpio.o
                0x0000000008001548                HAL_GPIO_Init
 .text.HAL_GPIO_WritePin
                0x0000000008001850       0x32 ./Drivers/STM32F4xx_HAL_Driver/Src/stm32f4xx_hal_gpio.o
                0x0000000008001850                HAL_GPIO_WritePin
 *fill*         0x0000000008001882        0x2 
 .text.HAL_GPIO_EXTI_IRQHandler
                0x0000000008001884       0x30 ./Drivers/STM32F4xx_HAL_Driver/Src/stm32f4xx_hal_gpio.o
                0x0000000008001884                HAL_GPIO_EXTI_IRQHandler
 .text.HAL_HCD_Init
                0x00000000080018b4       0xc4 ./Drivers/STM32F4xx_HAL_Driver/Src/stm32f4xx_hal_hcd.o
                0x00000000080018b4                HAL_HCD_Init
 .text.HAL_HCD_HC_Init
                0x0000000008001978      0x11e ./Drivers/STM32F4xx_HAL_Driver/Src/stm32f4xx_hal_hcd.o
                0x0000000008001978                HAL_HCD_HC_Init
 .text.HAL_HCD_HC_Halt
                0x0000000008001a96       0x46 ./Drivers/STM32F4xx_HAL_Driver/Src/stm32f4xx_hal_hcd.o
                0x0000000008001a96                HAL_HCD_HC_Halt
 .text.HAL_HCD_HC_SubmitRequest
                0x0000000008001adc      0x2ac ./Drivers/STM32F4xx_HAL_Driver/Src/stm32f4xx_hal_hcd.o
                0x0000000008001adc                HAL_HCD_HC_SubmitRequest
 .text.HAL_HCD_IRQHandler
                0x0000000008001d88      0x216 ./Drivers/STM32F4xx_HAL_Driver/Src/stm32f4xx_hal_hcd.o
                0x0000000008001d88                HAL_HCD_IRQHandler
 .text.HAL_HCD_Start
                0x0000000008001f9e       0x46 ./Drivers/STM32F4xx_HAL_Driver/Src/stm32f4xx_hal_hcd.o
                0x0000000008001f9e                HAL_HCD_Start
 .text.HAL_HCD_Stop
                0x0000000008001fe4       0x3a ./Drivers/STM32F4xx_HAL_Driver/Src/stm32f4xx_hal_hcd.o
                0x0000000008001fe4                HAL_HCD_Stop
 .text.HAL_HCD_ResetPort
                0x000000000800201e       0x1c ./Drivers/STM32F4xx_HAL_Driver/Src/stm32f4xx_hal_hcd.o
                0x000000000800201e                HAL_HCD_ResetPort
 .text.HAL_HCD_HC_GetURBState
                0x000000000800203a       0x28 ./Drivers/STM32F4xx_HAL_Driver/Src/stm32f4xx_hal_hcd.o
                0x000000000800203a                HAL_HCD_HC_GetURBState
 .text.HAL_HCD_HC_GetXferCount
                0x0000000008002062       0x28 ./Drivers/STM32F4xx_HAL_Driver/Src/stm32f4xx_hal_hcd.o
                0x0000000008002062                HAL_HCD_HC_GetXferCount
 .text.HAL_HCD_GetCurrentFrame
                0x000000000800208a       0x1c ./Drivers/STM32F4xx_HAL_Driver/Src/stm32f4xx_hal_hcd.o
                0x000000000800208a                HAL_HCD_GetCurrentFrame
 .text.HAL_HCD_GetCurrentSpeed
                0x00000000080020a6       0x1c ./Drivers/STM32F4xx_HAL_Driver/Src/stm32f4xx_hal_hcd.o
                0x00000000080020a6                HAL_HCD_GetCurrentSpeed
 .text.HCD_HC_IN_IRQHandler
                0x00000000080020c2      0x6aa ./Drivers/STM32F4xx_HAL_Driver/Src/stm32f4xx_hal_hcd.o
 .text.HCD_HC_OUT_IRQHandler
                0x000000000800276c      0x6d2 ./Drivers/STM32F4xx_HAL_Driver/Src/stm32f4xx_hal_hcd.o
 .text.HCD_RXQLVL_IRQHandler
                0x0000000008002e3e      0x1a4 ./Drivers/STM32F4xx_HAL_Driver/Src/stm32f4xx_hal_hcd.o
 .text.HCD_Port_IRQHandler
                0x0000000008002fe2       0xe6 ./Drivers/STM32F4xx_HAL_Driver/Src/stm32f4xx_hal_hcd.o
 .text.HAL_I2C_Init
                0x00000000080030c8      0x288 ./Drivers/STM32F4xx_HAL_Driver/Src/stm32f4xx_hal_i2c.o
                0x00000000080030c8                HAL_I2C_Init
 .text.HAL_I2S_Init
                0x0000000008003350      0x280 ./Drivers/STM32F4xx_HAL_Driver/Src/stm32f4xx_hal_i2s.o
                0x0000000008003350                HAL_I2S_Init
 .text.HAL_I2S_TxCpltCallback
                0x00000000080035d0       0x14 ./Drivers/STM32F4xx_HAL_Driver/Src/stm32f4xx_hal_i2s.o
                0x00000000080035d0                HAL_I2S_TxCpltCallback
 .text.HAL_I2S_RxCpltCallback
                0x00000000080035e4       0x14 ./Drivers/STM32F4xx_HAL_Driver/Src/stm32f4xx_hal_i2s.o
                0x00000000080035e4                HAL_I2S_RxCpltCallback
 .text.HAL_I2S_ErrorCallback
                0x00000000080035f8       0x14 ./Drivers/STM32F4xx_HAL_Driver/Src/stm32f4xx_hal_i2s.o
                0x00000000080035f8                HAL_I2S_ErrorCallback
 .text.I2S_Transmit_IT
                0x000000000800360c       0x5c ./Drivers/STM32F4xx_HAL_Driver/Src/stm32f4xx_hal_i2s.o
 .text.I2S_Receive_IT
                0x0000000008003668       0x5e ./Drivers/STM32F4xx_HAL_Driver/Src/stm32f4xx_hal_i2s.o
 .text.I2S_IRQHandler
                0x00000000080036c6      0x114 ./Drivers/STM32F4xx_HAL_Driver/Src/stm32f4xx_hal_i2s.o
 *fill*         0x00000000080037da        0x2 
 .text.HAL_I2SEx_FullDuplex_IRQHandler
                0x00000000080037dc      0x2a8 ./Drivers/STM32F4xx_HAL_Driver/Src/stm32f4xx_hal_i2s_ex.o
                0x00000000080037dc                HAL_I2SEx_FullDuplex_IRQHandler
 .text.HAL_I2SEx_TxRxCpltCallback
                0x0000000008003a84       0x14 ./Drivers/STM32F4xx_HAL_Driver/Src/stm32f4xx_hal_i2s_ex.o
                0x0000000008003a84                HAL_I2SEx_TxRxCpltCallback
 .text.I2SEx_TxISR_I2S
                0x0000000008003a98       0x62 ./Drivers/STM32F4xx_HAL_Driver/Src/stm32f4xx_hal_i2s_ex.o
 *fill*         0x0000000008003afa        0x2 
 .text.I2SEx_TxISR_I2SExt
                0x0000000008003afc       0x98 ./Drivers/STM32F4xx_HAL_Driver/Src/stm32f4xx_hal_i2s_ex.o
 .text.I2SEx_RxISR_I2S
                0x0000000008003b94       0x64 ./Drivers/STM32F4xx_HAL_Driver/Src/stm32f4xx_hal_i2s_ex.o
 .text.I2SEx_RxISR_I2SExt
                0x0000000008003bf8       0x98 ./Drivers/STM32F4xx_HAL_Driver/Src/stm32f4xx_hal_i2s_ex.o
 .text.HAL_RCC_OscConfig
                0x0000000008003c90      0x4f0 ./Drivers/STM32F4xx_HAL_Driver/Src/stm32f4xx_hal_rcc.o
                0x0000000008003c90                HAL_RCC_OscConfig
 .text.HAL_RCC_ClockConfig
                0x0000000008004180      0x1cc ./Drivers/STM32F4xx_HAL_Driver/Src/stm32f4xx_hal_rcc.o
                0x0000000008004180                HAL_RCC_ClockConfig
 .text.HAL_RCC_GetSysClockFreq
                0x000000000800434c      0x20c ./Drivers/STM32F4xx_HAL_Driver/Src/stm32f4xx_hal_rcc.o
                0x000000000800434c                HAL_RCC_GetSysClockFreq
 .text.HAL_RCC_GetHCLKFreq
                0x0000000008004558       0x18 ./Drivers/STM32F4xx_HAL_Driver/Src/stm32f4xx_hal_rcc.o
                0x0000000008004558                HAL_RCC_GetHCLKFreq
 .text.HAL_RCC_GetPCLK1Freq
                0x0000000008004570       0x28 ./Drivers/STM32F4xx_HAL_Driver/Src/stm32f4xx_hal_rcc.o
                0x0000000008004570                HAL_RCC_GetPCLK1Freq
 .text.HAL_RCCEx_PeriphCLKConfig
                0x0000000008004598      0x1e0 ./Drivers/STM32F4xx_HAL_Driver/Src/stm32f4xx_hal_rcc_ex.o
                0x0000000008004598                HAL_RCCEx_PeriphCLKConfig
 .text.HAL_RCCEx_GetPeriphCLKFreq
                0x0000000008004778       0xc0 ./Drivers/STM32F4xx_HAL_Driver/Src/stm32f4xx_hal_rcc_ex.o
                0x0000000008004778                HAL_RCCEx_GetPeriphCLKFreq
 .text.HAL_SPI_Init
                0x0000000008004838      0x112 ./Drivers/STM32F4xx_HAL_Driver/Src/stm32f4xx_hal_spi.o
                0x0000000008004838                HAL_SPI_Init
 .text.HAL_TIM_Base_Init
                0x000000000800494a       0x9e ./Drivers/STM32F4xx_HAL_Driver/Src/stm32f4xx_hal_tim.o
                0x000000000800494a                HAL_TIM_Base_Init
 .text.HAL_TIM_PWM_Init
                0x00000000080049e8       0x9e ./Drivers/STM32F4xx_HAL_Driver/Src/stm32f4xx_hal_tim.o
                0x00000000080049e8                HAL_TIM_PWM_Init
 .text.HAL_TIM_PWM_MspInit
                0x0000000008004a86       0x14 ./Drivers/STM32F4xx_HAL_Driver/Src/stm32f4xx_hal_tim.o
                0x0000000008004a86                HAL_TIM_PWM_MspInit
 *fill*         0x0000000008004a9a        0x2 
 .text.HAL_TIM_PWM_Start
                0x0000000008004a9c      0x160 ./Drivers/STM32F4xx_HAL_Driver/Src/stm32f4xx_hal_tim.o
                0x0000000008004a9c                HAL_TIM_PWM_Start
 .text.HAL_TIM_PWM_ConfigChannel
                0x0000000008004bfc      0x184 ./Drivers/STM32F4xx_HAL_Driver/Src/stm32f4xx_hal_tim.o
                0x0000000008004bfc                HAL_TIM_PWM_ConfigChannel
 .text.HAL_TIM_ConfigClockSource
                0x0000000008004d80      0x18e ./Drivers/STM32F4xx_HAL_Driver/Src/stm32f4xx_hal_tim.o
                0x0000000008004d80                HAL_TIM_ConfigClockSource
 *fill*         0x0000000008004f0e        0x2 
 .text.TIM_Base_SetConfig
                0x0000000008004f10      0x100 ./Drivers/STM32F4xx_HAL_Driver/Src/stm32f4xx_hal_tim.o
                0x0000000008004f10                TIM_Base_SetConfig
 .text.TIM_OC1_SetConfig
                0x0000000008005010       0xcc ./Drivers/STM32F4xx_HAL_Driver/Src/stm32f4xx_hal_tim.o
 .text.TIM_OC2_SetConfig
                0x00000000080050dc       0xd8 ./Drivers/STM32F4xx_HAL_Driver/Src/stm32f4xx_hal_tim.o
                0x00000000080050dc                TIM_OC2_SetConfig
 .text.TIM_OC3_SetConfig
                0x00000000080051b4       0xd4 ./Drivers/STM32F4xx_HAL_Driver/Src/stm32f4xx_hal_tim.o
 .text.TIM_OC4_SetConfig
                0x0000000008005288       0xa0 ./Drivers/STM32F4xx_HAL_Driver/Src/stm32f4xx_hal_tim.o
 .text.TIM_TI1_ConfigInputStage
                0x0000000008005328       0x5e ./Drivers/STM32F4xx_HAL_Driver/Src/stm32f4xx_hal_tim.o
 .text.TIM_TI2_ConfigInputStage
                0x0000000008005386       0x60 ./Drivers/STM32F4xx_HAL_Driver/Src/stm32f4xx_hal_tim.o
 .text.TIM_ITRx_SetConfig
                0x00000000080053e6       0x36 ./Drivers/STM32F4xx_HAL_Driver/Src/stm32f4xx_hal_tim.o
 .text.TIM_ETR_SetConfig
                0x000000000800541c       0x40 ./Drivers/STM32F4xx_HAL_Driver/Src/stm32f4xx_hal_tim.o
                0x000000000800541c                TIM_ETR_SetConfig
 .text.TIM_CCxChannelCmd
                0x000000000800545c       0x4a ./Drivers/STM32F4xx_HAL_Driver/Src/stm32f4xx_hal_tim.o
                0x000000000800545c                TIM_CCxChannelCmd
 *fill*         0x00000000080054a6        0x2 
 .text.HAL_TIMEx_MasterConfigSynchronization
                0x00000000080054a8       0xdc ./Drivers/STM32F4xx_HAL_Driver/Src/stm32f4xx_hal_tim_ex.o
                0x00000000080054a8                HAL_TIMEx_MasterConfigSynchronization
 .text.USB_CoreInit
                0x0000000008005584       0xc2 ./Drivers/STM32F4xx_HAL_Driver/Src/stm32f4xx_ll_usb.o
                0x0000000008005584                USB_CoreInit
 .text.USB_EnableGlobalInt
                0x0000000008005646       0x22 ./Drivers/STM32F4xx_HAL_Driver/Src/stm32f4xx_ll_usb.o
                0x0000000008005646                USB_EnableGlobalInt
 .text.USB_DisableGlobalInt
                0x0000000008005668       0x22 ./Drivers/STM32F4xx_HAL_Driver/Src/stm32f4xx_ll_usb.o
                0x0000000008005668                USB_DisableGlobalInt
 .text.USB_SetCurrentMode
                0x000000000800568a       0x98 ./Drivers/STM32F4xx_HAL_Driver/Src/stm32f4xx_ll_usb.o
                0x000000000800568a                USB_SetCurrentMode
 *fill*         0x0000000008005722        0x2 
 .text.USB_FlushTxFifo
                0x0000000008005724       0x68 ./Drivers/STM32F4xx_HAL_Driver/Src/stm32f4xx_ll_usb.o
                0x0000000008005724                USB_FlushTxFifo
 .text.USB_FlushRxFifo
                0x000000000800578c       0x60 ./Drivers/STM32F4xx_HAL_Driver/Src/stm32f4xx_ll_usb.o
                0x000000000800578c                USB_FlushRxFifo
 .text.USB_WritePacket
                0x00000000080057ec       0x7c ./Drivers/STM32F4xx_HAL_Driver/Src/stm32f4xx_ll_usb.o
                0x00000000080057ec                USB_WritePacket
 .text.USB_ReadPacket
                0x0000000008005868       0xb0 ./Drivers/STM32F4xx_HAL_Driver/Src/stm32f4xx_ll_usb.o
                0x0000000008005868                USB_ReadPacket
 .text.USB_ReadInterrupts
                0x0000000008005918       0x26 ./Drivers/STM32F4xx_HAL_Driver/Src/stm32f4xx_ll_usb.o
                0x0000000008005918                USB_ReadInterrupts
 .text.USB_GetMode
                0x000000000800593e       0x1c ./Drivers/STM32F4xx_HAL_Driver/Src/stm32f4xx_ll_usb.o
                0x000000000800593e                USB_GetMode
 *fill*         0x000000000800595a        0x2 
 .text.USB_CoreReset
                0x000000000800595c       0x68 ./Drivers/STM32F4xx_HAL_Driver/Src/stm32f4xx_ll_usb.o
 .text.USB_HostInit
                0x00000000080059c4      0x180 ./Drivers/STM32F4xx_HAL_Driver/Src/stm32f4xx_ll_usb.o
                0x00000000080059c4                USB_HostInit
 .text.USB_InitFSLSPClkSel
                0x0000000008005b44       0x74 ./Drivers/STM32F4xx_HAL_Driver/Src/stm32f4xx_ll_usb.o
                0x0000000008005b44                USB_InitFSLSPClkSel
 .text.USB_ResetPort
                0x0000000008005bb8       0x54 ./Drivers/STM32F4xx_HAL_Driver/Src/stm32f4xx_ll_usb.o
                0x0000000008005bb8                USB_ResetPort
 .text.USB_DriveVbus
                0x0000000008005c0c       0x72 ./Drivers/STM32F4xx_HAL_Driver/Src/stm32f4xx_ll_usb.o
                0x0000000008005c0c                USB_DriveVbus
 .text.USB_GetHostSpeed
                0x0000000008005c7e       0x2e ./Drivers/STM32F4xx_HAL_Driver/Src/stm32f4xx_ll_usb.o
                0x0000000008005c7e                USB_GetHostSpeed
 .text.USB_GetCurrentFrame
                0x0000000008005cac       0x22 ./Drivers/STM32F4xx_HAL_Driver/Src/stm32f4xx_ll_usb.o
                0x0000000008005cac                USB_GetCurrentFrame
 *fill*         0x0000000008005cce        0x2 
 .text.USB_HC_Init
                0x0000000008005cd0      0x244 ./Drivers/STM32F4xx_HAL_Driver/Src/stm32f4xx_ll_usb.o
                0x0000000008005cd0                USB_HC_Init
 .text.USB_HC_StartXfer
                0x0000000008005f14      0x284 ./Drivers/STM32F4xx_HAL_Driver/Src/stm32f4xx_ll_usb.o
                0x0000000008005f14                USB_HC_StartXfer
 .text.USB_HC_ReadInterrupt
                0x0000000008006198       0x22 ./Drivers/STM32F4xx_HAL_Driver/Src/stm32f4xx_ll_usb.o
                0x0000000008006198                USB_HC_ReadInterrupt
 .text.USB_HC_Halt
                0x00000000080061ba      0x1f8 ./Drivers/STM32F4xx_HAL_Driver/Src/stm32f4xx_ll_usb.o
                0x00000000080061ba                USB_HC_Halt
 *fill*         0x00000000080063b2        0x2 
 .text.USB_DoPing
                0x00000000080063b4       0x78 ./Drivers/STM32F4xx_HAL_Driver/Src/stm32f4xx_ll_usb.o
                0x00000000080063b4                USB_DoPing
 .text.USB_StopHost
                0x000000000800642c      0x124 ./Drivers/STM32F4xx_HAL_Driver/Src/stm32f4xx_ll_usb.o
                0x000000000800642c                USB_StopHost
 .text.USBH_CDC_InterfaceInit
                0x0000000008006550      0x2ac ./Middlewares/ST/STM32_USB_Host_Library/Class/CDC/Src/usbh_cdc.o
 .text.USBH_CDC_InterfaceDeInit
                0x00000000080067fc       0xb2 ./Middlewares/ST/STM32_USB_Host_Library/Class/CDC/Src/usbh_cdc.o
 .text.USBH_CDC_ClassRequest
                0x00000000080068ae       0x3e ./Middlewares/ST/STM32_USB_Host_Library/Class/CDC/Src/usbh_cdc.o
 .text.USBH_CDC_Process
                0x00000000080068ec      0x12c ./Middlewares/ST/STM32_USB_Host_Library/Class/CDC/Src/usbh_cdc.o
 .text.USBH_CDC_SOFProcess
                0x0000000008006a18       0x16 ./Middlewares/ST/STM32_USB_Host_Library/Class/CDC/Src/usbh_cdc.o
 .text.GetLineCoding
                0x0000000008006a2e       0x3e ./Middlewares/ST/STM32_USB_Host_Library/Class/CDC/Src/usbh_cdc.o
 .text.SetLineCoding
                0x0000000008006a6c       0x3e ./Middlewares/ST/STM32_USB_Host_Library/Class/CDC/Src/usbh_cdc.o
 .text.CDC_ProcessTransmission
                0x0000000008006aaa       0xec ./Middlewares/ST/STM32_USB_Host_Library/Class/CDC/Src/usbh_cdc.o
 .text.CDC_ProcessReception
                0x0000000008006b96       0xb6 ./Middlewares/ST/STM32_USB_Host_Library/Class/CDC/Src/usbh_cdc.o
 .text.USBH_CDC_TransmitCallback
                0x0000000008006c4c       0x14 ./Middlewares/ST/STM32_USB_Host_Library/Class/CDC/Src/usbh_cdc.o
                0x0000000008006c4c                USBH_CDC_TransmitCallback
 .text.USBH_CDC_ReceiveCallback
                0x0000000008006c60       0x14 ./Middlewares/ST/STM32_USB_Host_Library/Class/CDC/Src/usbh_cdc.o
                0x0000000008006c60                USBH_CDC_ReceiveCallback
 .text.USBH_CDC_LineCodingChanged
                0x0000000008006c74       0x14 ./Middlewares/ST/STM32_USB_Host_Library/Class/CDC/Src/usbh_cdc.o
                0x0000000008006c74                USBH_CDC_LineCodingChanged
 .text.USBH_Init
                0x0000000008006c88       0x74 ./Middlewares/ST/STM32_USB_Host_Library/Core/Src/usbh_core.o
                0x0000000008006c88                USBH_Init
 .text.DeInitStateMachine
                0x0000000008006cfc       0xa8 ./Middlewares/ST/STM32_USB_Host_Library/Core/Src/usbh_core.o
 .text.USBH_RegisterClass
                0x0000000008006da4       0x54 ./Middlewares/ST/STM32_USB_Host_Library/Core/Src/usbh_core.o
                0x0000000008006da4                USBH_RegisterClass
 .text.USBH_SelectInterface
                0x0000000008006df8       0x38 ./Middlewares/ST/STM32_USB_Host_Library/Core/Src/usbh_core.o
                0x0000000008006df8                USBH_SelectInterface
 .text.USBH_FindInterface
                0x0000000008006e30       0x8c ./Middlewares/ST/STM32_USB_Host_Library/Core/Src/usbh_core.o
                0x0000000008006e30                USBH_FindInterface
 .text.USBH_Start
                0x0000000008006ebc       0x20 ./Middlewares/ST/STM32_USB_Host_Library/Core/Src/usbh_core.o
                0x0000000008006ebc                USBH_Start
 .text.USBH_Process
                0x0000000008006edc      0x3d8 ./Middlewares/ST/STM32_USB_Host_Library/Core/Src/usbh_core.o
                0x0000000008006edc                USBH_Process
 .text.USBH_HandleEnum
                0x00000000080072b4      0x3c8 ./Middlewares/ST/STM32_USB_Host_Library/Core/Src/usbh_core.o
 .text.USBH_LL_SetTimer
                0x000000000800767c       0x1e ./Middlewares/ST/STM32_USB_Host_Library/Core/Src/usbh_core.o
                0x000000000800767c                USBH_LL_SetTimer
 .text.USBH_LL_IncTimer
                0x000000000800769a       0x24 ./Middlewares/ST/STM32_USB_Host_Library/Core/Src/usbh_core.o
                0x000000000800769a                USBH_LL_IncTimer
 .text.USBH_HandleSof
                0x00000000080076be       0x30 ./Middlewares/ST/STM32_USB_Host_Library/Core/Src/usbh_core.o
 .text.USBH_LL_PortEnabled
                0x00000000080076ee       0x1c ./Middlewares/ST/STM32_USB_Host_Library/Core/Src/usbh_core.o
                0x00000000080076ee                USBH_LL_PortEnabled
 .text.USBH_LL_PortDisabled
                0x000000000800770a       0x1c ./Middlewares/ST/STM32_USB_Host_Library/Core/Src/usbh_core.o
                0x000000000800770a                USBH_LL_PortDisabled
 .text.USBH_LL_Connect
                0x0000000008007726       0x2e ./Middlewares/ST/STM32_USB_Host_Library/Core/Src/usbh_core.o
                0x0000000008007726                USBH_LL_Connect
 .text.USBH_LL_Disconnect
                0x0000000008007754       0x48 ./Middlewares/ST/STM32_USB_Host_Library/Core/Src/usbh_core.o
                0x0000000008007754                USBH_LL_Disconnect
 .text.USBH_Get_DevDesc
                0x000000000800779c       0x50 ./Middlewares/ST/STM32_USB_Host_Library/Core/Src/usbh_ctlreq.o
                0x000000000800779c                USBH_Get_DevDesc
 .text.USBH_Get_CfgDesc
                0x00000000080077ec       0x48 ./Middlewares/ST/STM32_USB_Host_Library/Core/Src/usbh_ctlreq.o
                0x00000000080077ec                USBH_Get_CfgDesc
 .text.USBH_Get_StringDesc
                0x0000000008007834       0x56 ./Middlewares/ST/STM32_USB_Host_Library/Core/Src/usbh_ctlreq.o
                0x0000000008007834                USBH_Get_StringDesc
 .text.USBH_GetDescriptor
                0x000000000800788a       0x6a ./Middlewares/ST/STM32_USB_Host_Library/Core/Src/usbh_ctlreq.o
                0x000000000800788a                USBH_GetDescriptor
 .text.USBH_SetAddress
                0x00000000080078f4       0x48 ./Middlewares/ST/STM32_USB_Host_Library/Core/Src/usbh_ctlreq.o
                0x00000000080078f4                USBH_SetAddress
 .text.USBH_SetCfg
                0x000000000800793c       0x46 ./Middlewares/ST/STM32_USB_Host_Library/Core/Src/usbh_ctlreq.o
                0x000000000800793c                USBH_SetCfg
 .text.USBH_SetFeature
                0x0000000008007982       0x48 ./Middlewares/ST/STM32_USB_Host_Library/Core/Src/usbh_ctlreq.o
                0x0000000008007982                USBH_SetFeature
 .text.USBH_ClrFeature
                0x00000000080079ca       0x48 ./Middlewares/ST/STM32_USB_Host_Library/Core/Src/usbh_ctlreq.o
                0x00000000080079ca                USBH_ClrFeature
 .text.USBH_ParseDevDesc
                0x0000000008007a12      0x122 ./Middlewares/ST/STM32_USB_Host_Library/Core/Src/usbh_ctlreq.o
 .text.USBH_ParseCfgDesc
                0x0000000008007b34      0x1ec ./Middlewares/ST/STM32_USB_Host_Library/Core/Src/usbh_ctlreq.o
 .text.USBH_ParseInterfaceDesc
                0x0000000008007d20       0x5e ./Middlewares/ST/STM32_USB_Host_Library/Core/Src/usbh_ctlreq.o
 .text.USBH_ParseEPDesc
                0x0000000008007d7e      0x14a ./Middlewares/ST/STM32_USB_Host_Library/Core/Src/usbh_ctlreq.o
 .text.USBH_ParseStringDesc
                0x0000000008007ec8       0x66 ./Middlewares/ST/STM32_USB_Host_Library/Core/Src/usbh_ctlreq.o
 .text.USBH_GetNextDesc
                0x0000000008007f2e       0x36 ./Middlewares/ST/STM32_USB_Host_Library/Core/Src/usbh_ctlreq.o
                0x0000000008007f2e                USBH_GetNextDesc
 .text.USBH_CtlReq
                0x0000000008007f64       0x7a ./Middlewares/ST/STM32_USB_Host_Library/Core/Src/usbh_ctlreq.o
                0x0000000008007f64                USBH_CtlReq
 *fill*         0x0000000008007fde        0x2 
 .text.USBH_HandleControl
                0x0000000008007fe0      0x2e8 ./Middlewares/ST/STM32_USB_Host_Library/Core/Src/usbh_ctlreq.o
 .text.USBH_CtlSendSetup
                0x00000000080082c8       0x34 ./Middlewares/ST/STM32_USB_Host_Library/Core/Src/usbh_ioreq.o
                0x00000000080082c8                USBH_CtlSendSetup
 .text.USBH_CtlSendData
                0x00000000080082fc       0x4a ./Middlewares/ST/STM32_USB_Host_Library/Core/Src/usbh_ioreq.o
                0x00000000080082fc                USBH_CtlSendData
 .text.USBH_CtlReceiveData
                0x0000000008008346       0x3c ./Middlewares/ST/STM32_USB_Host_Library/Core/Src/usbh_ioreq.o
                0x0000000008008346                USBH_CtlReceiveData
 .text.USBH_BulkSendData
                0x0000000008008382       0x4a ./Middlewares/ST/STM32_USB_Host_Library/Core/Src/usbh_ioreq.o
                0x0000000008008382                USBH_BulkSendData
 .text.USBH_BulkReceiveData
                0x00000000080083cc       0x3c ./Middlewares/ST/STM32_USB_Host_Library/Core/Src/usbh_ioreq.o
                0x00000000080083cc                USBH_BulkReceiveData
 .text.USBH_OpenPipe
                0x0000000008008408       0x3e ./Middlewares/ST/STM32_USB_Host_Library/Core/Src/usbh_pipes.o
                0x0000000008008408                USBH_OpenPipe
 .text.USBH_ClosePipe
                0x0000000008008446       0x20 ./Middlewares/ST/STM32_USB_Host_Library/Core/Src/usbh_pipes.o
                0x0000000008008446                USBH_ClosePipe
 .text.USBH_AllocPipe
                0x0000000008008466       0x42 ./Middlewares/ST/STM32_USB_Host_Library/Core/Src/usbh_pipes.o
                0x0000000008008466                USBH_AllocPipe
 .text.USBH_FreePipe
                0x00000000080084a8       0x3c ./Middlewares/ST/STM32_USB_Host_Library/Core/Src/usbh_pipes.o
                0x00000000080084a8                USBH_FreePipe
 .text.USBH_GetFreePipe
                0x00000000080084e4       0x48 ./Middlewares/ST/STM32_USB_Host_Library/Core/Src/usbh_pipes.o
 .text.MX_USB_HOST_Init
                0x000000000800852c       0x4c ./USB_HOST/App/usb_host.o
                0x000000000800852c                MX_USB_HOST_Init
 .text.MX_USB_HOST_Process
                0x0000000008008578       0x14 ./USB_HOST/App/usb_host.o
                0x0000000008008578                MX_USB_HOST_Process
 .text.USBH_UserProcess
                0x000000000800858c       0x5c ./USB_HOST/App/usb_host.o
 .text.HAL_HCD_MspInit
                0x00000000080085e8       0xc4 ./USB_HOST/Target/usbh_conf.o
                0x00000000080085e8                HAL_HCD_MspInit
 .text.HAL_HCD_SOF_Callback
                0x00000000080086ac       0x1c ./USB_HOST/Target/usbh_conf.o
                0x00000000080086ac                HAL_HCD_SOF_Callback
 .text.HAL_HCD_Connect_Callback
                0x00000000080086c8       0x1c ./USB_HOST/Target/usbh_conf.o
                0x00000000080086c8                HAL_HCD_Connect_Callback
 .text.HAL_HCD_Disconnect_Callback
                0x00000000080086e4       0x1c ./USB_HOST/Target/usbh_conf.o
                0x00000000080086e4                HAL_HCD_Disconnect_Callback
 .text.HAL_HCD_HC_NotifyURBChange_Callback
                0x0000000008008700       0x1c ./USB_HOST/Target/usbh_conf.o
                0x0000000008008700                HAL_HCD_HC_NotifyURBChange_Callback
 .text.HAL_HCD_PortEnabled_Callback
                0x000000000800871c       0x1c ./USB_HOST/Target/usbh_conf.o
                0x000000000800871c                HAL_HCD_PortEnabled_Callback
 .text.HAL_HCD_PortDisabled_Callback
                0x0000000008008738       0x1c ./USB_HOST/Target/usbh_conf.o
                0x0000000008008738                HAL_HCD_PortDisabled_Callback
 .text.USBH_LL_Init
                0x0000000008008754       0x78 ./USB_HOST/Target/usbh_conf.o
                0x0000000008008754                USBH_LL_Init
 .text.USBH_LL_Start
                0x00000000080087cc       0x36 ./USB_HOST/Target/usbh_conf.o
                0x00000000080087cc                USBH_LL_Start
 .text.USBH_LL_Stop
                0x0000000008008802       0x36 ./USB_HOST/Target/usbh_conf.o
                0x0000000008008802                USBH_LL_Stop
 .text.USBH_LL_GetSpeed
                0x0000000008008838       0x4e ./USB_HOST/Target/usbh_conf.o
                0x0000000008008838                USBH_LL_GetSpeed
 .text.USBH_LL_ResetPort
                0x0000000008008886       0x36 ./USB_HOST/Target/usbh_conf.o
                0x0000000008008886                USBH_LL_ResetPort
 .text.USBH_LL_GetLastXferSize
                0x00000000080088bc       0x26 ./USB_HOST/Target/usbh_conf.o
                0x00000000080088bc                USBH_LL_GetLastXferSize
 .text.USBH_LL_OpenPipe
                0x00000000080088e2       0x5e ./USB_HOST/Target/usbh_conf.o
                0x00000000080088e2                USBH_LL_OpenPipe
 .text.USBH_LL_ClosePipe
                0x0000000008008940       0x3e ./USB_HOST/Target/usbh_conf.o
                0x0000000008008940                USBH_LL_ClosePipe
 .text.USBH_LL_SubmitURB
                0x000000000800897e       0x62 ./USB_HOST/Target/usbh_conf.o
                0x000000000800897e                USBH_LL_SubmitURB
 .text.USBH_LL_GetURBState
                0x00000000080089e0       0x26 ./USB_HOST/Target/usbh_conf.o
                0x00000000080089e0                USBH_LL_GetURBState
 .text.USBH_LL_DriverVBUS
                0x0000000008008a06       0x2e ./USB_HOST/Target/usbh_conf.o
                0x0000000008008a06                USBH_LL_DriverVBUS
 .text.USBH_LL_SetToggle
                0x0000000008008a34       0x60 ./USB_HOST/Target/usbh_conf.o
                0x0000000008008a34                USBH_LL_SetToggle
 .text.USBH_Delay
                0x0000000008008a94       0x16 ./USB_HOST/Target/usbh_conf.o
                0x0000000008008a94                USBH_Delay
 *fill*         0x0000000008008aaa        0x2 
 .text.USBH_Get_USB_Status
                0x0000000008008aac       0x58 ./USB_HOST/Target/usbh_conf.o
                0x0000000008008aac                USBH_Get_USB_Status
 .text.MX_DriverVbusFS
                0x0000000008008b04       0x38 ./USB_HOST/Target/usbh_platform.o
                0x0000000008008b04                MX_DriverVbusFS
 .text.__errno  0x0000000008008b3c        0xc d:/desktop_apppps/stm32cubeide_1.10.1/stm32cubeide/plugins/com.st.stm32cube.ide.mcu.externaltools.gnu-tools-for-stm32.10.3-2021.10.win32_1.0.0.202111181127/tools/bin/../lib/gcc/arm-none-eabi/10.3.1/../../../../arm-none-eabi/lib/thumb/v7e-m+fp/hard\libc_nano.a(lib_a-errno.o)
                0x0000000008008b3c                __errno
 .text.__libc_init_array
                0x0000000008008b48       0x48 d:/desktop_apppps/stm32cubeide_1.10.1/stm32cubeide/plugins/com.st.stm32cube.ide.mcu.externaltools.gnu-tools-for-stm32.10.3-2021.10.win32_1.0.0.202111181127/tools/bin/../lib/gcc/arm-none-eabi/10.3.1/../../../../arm-none-eabi/lib/thumb/v7e-m+fp/hard\libc_nano.a(lib_a-init.o)
                0x0000000008008b48                __libc_init_array
 .text.malloc   0x0000000008008b90       0x10 d:/desktop_apppps/stm32cubeide_1.10.1/stm32cubeide/plugins/com.st.stm32cube.ide.mcu.externaltools.gnu-tools-for-stm32.10.3-2021.10.win32_1.0.0.202111181127/tools/bin/../lib/gcc/arm-none-eabi/10.3.1/../../../../arm-none-eabi/lib/thumb/v7e-m+fp/hard\libc_nano.a(lib_a-malloc.o)
                0x0000000008008b90                malloc
 .text.free     0x0000000008008ba0       0x10 d:/desktop_apppps/stm32cubeide_1.10.1/stm32cubeide/plugins/com.st.stm32cube.ide.mcu.externaltools.gnu-tools-for-stm32.10.3-2021.10.win32_1.0.0.202111181127/tools/bin/../lib/gcc/arm-none-eabi/10.3.1/../../../../arm-none-eabi/lib/thumb/v7e-m+fp/hard\libc_nano.a(lib_a-malloc.o)
                0x0000000008008ba0                free
 .text.memset   0x0000000008008bb0       0x10 d:/desktop_apppps/stm32cubeide_1.10.1/stm32cubeide/plugins/com.st.stm32cube.ide.mcu.externaltools.gnu-tools-for-stm32.10.3-2021.10.win32_1.0.0.202111181127/tools/bin/../lib/gcc/arm-none-eabi/10.3.1/../../../../arm-none-eabi/lib/thumb/v7e-m+fp/hard\libc_nano.a(lib_a-memset.o)
                0x0000000008008bb0                memset
 .text._free_r  0x0000000008008bc0       0x98 d:/desktop_apppps/stm32cubeide_1.10.1/stm32cubeide/plugins/com.st.stm32cube.ide.mcu.externaltools.gnu-tools-for-stm32.10.3-2021.10.win32_1.0.0.202111181127/tools/bin/../lib/gcc/arm-none-eabi/10.3.1/../../../../arm-none-eabi/lib/thumb/v7e-m+fp/hard\libc_nano.a(lib_a-nano-freer.o)
                0x0000000008008bc0                _free_r
 .text.sbrk_aligned
                0x0000000008008c58       0x40 d:/desktop_apppps/stm32cubeide_1.10.1/stm32cubeide/plugins/com.st.stm32cube.ide.mcu.externaltools.gnu-tools-for-stm32.10.3-2021.10.win32_1.0.0.202111181127/tools/bin/../lib/gcc/arm-none-eabi/10.3.1/../../../../arm-none-eabi/lib/thumb/v7e-m+fp/hard\libc_nano.a(lib_a-nano-mallocr.o)
 .text._malloc_r
                0x0000000008008c98       0xe8 d:/desktop_apppps/stm32cubeide_1.10.1/stm32cubeide/plugins/com.st.stm32cube.ide.mcu.externaltools.gnu-tools-for-stm32.10.3-2021.10.win32_1.0.0.202111181127/tools/bin/../lib/gcc/arm-none-eabi/10.3.1/../../../../arm-none-eabi/lib/thumb/v7e-m+fp/hard\libc_nano.a(lib_a-nano-mallocr.o)
                0x0000000008008c98                _malloc_r
 .text._sbrk_r  0x0000000008008d80       0x20 d:/desktop_apppps/stm32cubeide_1.10.1/stm32cubeide/plugins/com.st.stm32cube.ide.mcu.externaltools.gnu-tools-for-stm32.10.3-2021.10.win32_1.0.0.202111181127/tools/bin/../lib/gcc/arm-none-eabi/10.3.1/../../../../arm-none-eabi/lib/thumb/v7e-m+fp/hard\libc_nano.a(lib_a-sbrkr.o)
                0x0000000008008d80                _sbrk_r
 .text.__malloc_lock
                0x0000000008008da0        0xc d:/desktop_apppps/stm32cubeide_1.10.1/stm32cubeide/plugins/com.st.stm32cube.ide.mcu.externaltools.gnu-tools-for-stm32.10.3-2021.10.win32_1.0.0.202111181127/tools/bin/../lib/gcc/arm-none-eabi/10.3.1/../../../../arm-none-eabi/lib/thumb/v7e-m+fp/hard\libc_nano.a(lib_a-mlock.o)
                0x0000000008008da0                __malloc_lock
 .text.__malloc_unlock
                0x0000000008008dac        0xc d:/desktop_apppps/stm32cubeide_1.10.1/stm32cubeide/plugins/com.st.stm32cube.ide.mcu.externaltools.gnu-tools-for-stm32.10.3-2021.10.win32_1.0.0.202111181127/tools/bin/../lib/gcc/arm-none-eabi/10.3.1/../../../../arm-none-eabi/lib/thumb/v7e-m+fp/hard\libc_nano.a(lib_a-mlock.o)
                0x0000000008008dac                __malloc_unlock
 .text.__retarget_lock_acquire_recursive
                0x0000000008008db8        0x2 d:/desktop_apppps/stm32cubeide_1.10.1/stm32cubeide/plugins/com.st.stm32cube.ide.mcu.externaltools.gnu-tools-for-stm32.10.3-2021.10.win32_1.0.0.202111181127/tools/bin/../lib/gcc/arm-none-eabi/10.3.1/../../../../arm-none-eabi/lib/thumb/v7e-m+fp/hard\libc_nano.a(lib_a-lock.o)
                0x0000000008008db8                __retarget_lock_acquire_recursive
 .text.__retarget_lock_release_recursive
                0x0000000008008dba        0x2 d:/desktop_apppps/stm32cubeide_1.10.1/stm32cubeide/plugins/com.st.stm32cube.ide.mcu.externaltools.gnu-tools-for-stm32.10.3-2021.10.win32_1.0.0.202111181127/tools/bin/../lib/gcc/arm-none-eabi/10.3.1/../../../../arm-none-eabi/lib/thumb/v7e-m+fp/hard\libc_nano.a(lib_a-lock.o)
                0x0000000008008dba                __retarget_lock_release_recursive
 *(.glue_7)
 .glue_7        0x0000000008008dbc        0x0 linker stubs
 *(.glue_7t)
 .glue_7t       0x0000000008008dbc        0x0 linker stubs
 *(.eh_frame)
 .eh_frame      0x0000000008008dbc        0x0 d:/desktop_apppps/stm32cubeide_1.10.1/stm32cubeide/plugins/com.st.stm32cube.ide.mcu.externaltools.gnu-tools-for-stm32.10.3-2021.10.win32_1.0.0.202111181127/tools/bin/../lib/gcc/arm-none-eabi/10.3.1/thumb/v7e-m+fp/hard/crtbegin.o
 *(.init)
 .init          0x0000000008008dbc        0x4 d:/desktop_apppps/stm32cubeide_1.10.1/stm32cubeide/plugins/com.st.stm32cube.ide.mcu.externaltools.gnu-tools-for-stm32.10.3-2021.10.win32_1.0.0.202111181127/tools/bin/../lib/gcc/arm-none-eabi/10.3.1/thumb/v7e-m+fp/hard/crti.o
                0x0000000008008dbc                _init
 .init          0x0000000008008dc0        0x8 d:/desktop_apppps/stm32cubeide_1.10.1/stm32cubeide/plugins/com.st.stm32cube.ide.mcu.externaltools.gnu-tools-for-stm32.10.3-2021.10.win32_1.0.0.202111181127/tools/bin/../lib/gcc/arm-none-eabi/10.3.1/thumb/v7e-m+fp/hard/crtn.o
 *(.fini)
 .fini          0x0000000008008dc8        0x4 d:/desktop_apppps/stm32cubeide_1.10.1/stm32cubeide/plugins/com.st.stm32cube.ide.mcu.externaltools.gnu-tools-for-stm32.10.3-2021.10.win32_1.0.0.202111181127/tools/bin/../lib/gcc/arm-none-eabi/10.3.1/thumb/v7e-m+fp/hard/crti.o
                0x0000000008008dc8                _fini
 .fini          0x0000000008008dcc        0x8 d:/desktop_apppps/stm32cubeide_1.10.1/stm32cubeide/plugins/com.st.stm32cube.ide.mcu.externaltools.gnu-tools-for-stm32.10.3-2021.10.win32_1.0.0.202111181127/tools/bin/../lib/gcc/arm-none-eabi/10.3.1/thumb/v7e-m+fp/hard/crtn.o
                0x0000000008008dd4                . = ALIGN (0x4)
                0x0000000008008dd4                _etext = .

.vfp11_veneer   0x0000000008008dd4        0x0
 .vfp11_veneer  0x0000000008008dd4        0x0 linker stubs

.v4_bx          0x0000000008008dd4        0x0
 .v4_bx         0x0000000008008dd4        0x0 linker stubs

.iplt           0x0000000008008dd4        0x0
 .iplt          0x0000000008008dd4        0x0 d:/desktop_apppps/stm32cubeide_1.10.1/stm32cubeide/plugins/com.st.stm32cube.ide.mcu.externaltools.gnu-tools-for-stm32.10.3-2021.10.win32_1.0.0.202111181127/tools/bin/../lib/gcc/arm-none-eabi/10.3.1/thumb/v7e-m+fp/hard/crtbegin.o

.rodata         0x0000000008008dd4       0x2c
                0x0000000008008dd4                . = ALIGN (0x4)
 *(.rodata)
 .rodata        0x0000000008008dd4       0x10 ./Core/Src/main.o
 .rodata        0x0000000008008de4        0x4 ./Middlewares/ST/STM32_USB_Host_Library/Class/CDC/Src/usbh_cdc.o
 *(.rodata*)
 .rodata.AHBPrescTable
                0x0000000008008de8       0x10 ./Core/Src/system_stm32f4xx.o
                0x0000000008008de8                AHBPrescTable
 .rodata.APBPrescTable
                0x0000000008008df8        0x8 ./Core/Src/system_stm32f4xx.o
                0x0000000008008df8                APBPrescTable
                0x0000000008008e00                . = ALIGN (0x4)

.ARM.extab      0x0000000008008e00        0x0
                0x0000000008008e00                . = ALIGN (0x4)
 *(.ARM.extab* .gnu.linkonce.armextab.*)
                0x0000000008008e00                . = ALIGN (0x4)

.ARM            0x0000000008008e00        0x8
                0x0000000008008e00                . = ALIGN (0x4)
                0x0000000008008e00                __exidx_start = .
 *(.ARM.exidx*)
 .ARM.exidx     0x0000000008008e00        0x8 d:/desktop_apppps/stm32cubeide_1.10.1/stm32cubeide/plugins/com.st.stm32cube.ide.mcu.externaltools.gnu-tools-for-stm32.10.3-2021.10.win32_1.0.0.202111181127/tools/bin/../lib/gcc/arm-none-eabi/10.3.1/thumb/v7e-m+fp/hard\libgcc.a(_udivmoddi4.o)
                0x0000000008008e08                __exidx_end = .
                0x0000000008008e08                . = ALIGN (0x4)

.rel.dyn        0x0000000008008e08        0x0
 .rel.iplt      0x0000000008008e08        0x0 d:/desktop_apppps/stm32cubeide_1.10.1/stm32cubeide/plugins/com.st.stm32cube.ide.mcu.externaltools.gnu-tools-for-stm32.10.3-2021.10.win32_1.0.0.202111181127/tools/bin/../lib/gcc/arm-none-eabi/10.3.1/thumb/v7e-m+fp/hard/crtbegin.o

.preinit_array  0x0000000008008e08        0x0
                0x0000000008008e08                . = ALIGN (0x4)
                0x0000000008008e08                PROVIDE (__preinit_array_start = .)
 *(.preinit_array*)
                0x0000000008008e08                PROVIDE (__preinit_array_end = .)
                0x0000000008008e08                . = ALIGN (0x4)

.init_array     0x0000000008008e08        0x4
                0x0000000008008e08                . = ALIGN (0x4)
                0x0000000008008e08                PROVIDE (__init_array_start = .)
 *(SORT_BY_NAME(.init_array.*))
 *(.init_array*)
 .init_array    0x0000000008008e08        0x4 d:/desktop_apppps/stm32cubeide_1.10.1/stm32cubeide/plugins/com.st.stm32cube.ide.mcu.externaltools.gnu-tools-for-stm32.10.3-2021.10.win32_1.0.0.202111181127/tools/bin/../lib/gcc/arm-none-eabi/10.3.1/thumb/v7e-m+fp/hard/crtbegin.o
                0x0000000008008e0c                PROVIDE (__init_array_end = .)
                0x0000000008008e0c                . = ALIGN (0x4)

.fini_array     0x0000000008008e0c        0x4
                0x0000000008008e0c                . = ALIGN (0x4)
                [!provide]                        PROVIDE (__fini_array_start = .)
 *(SORT_BY_NAME(.fini_array.*))
 *(.fini_array*)
 .fini_array    0x0000000008008e0c        0x4 d:/desktop_apppps/stm32cubeide_1.10.1/stm32cubeide/plugins/com.st.stm32cube.ide.mcu.externaltools.gnu-tools-for-stm32.10.3-2021.10.win32_1.0.0.202111181127/tools/bin/../lib/gcc/arm-none-eabi/10.3.1/thumb/v7e-m+fp/hard/crtbegin.o
                [!provide]                        PROVIDE (__fini_array_end = .)
                0x0000000008008e10                . = ALIGN (0x4)
                0x0000000008008e10                _sidata = LOADADDR (.data)

.data           0x0000000020000000       0x94 load address 0x0000000008008e10
                0x0000000020000000                . = ALIGN (0x4)
                0x0000000020000000                _sdata = .
 *(.data)
 *(.data*)
 .data.direction
                0x0000000020000000        0x1 ./Core/Src/main.o
                0x0000000020000000                direction
 *fill*         0x0000000020000001        0x3 
 .data.SystemCoreClock
                0x0000000020000004        0x4 ./Core/Src/system_stm32f4xx.o
                0x0000000020000004                SystemCoreClock
 .data.uwTickPrio
                0x0000000020000008        0x4 ./Drivers/STM32F4xx_HAL_Driver/Src/stm32f4xx_hal.o
                0x0000000020000008                uwTickPrio
 .data.uwTickFreq
                0x000000002000000c        0x1 ./Drivers/STM32F4xx_HAL_Driver/Src/stm32f4xx_hal.o
                0x000000002000000c                uwTickFreq
 *fill*         0x000000002000000d        0x3 
 .data.CDC_Class
                0x0000000020000010       0x20 ./Middlewares/ST/STM32_USB_Host_Library/Class/CDC/Src/usbh_cdc.o
                0x0000000020000010                CDC_Class
 .data._impure_ptr
                0x0000000020000030        0x4 d:/desktop_apppps/stm32cubeide_1.10.1/stm32cubeide/plugins/com.st.stm32cube.ide.mcu.externaltools.gnu-tools-for-stm32.10.3-2021.10.win32_1.0.0.202111181127/tools/bin/../lib/gcc/arm-none-eabi/10.3.1/../../../../arm-none-eabi/lib/thumb/v7e-m+fp/hard\libc_nano.a(lib_a-impure.o)
                0x0000000020000030                _impure_ptr
 .data.impure_data
                0x0000000020000034       0x60 d:/desktop_apppps/stm32cubeide_1.10.1/stm32cubeide/plugins/com.st.stm32cube.ide.mcu.externaltools.gnu-tools-for-stm32.10.3-2021.10.win32_1.0.0.202111181127/tools/bin/../lib/gcc/arm-none-eabi/10.3.1/../../../../arm-none-eabi/lib/thumb/v7e-m+fp/hard\libc_nano.a(lib_a-impure.o)
 *(.RamFunc)
 *(.RamFunc*)
                0x0000000020000094                . = ALIGN (0x4)
                0x0000000020000094                _edata = .

.igot.plt       0x0000000020000094        0x0 load address 0x0000000008008ea4
 .igot.plt      0x0000000020000094        0x0 d:/desktop_apppps/stm32cubeide_1.10.1/stm32cubeide/plugins/com.st.stm32cube.ide.mcu.externaltools.gnu-tools-for-stm32.10.3-2021.10.win32_1.0.0.202111181127/tools/bin/../lib/gcc/arm-none-eabi/10.3.1/thumb/v7e-m+fp/hard/crtbegin.o
                0x0000000020000094                . = ALIGN (0x4)

.bss            0x0000000020000094      0x8a0 load address 0x0000000008008ea4
                0x0000000020000094                _sbss = .
                0x0000000020000094                __bss_start__ = _sbss
 *(.bss)
 .bss           0x0000000020000094       0x1c d:/desktop_apppps/stm32cubeide_1.10.1/stm32cubeide/plugins/com.st.stm32cube.ide.mcu.externaltools.gnu-tools-for-stm32.10.3-2021.10.win32_1.0.0.202111181127/tools/bin/../lib/gcc/arm-none-eabi/10.3.1/thumb/v7e-m+fp/hard/crtbegin.o
 *(.bss*)
 .bss.hi2c1     0x00000000200000b0       0x54 ./Core/Src/main.o
                0x00000000200000b0                hi2c1
 .bss.hi2s2     0x0000000020000104       0x48 ./Core/Src/main.o
                0x0000000020000104                hi2s2
 .bss.hi2s3     0x000000002000014c       0x48 ./Core/Src/main.o
                0x000000002000014c                hi2s3
 .bss.hspi1     0x0000000020000194       0x58 ./Core/Src/main.o
                0x0000000020000194                hspi1
 .bss.htim4     0x00000000200001ec       0x48 ./Core/Src/main.o
                0x00000000200001ec                htim4
 .bss.button_is_pressed
                0x0000000020000234        0x1 ./Core/Src/main.o
                0x0000000020000234                button_is_pressed
 *fill*         0x0000000020000235        0x3 
 .bss.last_change_tick.1
                0x0000000020000238        0x4 ./Core/Src/main.o
 .bss.__sbrk_heap_end
                0x000000002000023c        0x4 ./Core/Src/sysmem.o
 .bss.uwTick    0x0000000020000240        0x4 ./Drivers/STM32F4xx_HAL_Driver/Src/stm32f4xx_hal.o
                0x0000000020000240                uwTick
 .bss.hUsbHostFS
                0x0000000020000244      0x3d8 ./USB_HOST/App/usb_host.o
                0x0000000020000244                hUsbHostFS
 .bss.Appli_state
                0x000000002000061c        0x1 ./USB_HOST/App/usb_host.o
                0x000000002000061c                Appli_state
 *fill*         0x000000002000061d        0x3 
 .bss.hhcd_USB_OTG_FS
                0x0000000020000620      0x304 ./USB_HOST/Target/usbh_conf.o
                0x0000000020000620                hhcd_USB_OTG_FS
 .bss.__malloc_free_list
                0x0000000020000924        0x4 d:/desktop_apppps/stm32cubeide_1.10.1/stm32cubeide/plugins/com.st.stm32cube.ide.mcu.externaltools.gnu-tools-for-stm32.10.3-2021.10.win32_1.0.0.202111181127/tools/bin/../lib/gcc/arm-none-eabi/10.3.1/../../../../arm-none-eabi/lib/thumb/v7e-m+fp/hard\libc_nano.a(lib_a-nano-mallocr.o)
                0x0000000020000924                __malloc_free_list
 .bss.__malloc_sbrk_start
                0x0000000020000928        0x4 d:/desktop_apppps/stm32cubeide_1.10.1/stm32cubeide/plugins/com.st.stm32cube.ide.mcu.externaltools.gnu-tools-for-stm32.10.3-2021.10.win32_1.0.0.202111181127/tools/bin/../lib/gcc/arm-none-eabi/10.3.1/../../../../arm-none-eabi/lib/thumb/v7e-m+fp/hard\libc_nano.a(lib_a-nano-mallocr.o)
                0x0000000020000928                __malloc_sbrk_start
 .bss.errno     0x000000002000092c        0x4 d:/desktop_apppps/stm32cubeide_1.10.1/stm32cubeide/plugins/com.st.stm32cube.ide.mcu.externaltools.gnu-tools-for-stm32.10.3-2021.10.win32_1.0.0.202111181127/tools/bin/../lib/gcc/arm-none-eabi/10.3.1/../../../../arm-none-eabi/lib/thumb/v7e-m+fp/hard\libc_nano.a(lib_a-reent.o)
                0x000000002000092c                errno
 .bss.__lock___malloc_recursive_mutex
                0x0000000020000930        0x1 d:/desktop_apppps/stm32cubeide_1.10.1/stm32cubeide/plugins/com.st.stm32cube.ide.mcu.externaltools.gnu-tools-for-stm32.10.3-2021.10.win32_1.0.0.202111181127/tools/bin/../lib/gcc/arm-none-eabi/10.3.1/../../../../arm-none-eabi/lib/thumb/v7e-m+fp/hard\libc_nano.a(lib_a-lock.o)
                0x0000000020000930                __lock___malloc_recursive_mutex
 *(COMMON)
                0x0000000020000934                . = ALIGN (0x4)
 *fill*         0x0000000020000931        0x3 
                0x0000000020000934                _ebss = .
                0x0000000020000934                __bss_end__ = _ebss

._user_heap_stack
                0x0000000020000934      0x604 load address 0x0000000008008ea4
                0x0000000020000938                . = ALIGN (0x8)
 *fill*         0x0000000020000934        0x4 
                [!provide]                        PROVIDE (end = .)
                0x0000000020000938                PROVIDE (_end = .)
                0x0000000020000b38                . = (. + _Min_Heap_Size)
 *fill*         0x0000000020000938      0x200 
                0x0000000020000f38                . = (. + _Min_Stack_Size)
 *fill*         0x0000000020000b38      0x400 
                0x0000000020000f38                . = ALIGN (0x8)

/DISCARD/
 libc.a(*)
 libm.a(*)
 libgcc.a(*)

.ARM.attributes
                0x0000000000000000       0x30
 *(.ARM.attributes)
 .ARM.attributes
                0x0000000000000000       0x1e d:/desktop_apppps/stm32cubeide_1.10.1/stm32cubeide/plugins/com.st.stm32cube.ide.mcu.externaltools.gnu-tools-for-stm32.10.3-2021.10.win32_1.0.0.202111181127/tools/bin/../lib/gcc/arm-none-eabi/10.3.1/thumb/v7e-m+fp/hard/crti.o
 .ARM.attributes
                0x000000000000001e       0x34 d:/desktop_apppps/stm32cubeide_1.10.1/stm32cubeide/plugins/com.st.stm32cube.ide.mcu.externaltools.gnu-tools-for-stm32.10.3-2021.10.win32_1.0.0.202111181127/tools/bin/../lib/gcc/arm-none-eabi/10.3.1/thumb/v7e-m+fp/hard/crtbegin.o
 .ARM.attributes
                0x0000000000000052       0x34 ./Core/Src/main.o
 .ARM.attributes
                0x0000000000000086       0x34 ./Core/Src/stm32f4xx_hal_msp.o
 .ARM.attributes
                0x00000000000000ba       0x34 ./Core/Src/stm32f4xx_it.o
 .ARM.attributes
                0x00000000000000ee       0x34 ./Core/Src/sysmem.o
 .ARM.attributes
                0x0000000000000122       0x34 ./Core/Src/system_stm32f4xx.o
 .ARM.attributes
                0x0000000000000156       0x21 ./Core/Startup/startup_stm32f411vetx.o
 .ARM.attributes
                0x0000000000000177       0x34 ./Drivers/STM32F4xx_HAL_Driver/Src/stm32f4xx_hal.o
 .ARM.attributes
                0x00000000000001ab       0x34 ./Drivers/STM32F4xx_HAL_Driver/Src/stm32f4xx_hal_cortex.o
 .ARM.attributes
                0x00000000000001df       0x34 ./Drivers/STM32F4xx_HAL_Driver/Src/stm32f4xx_hal_gpio.o
 .ARM.attributes
                0x0000000000000213       0x34 ./Drivers/STM32F4xx_HAL_Driver/Src/stm32f4xx_hal_hcd.o
 .ARM.attributes
                0x0000000000000247       0x34 ./Drivers/STM32F4xx_HAL_Driver/Src/stm32f4xx_hal_i2c.o
 .ARM.attributes
                0x000000000000027b       0x34 ./Drivers/STM32F4xx_HAL_Driver/Src/stm32f4xx_hal_i2s.o
 .ARM.attributes
                0x00000000000002af       0x34 ./Drivers/STM32F4xx_HAL_Driver/Src/stm32f4xx_hal_i2s_ex.o
 .ARM.attributes
                0x00000000000002e3       0x34 ./Drivers/STM32F4xx_HAL_Driver/Src/stm32f4xx_hal_rcc.o
 .ARM.attributes
                0x0000000000000317       0x34 ./Drivers/STM32F4xx_HAL_Driver/Src/stm32f4xx_hal_rcc_ex.o
 .ARM.attributes
                0x000000000000034b       0x34 ./Drivers/STM32F4xx_HAL_Driver/Src/stm32f4xx_hal_spi.o
 .ARM.attributes
                0x000000000000037f       0x34 ./Drivers/STM32F4xx_HAL_Driver/Src/stm32f4xx_hal_tim.o
 .ARM.attributes
                0x00000000000003b3       0x34 ./Drivers/STM32F4xx_HAL_Driver/Src/stm32f4xx_hal_tim_ex.o
 .ARM.attributes
                0x00000000000003e7       0x34 ./Drivers/STM32F4xx_HAL_Driver/Src/stm32f4xx_ll_usb.o
 .ARM.attributes
                0x000000000000041b       0x34 ./Middlewares/ST/STM32_USB_Host_Library/Class/CDC/Src/usbh_cdc.o
 .ARM.attributes
                0x000000000000044f       0x34 ./Middlewares/ST/STM32_USB_Host_Library/Core/Src/usbh_core.o
 .ARM.attributes
                0x0000000000000483       0x34 ./Middlewares/ST/STM32_USB_Host_Library/Core/Src/usbh_ctlreq.o
 .ARM.attributes
                0x00000000000004b7       0x34 ./Middlewares/ST/STM32_USB_Host_Library/Core/Src/usbh_ioreq.o
 .ARM.attributes
                0x00000000000004eb       0x34 ./Middlewares/ST/STM32_USB_Host_Library/Core/Src/usbh_pipes.o
 .ARM.attributes
                0x000000000000051f       0x34 ./USB_HOST/App/usb_host.o
 .ARM.attributes
                0x0000000000000553       0x34 ./USB_HOST/Target/usbh_conf.o
 .ARM.attributes
                0x0000000000000587       0x34 ./USB_HOST/Target/usbh_platform.o
 .ARM.attributes
                0x00000000000005bb       0x34 d:/desktop_apppps/stm32cubeide_1.10.1/stm32cubeide/plugins/com.st.stm32cube.ide.mcu.externaltools.gnu-tools-for-stm32.10.3-2021.10.win32_1.0.0.202111181127/tools/bin/../lib/gcc/arm-none-eabi/10.3.1/../../../../arm-none-eabi/lib/thumb/v7e-m+fp/hard\libc_nano.a(lib_a-errno.o)
 .ARM.attributes
                0x00000000000005ef       0x34 d:/desktop_apppps/stm32cubeide_1.10.1/stm32cubeide/plugins/com.st.stm32cube.ide.mcu.externaltools.gnu-tools-for-stm32.10.3-2021.10.win32_1.0.0.202111181127/tools/bin/../lib/gcc/arm-none-eabi/10.3.1/../../../../arm-none-eabi/lib/thumb/v7e-m+fp/hard\libc_nano.a(lib_a-impure.o)
 .ARM.attributes
                0x0000000000000623       0x34 d:/desktop_apppps/stm32cubeide_1.10.1/stm32cubeide/plugins/com.st.stm32cube.ide.mcu.externaltools.gnu-tools-for-stm32.10.3-2021.10.win32_1.0.0.202111181127/tools/bin/../lib/gcc/arm-none-eabi/10.3.1/../../../../arm-none-eabi/lib/thumb/v7e-m+fp/hard\libc_nano.a(lib_a-init.o)
 .ARM.attributes
                0x0000000000000657       0x34 d:/desktop_apppps/stm32cubeide_1.10.1/stm32cubeide/plugins/com.st.stm32cube.ide.mcu.externaltools.gnu-tools-for-stm32.10.3-2021.10.win32_1.0.0.202111181127/tools/bin/../lib/gcc/arm-none-eabi/10.3.1/../../../../arm-none-eabi/lib/thumb/v7e-m+fp/hard\libc_nano.a(lib_a-malloc.o)
 .ARM.attributes
                0x000000000000068b       0x34 d:/desktop_apppps/stm32cubeide_1.10.1/stm32cubeide/plugins/com.st.stm32cube.ide.mcu.externaltools.gnu-tools-for-stm32.10.3-2021.10.win32_1.0.0.202111181127/tools/bin/../lib/gcc/arm-none-eabi/10.3.1/../../../../arm-none-eabi/lib/thumb/v7e-m+fp/hard\libc_nano.a(lib_a-memset.o)
 .ARM.attributes
                0x00000000000006bf       0x34 d:/desktop_apppps/stm32cubeide_1.10.1/stm32cubeide/plugins/com.st.stm32cube.ide.mcu.externaltools.gnu-tools-for-stm32.10.3-2021.10.win32_1.0.0.202111181127/tools/bin/../lib/gcc/arm-none-eabi/10.3.1/../../../../arm-none-eabi/lib/thumb/v7e-m+fp/hard\libc_nano.a(lib_a-nano-freer.o)
 .ARM.attributes
                0x00000000000006f3       0x34 d:/desktop_apppps/stm32cubeide_1.10.1/stm32cubeide/plugins/com.st.stm32cube.ide.mcu.externaltools.gnu-tools-for-stm32.10.3-2021.10.win32_1.0.0.202111181127/tools/bin/../lib/gcc/arm-none-eabi/10.3.1/../../../../arm-none-eabi/lib/thumb/v7e-m+fp/hard\libc_nano.a(lib_a-nano-mallocr.o)
 .ARM.attributes
                0x0000000000000727       0x34 d:/desktop_apppps/stm32cubeide_1.10.1/stm32cubeide/plugins/com.st.stm32cube.ide.mcu.externaltools.gnu-tools-for-stm32.10.3-2021.10.win32_1.0.0.202111181127/tools/bin/../lib/gcc/arm-none-eabi/10.3.1/../../../../arm-none-eabi/lib/thumb/v7e-m+fp/hard\libc_nano.a(lib_a-sbrkr.o)
 .ARM.attributes
                0x000000000000075b       0x34 d:/desktop_apppps/stm32cubeide_1.10.1/stm32cubeide/plugins/com.st.stm32cube.ide.mcu.externaltools.gnu-tools-for-stm32.10.3-2021.10.win32_1.0.0.202111181127/tools/bin/../lib/gcc/arm-none-eabi/10.3.1/../../../../arm-none-eabi/lib/thumb/v7e-m+fp/hard\libc_nano.a(lib_a-mlock.o)
 .ARM.attributes
                0x000000000000078f       0x34 d:/desktop_apppps/stm32cubeide_1.10.1/stm32cubeide/plugins/com.st.stm32cube.ide.mcu.externaltools.gnu-tools-for-stm32.10.3-2021.10.win32_1.0.0.202111181127/tools/bin/../lib/gcc/arm-none-eabi/10.3.1/../../../../arm-none-eabi/lib/thumb/v7e-m+fp/hard\libc_nano.a(lib_a-reent.o)
 .ARM.attributes
                0x00000000000007c3       0x34 d:/desktop_apppps/stm32cubeide_1.10.1/stm32cubeide/plugins/com.st.stm32cube.ide.mcu.externaltools.gnu-tools-for-stm32.10.3-2021.10.win32_1.0.0.202111181127/tools/bin/../lib/gcc/arm-none-eabi/10.3.1/../../../../arm-none-eabi/lib/thumb/v7e-m+fp/hard\libc_nano.a(lib_a-lock.o)
 .ARM.attributes
                0x00000000000007f7       0x1e d:/desktop_apppps/stm32cubeide_1.10.1/stm32cubeide/plugins/com.st.stm32cube.ide.mcu.externaltools.gnu-tools-for-stm32.10.3-2021.10.win32_1.0.0.202111181127/tools/bin/../lib/gcc/arm-none-eabi/10.3.1/thumb/v7e-m+fp/hard\libgcc.a(_aeabi_uldivmod.o)
 .ARM.attributes
                0x0000000000000815       0x34 d:/desktop_apppps/stm32cubeide_1.10.1/stm32cubeide/plugins/com.st.stm32cube.ide.mcu.externaltools.gnu-tools-for-stm32.10.3-2021.10.win32_1.0.0.202111181127/tools/bin/../lib/gcc/arm-none-eabi/10.3.1/thumb/v7e-m+fp/hard\libgcc.a(_udivmoddi4.o)
 .ARM.attributes
                0x0000000000000849       0x1e d:/desktop_apppps/stm32cubeide_1.10.1/stm32cubeide/plugins/com.st.stm32cube.ide.mcu.externaltools.gnu-tools-for-stm32.10.3-2021.10.win32_1.0.0.202111181127/tools/bin/../lib/gcc/arm-none-eabi/10.3.1/thumb/v7e-m+fp/hard\libgcc.a(_dvmd_tls.o)
 .ARM.attributes
                0x0000000000000867       0x1e d:/desktop_apppps/stm32cubeide_1.10.1/stm32cubeide/plugins/com.st.stm32cube.ide.mcu.externaltools.gnu-tools-for-stm32.10.3-2021.10.win32_1.0.0.202111181127/tools/bin/../lib/gcc/arm-none-eabi/10.3.1/thumb/v7e-m+fp/hard/crtn.o
OUTPUT(directed_light.elf elf32-littlearm)
LOAD linker stubs
LOAD d:/desktop_apppps/stm32cubeide_1.10.1/stm32cubeide/plugins/com.st.stm32cube.ide.mcu.externaltools.gnu-tools-for-stm32.10.3-2021.10.win32_1.0.0.202111181127/tools/bin/../lib/gcc/arm-none-eabi/10.3.1/../../../../arm-none-eabi/lib/thumb/v7e-m+fp/hard\libc.a
LOAD d:/desktop_apppps/stm32cubeide_1.10.1/stm32cubeide/plugins/com.st.stm32cube.ide.mcu.externaltools.gnu-tools-for-stm32.10.3-2021.10.win32_1.0.0.202111181127/tools/bin/../lib/gcc/arm-none-eabi/10.3.1/../../../../arm-none-eabi/lib/thumb/v7e-m+fp/hard\libm.a
LOAD d:/desktop_apppps/stm32cubeide_1.10.1/stm32cubeide/plugins/com.st.stm32cube.ide.mcu.externaltools.gnu-tools-for-stm32.10.3-2021.10.win32_1.0.0.202111181127/tools/bin/../lib/gcc/arm-none-eabi/10.3.1/thumb/v7e-m+fp/hard\libgcc.a

.debug_info     0x0000000000000000    0x1a623
 .debug_info    0x0000000000000000     0x1b1d ./Core/Src/main.o
 .debug_info    0x0000000000001b1d     0x1410 ./Core/Src/stm32f4xx_hal_msp.o
 .debug_info    0x0000000000002f2d      0x699 ./Core/Src/stm32f4xx_it.o
 .debug_info    0x00000000000035c6      0x171 ./Core/Src/sysmem.o
 .debug_info    0x0000000000003737      0x54f ./Core/Src/system_stm32f4xx.o
 .debug_info    0x0000000000003c86       0x22 ./Core/Startup/startup_stm32f411vetx.o
 .debug_info    0x0000000000003ca8      0x90d ./Drivers/STM32F4xx_HAL_Driver/Src/stm32f4xx_hal.o
 .debug_info    0x00000000000045b5      0xd8b ./Drivers/STM32F4xx_HAL_Driver/Src/stm32f4xx_hal_cortex.o
 .debug_info    0x0000000000005340      0x78e ./Drivers/STM32F4xx_HAL_Driver/Src/stm32f4xx_hal_gpio.o
 .debug_info    0x0000000000005ace     0x10c6 ./Drivers/STM32F4xx_HAL_Driver/Src/stm32f4xx_hal_hcd.o
 .debug_info    0x0000000000006b94     0x260f ./Drivers/STM32F4xx_HAL_Driver/Src/stm32f4xx_hal_i2c.o
 .debug_info    0x00000000000091a3      0xeae ./Drivers/STM32F4xx_HAL_Driver/Src/stm32f4xx_hal_i2s.o
 .debug_info    0x000000000000a051      0xb73 ./Drivers/STM32F4xx_HAL_Driver/Src/stm32f4xx_hal_i2s_ex.o
 .debug_info    0x000000000000abc4      0x98d ./Drivers/STM32F4xx_HAL_Driver/Src/stm32f4xx_hal_rcc.o
 .debug_info    0x000000000000b551      0x5d9 ./Drivers/STM32F4xx_HAL_Driver/Src/stm32f4xx_hal_rcc_ex.o
 .debug_info    0x000000000000bb2a     0x1750 ./Drivers/STM32F4xx_HAL_Driver/Src/stm32f4xx_hal_spi.o
 .debug_info    0x000000000000d27a     0x2bb6 ./Drivers/STM32F4xx_HAL_Driver/Src/stm32f4xx_hal_tim.o
 .debug_info    0x000000000000fe30     0x15d8 ./Drivers/STM32F4xx_HAL_Driver/Src/stm32f4xx_hal_tim_ex.o
 .debug_info    0x0000000000011408     0x1a97 ./Drivers/STM32F4xx_HAL_Driver/Src/stm32f4xx_ll_usb.o
 .debug_info    0x0000000000012e9f     0x150d ./Middlewares/ST/STM32_USB_Host_Library/Class/CDC/Src/usbh_cdc.o
 .debug_info    0x00000000000143ac     0x1065 ./Middlewares/ST/STM32_USB_Host_Library/Core/Src/usbh_core.o
 .debug_info    0x0000000000015411     0x1083 ./Middlewares/ST/STM32_USB_Host_Library/Core/Src/usbh_ctlreq.o
 .debug_info    0x0000000000016494      0xcf6 ./Middlewares/ST/STM32_USB_Host_Library/Core/Src/usbh_ioreq.o
 .debug_info    0x000000000001718a      0xb34 ./Middlewares/ST/STM32_USB_Host_Library/Core/Src/usbh_pipes.o
 .debug_info    0x0000000000017cbe      0xab3 ./USB_HOST/App/usb_host.o
 .debug_info    0x0000000000018771     0x1cc9 ./USB_HOST/Target/usbh_conf.o
 .debug_info    0x000000000001a43a      0x1e9 ./USB_HOST/Target/usbh_platform.o

.debug_abbrev   0x0000000000000000     0x3c96
 .debug_abbrev  0x0000000000000000      0x2cc ./Core/Src/main.o
 .debug_abbrev  0x00000000000002cc      0x216 ./Core/Src/stm32f4xx_hal_msp.o
 .debug_abbrev  0x00000000000004e2      0x199 ./Core/Src/stm32f4xx_it.o
 .debug_abbrev  0x000000000000067b       0xbb ./Core/Src/sysmem.o
 .debug_abbrev  0x0000000000000736      0x116 ./Core/Src/system_stm32f4xx.o
 .debug_abbrev  0x000000000000084c       0x12 ./Core/Startup/startup_stm32f411vetx.o
 .debug_abbrev  0x000000000000085e      0x23e ./Drivers/STM32F4xx_HAL_Driver/Src/stm32f4xx_hal.o
 .debug_abbrev  0x0000000000000a9c      0x316 ./Drivers/STM32F4xx_HAL_Driver/Src/stm32f4xx_hal_cortex.o
 .debug_abbrev  0x0000000000000db2      0x1c4 ./Drivers/STM32F4xx_HAL_Driver/Src/stm32f4xx_hal_gpio.o
 .debug_abbrev  0x0000000000000f76      0x27e ./Drivers/STM32F4xx_HAL_Driver/Src/stm32f4xx_hal_hcd.o
 .debug_abbrev  0x00000000000011f4      0x2a8 ./Drivers/STM32F4xx_HAL_Driver/Src/stm32f4xx_hal_i2c.o
 .debug_abbrev  0x000000000000149c      0x258 ./Drivers/STM32F4xx_HAL_Driver/Src/stm32f4xx_hal_i2s.o
 .debug_abbrev  0x00000000000016f4      0x289 ./Drivers/STM32F4xx_HAL_Driver/Src/stm32f4xx_hal_i2s_ex.o
 .debug_abbrev  0x000000000000197d      0x2aa ./Drivers/STM32F4xx_HAL_Driver/Src/stm32f4xx_hal_rcc.o
 .debug_abbrev  0x0000000000001c27      0x1a8 ./Drivers/STM32F4xx_HAL_Driver/Src/stm32f4xx_hal_rcc_ex.o
 .debug_abbrev  0x0000000000001dcf      0x26e ./Drivers/STM32F4xx_HAL_Driver/Src/stm32f4xx_hal_spi.o
 .debug_abbrev  0x000000000000203d      0x26e ./Drivers/STM32F4xx_HAL_Driver/Src/stm32f4xx_hal_tim.o
 .debug_abbrev  0x00000000000022ab      0x276 ./Drivers/STM32F4xx_HAL_Driver/Src/stm32f4xx_hal_tim_ex.o
 .debug_abbrev  0x0000000000002521      0x296 ./Drivers/STM32F4xx_HAL_Driver/Src/stm32f4xx_ll_usb.o
 .debug_abbrev  0x00000000000027b7      0x328 ./Middlewares/ST/STM32_USB_Host_Library/Class/CDC/Src/usbh_cdc.o
 .debug_abbrev  0x0000000000002adf      0x317 ./Middlewares/ST/STM32_USB_Host_Library/Core/Src/usbh_core.o
 .debug_abbrev  0x0000000000002df6      0x2e6 ./Middlewares/ST/STM32_USB_Host_Library/Core/Src/usbh_ctlreq.o
 .debug_abbrev  0x00000000000030dc      0x232 ./Middlewares/ST/STM32_USB_Host_Library/Core/Src/usbh_ioreq.o
 .debug_abbrev  0x000000000000330e      0x270 ./Middlewares/ST/STM32_USB_Host_Library/Core/Src/usbh_pipes.o
 .debug_abbrev  0x000000000000357e      0x25a ./USB_HOST/App/usb_host.o
 .debug_abbrev  0x00000000000037d8      0x3ac ./USB_HOST/Target/usbh_conf.o
 .debug_abbrev  0x0000000000003b84      0x112 ./USB_HOST/Target/usbh_platform.o

.debug_aranges  0x0000000000000000     0x1698
 .debug_aranges
                0x0000000000000000       0x78 ./Core/Src/main.o
 .debug_aranges
                0x0000000000000078       0x68 ./Core/Src/stm32f4xx_hal_msp.o
 .debug_aranges
                0x00000000000000e0       0x70 ./Core/Src/stm32f4xx_it.o
 .debug_aranges
                0x0000000000000150       0x20 ./Core/Src/sysmem.o
 .debug_aranges
                0x0000000000000170       0x28 ./Core/Src/system_stm32f4xx.o
 .debug_aranges
                0x0000000000000198       0x28 ./Core/Startup/startup_stm32f411vetx.o
 .debug_aranges
                0x00000000000001c0       0xf0 ./Drivers/STM32F4xx_HAL_Driver/Src/stm32f4xx_hal.o
 .debug_aranges
                0x00000000000002b0      0x118 ./Drivers/STM32F4xx_HAL_Driver/Src/stm32f4xx_hal_cortex.o
 .debug_aranges
                0x00000000000003c8       0x58 ./Drivers/STM32F4xx_HAL_Driver/Src/stm32f4xx_hal_gpio.o
 .debug_aranges
                0x0000000000000420       0xf8 ./Drivers/STM32F4xx_HAL_Driver/Src/stm32f4xx_hal_hcd.o
 .debug_aranges
                0x0000000000000518      0x2a0 ./Drivers/STM32F4xx_HAL_Driver/Src/stm32f4xx_hal_i2c.o
 .debug_aranges
                0x00000000000007b8      0x108 ./Drivers/STM32F4xx_HAL_Driver/Src/stm32f4xx_hal_i2s.o
 .debug_aranges
                0x00000000000008c0       0x88 ./Drivers/STM32F4xx_HAL_Driver/Src/stm32f4xx_hal_i2s_ex.o
 .debug_aranges
                0x0000000000000948       0x88 ./Drivers/STM32F4xx_HAL_Driver/Src/stm32f4xx_hal_rcc.o
 .debug_aranges
                0x00000000000009d0       0x50 ./Drivers/STM32F4xx_HAL_Driver/Src/stm32f4xx_hal_rcc_ex.o
 .debug_aranges
                0x0000000000000a20      0x1d0 ./Drivers/STM32F4xx_HAL_Driver/Src/stm32f4xx_hal_spi.o
 .debug_aranges
                0x0000000000000bf0      0x3d0 ./Drivers/STM32F4xx_HAL_Driver/Src/stm32f4xx_hal_tim.o
 .debug_aranges
                0x0000000000000fc0      0x168 ./Drivers/STM32F4xx_HAL_Driver/Src/stm32f4xx_hal_tim_ex.o
 .debug_aranges
                0x0000000000001128      0x1a0 ./Drivers/STM32F4xx_HAL_Driver/Src/stm32f4xx_ll_usb.o
 .debug_aranges
                0x00000000000012c8       0xa8 ./Middlewares/ST/STM32_USB_Host_Library/Class/CDC/Src/usbh_cdc.o
 .debug_aranges
                0x0000000000001370       0xc0 ./Middlewares/ST/STM32_USB_Host_Library/Core/Src/usbh_core.o
 .debug_aranges
                0x0000000000001430       0xa0 ./Middlewares/ST/STM32_USB_Host_Library/Core/Src/usbh_ctlreq.o
 .debug_aranges
                0x00000000000014d0       0x60 ./Middlewares/ST/STM32_USB_Host_Library/Core/Src/usbh_ioreq.o
 .debug_aranges
                0x0000000000001530       0x40 ./Middlewares/ST/STM32_USB_Host_Library/Core/Src/usbh_pipes.o
 .debug_aranges
                0x0000000000001570       0x30 ./USB_HOST/App/usb_host.o
 .debug_aranges
                0x00000000000015a0       0xd8 ./USB_HOST/Target/usbh_conf.o
 .debug_aranges
                0x0000000000001678       0x20 ./USB_HOST/Target/usbh_platform.o

.debug_ranges   0x0000000000000000     0x1508
 .debug_ranges  0x0000000000000000       0x68 ./Core/Src/main.o
 .debug_ranges  0x0000000000000068       0x58 ./Core/Src/stm32f4xx_hal_msp.o
 .debug_ranges  0x00000000000000c0       0x60 ./Core/Src/stm32f4xx_it.o
 .debug_ranges  0x0000000000000120       0x10 ./Core/Src/sysmem.o
 .debug_ranges  0x0000000000000130       0x18 ./Core/Src/system_stm32f4xx.o
 .debug_ranges  0x0000000000000148       0x20 ./Core/Startup/startup_stm32f411vetx.o
 .debug_ranges  0x0000000000000168       0xe0 ./Drivers/STM32F4xx_HAL_Driver/Src/stm32f4xx_hal.o
 .debug_ranges  0x0000000000000248      0x108 ./Drivers/STM32F4xx_HAL_Driver/Src/stm32f4xx_hal_cortex.o
 .debug_ranges  0x0000000000000350       0x48 ./Drivers/STM32F4xx_HAL_Driver/Src/stm32f4xx_hal_gpio.o
 .debug_ranges  0x0000000000000398       0xe8 ./Drivers/STM32F4xx_HAL_Driver/Src/stm32f4xx_hal_hcd.o
 .debug_ranges  0x0000000000000480      0x2a8 ./Drivers/STM32F4xx_HAL_Driver/Src/stm32f4xx_hal_i2c.o
 .debug_ranges  0x0000000000000728       0xf8 ./Drivers/STM32F4xx_HAL_Driver/Src/stm32f4xx_hal_i2s.o
 .debug_ranges  0x0000000000000820       0x78 ./Drivers/STM32F4xx_HAL_Driver/Src/stm32f4xx_hal_i2s_ex.o
 .debug_ranges  0x0000000000000898       0x78 ./Drivers/STM32F4xx_HAL_Driver/Src/stm32f4xx_hal_rcc.o
 .debug_ranges  0x0000000000000910       0x40 ./Drivers/STM32F4xx_HAL_Driver/Src/stm32f4xx_hal_rcc_ex.o
 .debug_ranges  0x0000000000000950      0x1c0 ./Drivers/STM32F4xx_HAL_Driver/Src/stm32f4xx_hal_spi.o
 .debug_ranges  0x0000000000000b10      0x3c0 ./Drivers/STM32F4xx_HAL_Driver/Src/stm32f4xx_hal_tim.o
 .debug_ranges  0x0000000000000ed0      0x158 ./Drivers/STM32F4xx_HAL_Driver/Src/stm32f4xx_hal_tim_ex.o
 .debug_ranges  0x0000000000001028      0x190 ./Drivers/STM32F4xx_HAL_Driver/Src/stm32f4xx_ll_usb.o
 .debug_ranges  0x00000000000011b8       0x98 ./Middlewares/ST/STM32_USB_Host_Library/Class/CDC/Src/usbh_cdc.o
 .debug_ranges  0x0000000000001250       0xb0 ./Middlewares/ST/STM32_USB_Host_Library/Core/Src/usbh_core.o
 .debug_ranges  0x0000000000001300       0x90 ./Middlewares/ST/STM32_USB_Host_Library/Core/Src/usbh_ctlreq.o
 .debug_ranges  0x0000000000001390       0x50 ./Middlewares/ST/STM32_USB_Host_Library/Core/Src/usbh_ioreq.o
 .debug_ranges  0x00000000000013e0       0x30 ./Middlewares/ST/STM32_USB_Host_Library/Core/Src/usbh_pipes.o
 .debug_ranges  0x0000000000001410       0x20 ./USB_HOST/App/usb_host.o
 .debug_ranges  0x0000000000001430       0xc8 ./USB_HOST/Target/usbh_conf.o
 .debug_ranges  0x00000000000014f8       0x10 ./USB_HOST/Target/usbh_platform.o

.debug_macro    0x0000000000000000    0x19b97
 .debug_macro   0x0000000000000000      0x23b ./Core/Src/main.o
 .debug_macro   0x000000000000023b      0xa78 ./Core/Src/main.o
 .debug_macro   0x0000000000000cb3      0x2ad ./Core/Src/main.o
 .debug_macro   0x0000000000000f60       0x2e ./Core/Src/main.o
 .debug_macro   0x0000000000000f8e       0x28 ./Core/Src/main.o
 .debug_macro   0x0000000000000fb6       0x22 ./Core/Src/main.o
 .debug_macro   0x0000000000000fd8       0x8e ./Core/Src/main.o
 .debug_macro   0x0000000000001066       0x51 ./Core/Src/main.o
 .debug_macro   0x00000000000010b7      0x103 ./Core/Src/main.o
 .debug_macro   0x00000000000011ba       0x6a ./Core/Src/main.o
 .debug_macro   0x0000000000001224      0x1df ./Core/Src/main.o
 .debug_macro   0x0000000000001403       0x1c ./Core/Src/main.o
 .debug_macro   0x000000000000141f       0x22 ./Core/Src/main.o
 .debug_macro   0x0000000000001441       0xd9 ./Core/Src/main.o
 .debug_macro   0x000000000000151a     0x102d ./Core/Src/main.o
 .debug_macro   0x0000000000002547      0x11f ./Core/Src/main.o
 .debug_macro   0x0000000000002666     0xb953 ./Core/Src/main.o
 .debug_macro   0x000000000000dfb9       0x6d ./Core/Src/main.o
 .debug_macro   0x000000000000e026     0x367e ./Core/Src/main.o
 .debug_macro   0x00000000000116a4      0x174 ./Core/Src/main.o
 .debug_macro   0x0000000000011818       0x5c ./Core/Src/main.o
 .debug_macro   0x0000000000011874      0x447 ./Core/Src/main.o
 .debug_macro   0x0000000000011cbb      0x9fe ./Core/Src/main.o
 .debug_macro   0x00000000000126b9      0x115 ./Core/Src/main.o
 .debug_macro   0x00000000000127ce      0x11b ./Core/Src/main.o
 .debug_macro   0x00000000000128e9       0xa5 ./Core/Src/main.o
 .debug_macro   0x000000000001298e      0x15f ./Core/Src/main.o
 .debug_macro   0x0000000000012aed      0x287 ./Core/Src/main.o
 .debug_macro   0x0000000000012d74       0x5f ./Core/Src/main.o
 .debug_macro   0x0000000000012dd3      0x236 ./Core/Src/main.o
 .debug_macro   0x0000000000013009      0x132 ./Core/Src/main.o
 .debug_macro   0x000000000001313b      0x264 ./Core/Src/main.o
 .debug_macro   0x000000000001339f       0x2e ./Core/Src/main.o
 .debug_macro   0x00000000000133cd      0x1b5 ./Core/Src/main.o
 .debug_macro   0x0000000000013582       0x22 ./Core/Src/main.o
 .debug_macro   0x00000000000135a4       0xd6 ./Core/Src/main.o
 .debug_macro   0x000000000001367a      0x1a7 ./Core/Src/main.o
 .debug_macro   0x0000000000013821       0x46 ./Core/Src/main.o
 .debug_macro   0x0000000000013867       0x4a ./Core/Src/main.o
 .debug_macro   0x00000000000138b1      0x11a ./Core/Src/main.o
 .debug_macro   0x00000000000139cb       0x85 ./Core/Src/main.o
 .debug_macro   0x0000000000013a50       0x89 ./Core/Src/main.o
 .debug_macro   0x0000000000013ad9      0x225 ./Core/Src/main.o
 .debug_macro   0x0000000000013cfe      0x8e6 ./Core/Src/main.o
 .debug_macro   0x00000000000145e4       0x47 ./Core/Src/main.o
 .debug_macro   0x000000000001462b      0x248 ./Core/Src/main.o
 .debug_macro   0x0000000000014873       0x7c ./Core/Src/main.o
 .debug_macro   0x00000000000148ef      0x126 ./Core/Src/main.o
 .debug_macro   0x0000000000014a15      0x17e ./Core/Src/main.o
 .debug_macro   0x0000000000014b93       0x22 ./Core/Src/main.o
 .debug_macro   0x0000000000014bb5      0x228 ./Core/Src/stm32f4xx_hal_msp.o
 .debug_macro   0x0000000000014ddd      0x232 ./Core/Src/stm32f4xx_it.o
 .debug_macro   0x000000000001500f       0xff ./Core/Src/sysmem.o
 .debug_macro   0x000000000001510e      0x23b ./Core/Src/sysmem.o
 .debug_macro   0x0000000000015349      0x219 ./Core/Src/system_stm32f4xx.o
 .debug_macro   0x0000000000015562      0x279 ./Drivers/STM32F4xx_HAL_Driver/Src/stm32f4xx_hal.o
 .debug_macro   0x00000000000157db      0x219 ./Drivers/STM32F4xx_HAL_Driver/Src/stm32f4xx_hal_cortex.o
 .debug_macro   0x00000000000159f4      0x21f ./Drivers/STM32F4xx_HAL_Driver/Src/stm32f4xx_hal_gpio.o
 .debug_macro   0x0000000000015c13      0x219 ./Drivers/STM32F4xx_HAL_Driver/Src/stm32f4xx_hal_hcd.o
 .debug_macro   0x0000000000015e2c      0x260 ./Drivers/STM32F4xx_HAL_Driver/Src/stm32f4xx_hal_i2c.o
 .debug_macro   0x000000000001608c      0x221 ./Drivers/STM32F4xx_HAL_Driver/Src/stm32f4xx_hal_i2s.o
 .debug_macro   0x00000000000162ad      0x219 ./Drivers/STM32F4xx_HAL_Driver/Src/stm32f4xx_hal_i2s_ex.o
 .debug_macro   0x00000000000164c6      0x23d ./Drivers/STM32F4xx_HAL_Driver/Src/stm32f4xx_hal_rcc.o
 .debug_macro   0x0000000000016703      0x219 ./Drivers/STM32F4xx_HAL_Driver/Src/stm32f4xx_hal_rcc_ex.o
 .debug_macro   0x000000000001691c      0x228 ./Drivers/STM32F4xx_HAL_Driver/Src/stm32f4xx_hal_spi.o
 .debug_macro   0x0000000000016b44      0x21a ./Drivers/STM32F4xx_HAL_Driver/Src/stm32f4xx_hal_tim.o
 .debug_macro   0x0000000000016d5e      0x219 ./Drivers/STM32F4xx_HAL_Driver/Src/stm32f4xx_hal_tim_ex.o
 .debug_macro   0x0000000000016f77      0x219 ./Drivers/STM32F4xx_HAL_Driver/Src/stm32f4xx_ll_usb.o
 .debug_macro   0x0000000000017190      0x447 ./Middlewares/ST/STM32_USB_Host_Library/Class/CDC/Src/usbh_cdc.o
 .debug_macro   0x00000000000175d7       0x16 ./Middlewares/ST/STM32_USB_Host_Library/Class/CDC/Src/usbh_cdc.o
 .debug_macro   0x00000000000175ed       0x97 ./Middlewares/ST/STM32_USB_Host_Library/Class/CDC/Src/usbh_cdc.o
 .debug_macro   0x0000000000017684       0xfd ./Middlewares/ST/STM32_USB_Host_Library/Class/CDC/Src/usbh_cdc.o
 .debug_macro   0x0000000000017781       0x16 ./Middlewares/ST/STM32_USB_Host_Library/Class/CDC/Src/usbh_cdc.o
 .debug_macro   0x0000000000017797       0x20 ./Middlewares/ST/STM32_USB_Host_Library/Class/CDC/Src/usbh_cdc.o
 .debug_macro   0x00000000000177b7       0x56 ./Middlewares/ST/STM32_USB_Host_Library/Class/CDC/Src/usbh_cdc.o
 .debug_macro   0x000000000001780d       0x73 ./Middlewares/ST/STM32_USB_Host_Library/Class/CDC/Src/usbh_cdc.o
 .debug_macro   0x0000000000017880      0x233 ./Middlewares/ST/STM32_USB_Host_Library/Class/CDC/Src/usbh_cdc.o
 .debug_macro   0x0000000000017ab3       0x2e ./Middlewares/ST/STM32_USB_Host_Library/Class/CDC/Src/usbh_cdc.o
 .debug_macro   0x0000000000017ae1       0x2e ./Middlewares/ST/STM32_USB_Host_Library/Class/CDC/Src/usbh_cdc.o
 .debug_macro   0x0000000000017b0f       0x28 ./Middlewares/ST/STM32_USB_Host_Library/Class/CDC/Src/usbh_cdc.o
 .debug_macro   0x0000000000017b37      0x15c ./Middlewares/ST/STM32_USB_Host_Library/Class/CDC/Src/usbh_cdc.o
 .debug_macro   0x0000000000017c93      0x444 ./Middlewares/ST/STM32_USB_Host_Library/Core/Src/usbh_core.o
 .debug_macro   0x00000000000180d7      0x43c ./Middlewares/ST/STM32_USB_Host_Library/Core/Src/usbh_ctlreq.o
 .debug_macro   0x0000000000018513       0x28 ./Middlewares/ST/STM32_USB_Host_Library/Core/Src/usbh_ctlreq.o
 .debug_macro   0x000000000001853b      0x436 ./Middlewares/ST/STM32_USB_Host_Library/Core/Src/usbh_ioreq.o
 .debug_macro   0x0000000000018971      0x436 ./Middlewares/ST/STM32_USB_Host_Library/Core/Src/usbh_pipes.o
 .debug_macro   0x0000000000018da7      0x445 ./USB_HOST/App/usb_host.o
 .debug_macro   0x00000000000191ec       0x52 ./USB_HOST/App/usb_host.o
 .debug_macro   0x000000000001923e      0x184 ./USB_HOST/App/usb_host.o
 .debug_macro   0x00000000000193c2      0x162 ./USB_HOST/App/usb_host.o
 .debug_macro   0x0000000000019524      0x446 ./USB_HOST/Target/usbh_conf.o
 .debug_macro   0x000000000001996a      0x22d ./USB_HOST/Target/usbh_platform.o

.debug_line     0x0000000000000000    0x1cc38
 .debug_line    0x0000000000000000      0xb1b ./Core/Src/main.o
 .debug_line    0x0000000000000b1b      0x92e ./Core/Src/stm32f4xx_hal_msp.o
 .debug_line    0x0000000000001449      0x86c ./Core/Src/stm32f4xx_it.o
 .debug_line    0x0000000000001cb5      0x526 ./Core/Src/sysmem.o
 .debug_line    0x00000000000021db      0x7fb ./Core/Src/system_stm32f4xx.o