../Core/Src/main.c:91:6:HAL_TIM_PeriodElapsedCallback	16	static
../Core/Src/main.c:100:6:TIM10_reinit	8	static
../Core/Src/main.c:110:10:get_tim10_us	16	static
../Core/Src/main.c:119:6:udelay_TIM10	24	static
../Core/Src/main.c:125:6:HAL_GPIO_EXTI_Callback	16	static
../Core/Src/main.c:161:5:main	576	static,ignoring_inline_asm
../Core/Src/main.c:261:6:SystemClock_Config	88	static
../Core/Src/main.c:307:13:MX_I2C1_Init	8	static
../Core/Src/main.c:341:13:MX_I2S3_Init	8	static
../Core/Src/main.c:375:13:MX_SPI1_Init	8	static
../Core/Src/main.c:413:13:MX_SPI2_Init	8	static
../Core/Src/main.c:451:13:MX_TIM10_Init	8	static
../Core/Src/main.c:482:13:MX_GPIO_Init	56	static
../Core/Src/main.c:597:6:Error_Handler	4	static,ignoring_inline_asm
