Archive member included to satisfy reference by file (symbol)

d:/desktop_apppps/stm32cubeide_1.10.1/stm32cubeide/plugins/com.st.stm32cube.ide.mcu.externaltools.gnu-tools-for-stm32.10.3-2021.10.win32_1.0.0.202111181127/tools/bin/../lib/gcc/arm-none-eabi/10.3.1/../../../../arm-none-eabi/lib/thumb/v7e-m+fp/hard\libc_nano.a(lib_a-errno.o)
                              ./Core/Src/syscalls.o (__errno)
d:/desktop_apppps/stm32cubeide_1.10.1/stm32cubeide/plugins/com.st.stm32cube.ide.mcu.externaltools.gnu-tools-for-stm32.10.3-2021.10.win32_1.0.0.202111181127/tools/bin/../lib/gcc/arm-none-eabi/10.3.1/../../../../arm-none-eabi/lib/thumb/v7e-m+fp/hard\libc_nano.a(lib_a-exit.o)
                              d:/desktop_apppps/stm32cubeide_1.10.1/stm32cubeide/plugins/com.st.stm32cube.ide.mcu.externaltools.gnu-tools-for-stm32.10.3-2021.10.win32_1.0.0.202111181127/tools/bin/../lib/gcc/arm-none-eabi/10.3.1/../../../../arm-none-eabi/lib/thumb/v7e-m+fp/hard/crt0.o (exit)
d:/desktop_apppps/stm32cubeide_1.10.1/stm32cubeide/plugins/com.st.stm32cube.ide.mcu.externaltools.gnu-tools-for-stm32.10.3-2021.10.win32_1.0.0.202111181127/tools/bin/../lib/gcc/arm-none-eabi/10.3.1/../../../../arm-none-eabi/lib/thumb/v7e-m+fp/hard\libc_nano.a(lib_a-impure.o)
                              d:/desktop_apppps/stm32cubeide_1.10.1/stm32cubeide/plugins/com.st.stm32cube.ide.mcu.externaltools.gnu-tools-for-stm32.10.3-2021.10.win32_1.0.0.202111181127/tools/bin/../lib/gcc/arm-none-eabi/10.3.1/../../../../arm-none-eabi/lib/thumb/v7e-m+fp/hard\libc_nano.a(lib_a-exit.o) (_global_impure_ptr)
d:/desktop_apppps/stm32cubeide_1.10.1/stm32cubeide/plugins/com.st.stm32cube.ide.mcu.externaltools.gnu-tools-for-stm32.10.3-2021.10.win32_1.0.0.202111181127/tools/bin/../lib/gcc/arm-none-eabi/10.3.1/../../../../arm-none-eabi/lib/thumb/v7e-m+fp/hard\libc_nano.a(lib_a-init.o)
                              d:/desktop_apppps/stm32cubeide_1.10.1/stm32cubeide/plugins/com.st.stm32cube.ide.mcu.externaltools.gnu-tools-for-stm32.10.3-2021.10.win32_1.0.0.202111181127/tools/bin/../lib/gcc/arm-none-eabi/10.3.1/../../../../arm-none-eabi/lib/thumb/v7e-m+fp/hard/crt0.o (__libc_init_array)
d:/desktop_apppps/stm32cubeide_1.10.1/stm32cubeide/plugins/com.st.stm32cube.ide.mcu.externaltools.gnu-tools-for-stm32.10.3-2021.10.win32_1.0.0.202111181127/tools/bin/../lib/gcc/arm-none-eabi/10.3.1/../../../../arm-none-eabi/lib/thumb/v7e-m+fp/hard\libc_nano.a(lib_a-malloc.o)
                              ./Middlewares/ST/STM32_USB_Host_Library/Class/CDC/Src/usbh_cdc.o (malloc)
d:/desktop_apppps/stm32cubeide_1.10.1/stm32cubeide/plugins/com.st.stm32cube.ide.mcu.externaltools.gnu-tools-for-stm32.10.3-2021.10.win32_1.0.0.202111181127/tools/bin/../lib/gcc/arm-none-eabi/10.3.1/../../../../arm-none-eabi/lib/thumb/v7e-m+fp/hard\libc_nano.a(lib_a-memset.o)
                              d:/desktop_apppps/stm32cubeide_1.10.1/stm32cubeide/plugins/com.st.stm32cube.ide.mcu.externaltools.gnu-tools-for-stm32.10.3-2021.10.win32_1.0.0.202111181127/tools/bin/../lib/gcc/arm-none-eabi/10.3.1/../../../../arm-none-eabi/lib/thumb/v7e-m+fp/hard/crt0.o (memset)
d:/desktop_apppps/stm32cubeide_1.10.1/stm32cubeide/plugins/com.st.stm32cube.ide.mcu.externaltools.gnu-tools-for-stm32.10.3-2021.10.win32_1.0.0.202111181127/tools/bin/../lib/gcc/arm-none-eabi/10.3.1/../../../../arm-none-eabi/lib/thumb/v7e-m+fp/hard\libc_nano.a(lib_a-nano-freer.o)
                              d:/desktop_apppps/stm32cubeide_1.10.1/stm32cubeide/plugins/com.st.stm32cube.ide.mcu.externaltools.gnu-tools-for-stm32.10.3-2021.10.win32_1.0.0.202111181127/tools/bin/../lib/gcc/arm-none-eabi/10.3.1/../../../../arm-none-eabi/lib/thumb/v7e-m+fp/hard\libc_nano.a(lib_a-malloc.o) (_free_r)
d:/desktop_apppps/stm32cubeide_1.10.1/stm32cubeide/plugins/com.st.stm32cube.ide.mcu.externaltools.gnu-tools-for-stm32.10.3-2021.10.win32_1.0.0.202111181127/tools/bin/../lib/gcc/arm-none-eabi/10.3.1/../../../../arm-none-eabi/lib/thumb/v7e-m+fp/hard\libc_nano.a(lib_a-nano-mallocr.o)
                              d:/desktop_apppps/stm32cubeide_1.10.1/stm32cubeide/plugins/com.st.stm32cube.ide.mcu.externaltools.gnu-tools-for-stm32.10.3-2021.10.win32_1.0.0.202111181127/tools/bin/../lib/gcc/arm-none-eabi/10.3.1/../../../../arm-none-eabi/lib/thumb/v7e-m+fp/hard\libc_nano.a(lib_a-malloc.o) (_malloc_r)
d:/desktop_apppps/stm32cubeide_1.10.1/stm32cubeide/plugins/com.st.stm32cube.ide.mcu.externaltools.gnu-tools-for-stm32.10.3-2021.10.win32_1.0.0.202111181127/tools/bin/../lib/gcc/arm-none-eabi/10.3.1/../../../../arm-none-eabi/lib/thumb/v7e-m+fp/hard\libc_nano.a(lib_a-sbrkr.o)
                              d:/desktop_apppps/stm32cubeide_1.10.1/stm32cubeide/plugins/com.st.stm32cube.ide.mcu.externaltools.gnu-tools-for-stm32.10.3-2021.10.win32_1.0.0.202111181127/tools/bin/../lib/gcc/arm-none-eabi/10.3.1/../../../../arm-none-eabi/lib/thumb/v7e-m+fp/hard\libc_nano.a(lib_a-nano-mallocr.o) (_sbrk_r)
[...]
Memory Configuration

Name             Origin             Length             Attributes
RAM              0x0000000020000000 0x0000000000020000 xrw
FLASH            0x0000000008000000 0x0000000000080000 xr
*default*        0x0000000000000000 0xffffffffffffffff

Linker script and memory map

LOAD d:/desktop_apppps/stm32cubeide_1.10.1/stm32cubeide/plugins/com.st.stm32cube.ide.mcu.externaltools.gnu-tools-for-stm32.10.3-2021.10.win32_1.0.0.202111181127/tools/bin/../lib/gcc/arm-none-eabi/10.3.1/thumb/v7e-m+fp/hard/crti.o
LOAD d:/desktop_apppps/stm32cubeide_1.10.1/stm32cubeide/plugins/com.st.stm32cube.ide.mcu.externaltools.gnu-tools-for-stm32.10.3-2021.10.win32_1.0.0.202111181127/tools/bin/../lib/gcc/arm-none-eabi/10.3.1/thumb/v7e-m+fp/hard/crtbegin.o
LOAD d:/desktop_apppps/stm32cubeide_1.10.1/stm32cubeide/plugins/com.st.stm32cube.ide.mcu.externaltools.gnu-tools-for-stm32.10.3-2021.10.win32_1.0.0.202111181127/tools/bin/../lib/gcc/arm-none-eabi/10.3.1/../../../../arm-none-eabi/lib/thumb/v7e-m+fp/hard/crt0.o
LOAD ./Core/Src/main.o
LOAD ./Core/Src/stm32f4xx_hal_msp.o
LOAD ./Core/Src/stm32f4xx_it.o
LOAD ./Core/Src/syscalls.o
LOAD ./Core/Src/sysmem.o
LOAD ./Core/Src/system_stm32f4xx.o
LOAD ./Core/Startup/startup_stm32f411vetx.o
LOAD ./Drivers/STM32F4xx_HAL_Driver/Src/stm32f4xx_hal.o
LOAD ./Drivers/STM32F4xx_HAL_Driver/Src/stm32f4xx_hal_cortex.o
LOAD ./Drivers/STM32F4xx_HAL_Driver/Src/stm32f4xx_hal_dma.o
LOAD ./Drivers/STM32F4xx_HAL_Driver/Src/stm32f4xx_hal_dma_ex.o
LOAD ./Drivers/STM32F4xx_HAL_Driver/Src/stm32f4xx_hal_exti.o
LOAD ./Drivers/STM32F4xx_HAL_Driver/Src/stm32f4xx_hal_flash.o
LOAD ./Drivers/STM32F4xx_HAL_Driver/Src/stm32f4xx_hal_flash_ex.o
LOAD ./Drivers/STM32F4xx_HAL_Driver/Src/stm32f4xx_hal_flash_ramfunc.o
LOAD ./Drivers/STM32F4xx_HAL_Driver/Src/stm32f4xx_hal_gpio.o
LOAD ./Drivers/STM32F4xx_HAL_Driver/Src/stm32f4xx_hal_hcd.o
LOAD ./Drivers/STM32F4xx_HAL_Driver/Src/stm32f4xx_hal_i2c.o
LOAD ./Drivers/STM32F4xx_HAL_Driver/Src/stm32f4xx_hal_i2c_ex.o
LOAD ./Drivers/STM32F4xx_HAL_Driver/Src/stm32f4xx_hal_i2s.o
LOAD ./Drivers/STM32F4xx_HAL_Driver/Src/stm32f4xx_hal_i2s_ex.o
LOAD ./Drivers/STM32F4xx_HAL_Driver/Src/stm32f4xx_hal_pwr.o
LOAD ./Drivers/STM32F4xx_HAL_Driver/Src/stm32f4xx_hal_pwr_ex.o
LOAD ./Drivers/STM32F4xx_HAL_Driver/Src/stm32f4xx_hal_rcc.o
LOAD ./Drivers/STM32F4xx_HAL_Driver/Src/stm32f4xx_hal_rcc_ex.o
LOAD ./Drivers/STM32F4xx_HAL_Driver/Src/stm32f4xx_hal_spi.o
LOAD ./Drivers/STM32F4xx_HAL_Driver/Src/stm32f4xx_hal_tim.o
LOAD ./Drivers/STM32F4xx_HAL_Driver/Src/stm32f4xx_hal_tim_ex.o
LOAD ./Drivers/STM32F4xx_HAL_Driver/Src/stm32f4xx_ll_usb.o
LOAD ./Middlewares/ST/STM32_USB_Host_Library/Class/CDC/Src/usbh_cdc.o
LOAD ./Middlewares/ST/STM32_USB_Host_Library/Core/Src/usbh_core.o
LOAD ./Middlewares/ST/STM32_USB_Host_Library/Core/Src/usbh_ctlreq.o
LOAD ./Middlewares/ST/STM32_USB_Host_Library/Core/Src/usbh_ioreq.o
LOAD ./Middlewares/ST/STM32_USB_Host_Library/Core/Src/usbh_pipes.o
LOAD ./USB_HOST/App/usb_host.o
LOAD ./USB_HOST/Target/usbh_conf.o
LOAD ./USB_HOST/Target/usbh_platform.o
START GROUP
LOAD d:/desktop_apppps/stm32cubeide_1.10.1/stm32cubeide/plugins/com.st.stm32cube.ide.mcu.externaltools.gnu-tools-for-stm32.10.3-2021.10.win32_1.0.0.202111181127/tools/bin/../lib/gcc/arm-none-eabi/10.3.1/../../../../arm-none-eabi/lib/thumb/v7e-m+fp/hard\libstdc++_nano.a
LOAD d:/desktop_apppps/stm32cubeide_1.10.1/stm32cubeide/plugins/com.st.stm32cube.ide.mcu.externaltools.gnu-tools-for-stm32.10.3-2021.10.win32_1.0.0.202111181127/tools/bin/../lib/gcc/arm-none-eabi/10.3.1/../../../../arm-none-eabi/lib/thumb/v7e-m+fp/hard\libsupc++_nano.a
END GROUP
LOAD d:/desktop_apppps/stm32cubeide_1.10.1/stm32cubeide/plugins/com.st.stm32cube.ide.mcu.externaltools.gnu-tools-for-stm32.10.3-2021.10.win32_1.0.0.202111181127/tools/bin/../lib/gcc/arm-none-eabi/10.3.1/../../../../arm-none-eabi/lib/thumb/v7e-m+fp/hard\libstdc++_nano.a
LOAD d:/desktop_apppps/stm32cubeide_1.10.1/stm32cubeide/plugins/com.st.stm32cube.ide.mcu.externaltools.gnu-tools-for-stm32.10.3-2021.10.win32_1.0.0.202111181127/tools/bin/../lib/gcc/arm-none-eabi/10.3.1/../../../../arm-none-eabi/lib/thumb/v7e-m+fp/hard\libm.a
LOAD d:/desktop_apppps/stm32cubeide_1.10.1/stm32cubeide/plugins/com.st.stm32cube.ide.mcu.externaltools.gnu-tools-for-stm32.10.3-2021.10.win32_1.0.0.202111181127/tools/bin/../lib/gcc/arm-none-eabi/10.3.1/../../../../arm-none-eabi/lib/thumb/v7e-m+fp/hard\libc_nano.a
START GROUP
LOAD d:/desktop_apppps/stm32cubeide_1.10.1/stm32cubeide/plugins/com.st.stm32cube.ide.mcu.externaltools.gnu-tools-for-stm32.10.3-2021.10.win32_1.0.0.202111181127/tools/bin/../lib/gcc/arm-none-eabi/10.3.1/thumb/v7e-m+fp/hard\libgcc.a
LOAD d:/desktop_apppps/stm32cubeide_1.10.1/stm32cubeide/plugins/com.st.stm32cube.ide.mcu.externaltools.gnu-tools-for-stm32.10.3-2021.10.win32_1.0.0.202111181127/tools/bin/../lib/gcc/arm-none-eabi/10.3.1/../../../../arm-none-eabi/lib/thumb/v7e-m+fp/hard\libc_nano.a
END GROUP
START GROUP
LOAD d:/desktop_apppps/stm32cubeide_1.10.1/stm32cubeide/plugins/com.st.stm32cube.ide.mcu.externaltools.gnu-tools-for-stm32.10.3-2021.10.win32_1.0.0.202111181127/tools/bin/../lib/gcc/arm-none-eabi/10.3.1/thumb/v7e-m+fp/hard\libgcc.a
LOAD d:/desktop_apppps/stm32cubeide_1.10.1/stm32cubeide/plugins/com.st.stm32cube.ide.mcu.externaltools.gnu-tools-for-stm32.10.3-2021.10.win32_1.0.0.202111181127/tools/bin/../lib/gcc/arm-none-eabi/10.3.1/../../../../arm-none-eabi/lib/thumb/v7e-m+fp/hard\libc_nano.a
LOAD d:/desktop_apppps/stm32cubeide_1.10.1/stm32cubeide/plugins/com.st.stm32cube.ide.mcu.externaltools.gnu-tools-for-stm32.10.3-2021.10.win32_1.0.0.202111181127/tools/bin/../lib/gcc/arm-none-eabi/10.3.1/../../../../arm-none-eabi/lib/thumb/v7e-m+fp/hard\libnosys.a
END GROUP
START GROUP
LOAD d:/desktop_apppps/stm32cubeide_1.10.1/stm32cubeide/plugins/com.st.stm32cube.ide.mcu.externaltools.gnu-tools-for-stm32.10.3-2021.10.win32_1.0.0.202111181127/tools/bin/../lib/gcc/arm-none-eabi/10.3.1/thumb/v7e-m+fp/hard\libgcc.a
LOAD d:/desktop_apppps/stm32cubeide_1.10.1/stm32cubeide/plugins/com.st.stm32cube.ide.mcu.externaltools.gnu-tools-for-stm32.10.3-2021.10.win32_1.0.0.202111181127/tools/bin/../lib/gcc/arm-none-eabi/10.3.1/../../../../arm-none-eabi/lib/thumb/v7e-m+fp/hard\libc_nano.a
LOAD d:/desktop_apppps/stm32cubeide_1.10.1/stm32cubeide/plugins/com.st.stm32cube.ide.mcu.externaltools.gnu-tools-for-stm32.10.3-2021.10.win32_1.0.0.202111181127/tools/bin/../lib/gcc/arm-none-eabi/10.3.1/../../../../arm-none-eabi/lib/thumb/v7e-m+fp/hard\libnosys.a
END GROUP
LOAD d:/desktop_apppps/stm32cubeide_1.10.1/stm32cubeide/plugins/com.st.stm32cube.ide.mcu.externaltools.gnu-tools-for-stm32.10.3-2021.10.win32_1.0.0.202111181127/tools/bin/../lib/gcc/arm-none-eabi/10.3.1/thumb/v7e-m+fp/hard/crtend.o
LOAD d:/desktop_apppps/stm32cubeide_1.10.1/stm32cubeide/plugins/com.st.stm32cube.ide.mcu.externaltools.gnu-tools-for-stm32.10.3-2021.10.win32_1.0.0.202111181127/tools/bin/../lib/gcc/arm-none-eabi/10.3.1/thumb/v7e-m+fp/hard/crtn.o
                0x0000000020020000                _estack = (ORIGIN (RAM) + LENGTH (RAM))
                0x0000000000000200                _Min_Heap_Size = 0x200
                0x0000000000000400                _Min_Stack_Size = 0x400

.isr_vector     0x0000000008000000      0x198
                0x0000000008000000                . = ALIGN (0x4)
 *(.isr_vector)
 .isr_vector    0x0000000008000000      0x198 ./Core/Startup/startup_stm32f411vetx.o
                0x0000000008000000                g_pfnVectors
                0x0000000008000198                . = ALIGN (0x4)

.text           0x0000000008000198     0x7cd0
                0x0000000008000198                . = ALIGN (0x4)
 *(.text)
 .text          0x0000000008000198       0x40 d:/desktop_apppps/stm32cubeide_1.10.1/stm32cubeide/plugins/com.st.stm32cube.ide.mcu.externaltools.gnu-tools-for-stm32.10.3-2021.10.win32_1.0.0.202111181127/tools/bin/../lib/gcc/arm-none-eabi/10.3.1/thumb/v7e-m+fp/hard/crtbegin.o
 .text          0x00000000080001d8       0x30 d:/desktop_apppps/stm32cubeide_1.10.1/stm32cubeide/plugins/com.st.stm32cube.ide.mcu.externaltools.gnu-tools-for-stm32.10.3-2021.10.win32_1.0.0.202111181127/tools/bin/../lib/gcc/arm-none-eabi/10.3.1/thumb/v7e-m+fp/hard\libgcc.a(_aeabi_uldivmod.o)
                0x00000000080001d8                __aeabi_uldivmod
 .text          0x0000000008000208      0x2d0 d:/desktop_apppps/stm32cubeide_1.10.1/stm32cubeide/plugins/com.st.stm32cube.ide.mcu.externaltools.gnu-tools-for-stm32.10.3-2021.10.win32_1.0.0.202111181127/tools/bin/../lib/gcc/arm-none-eabi/10.3.1/thumb/v7e-m+fp/hard\libgcc.a(_udivmoddi4.o)
                0x0000000008000208                __udivmoddi4
 .text          0x00000000080004d8        0x4 d:/desktop_apppps/stm32cubeide_1.10.1/stm32cubeide/plugins/com.st.stm32cube.ide.mcu.externaltools.gnu-tools-for-stm32.10.3-2021.10.win32_1.0.0.202111181127/tools/bin/../lib/gcc/arm-none-eabi/10.3.1/thumb/v7e-m+fp/hard\libgcc.a(_dvmd_tls.o)
                0x00000000080004d8                __aeabi_idiv0
                0x00000000080004d8                __aeabi_ldiv0
 *(.text*)
 .text.HAL_GPIO_EXTI_Callback
                0x00000000080004dc       0x78 ./Core/Src/main.o
                0x00000000080004dc                HAL_GPIO_EXTI_Callback
 .text.main     0x0000000008000554       0x6c ./Core/Src/main.o
                0x0000000008000554                main
 .text.SystemClock_Config
                0x00000000080005c0       0xd0 ./Core/Src/main.o
                0x00000000080005c0                SystemClock_Config
 .text.PeriphCommonClock_Config
                0x0000000008000690       0x40 ./Core/Src/main.o
                0x0000000008000690                PeriphCommonClock_Config
 .text.MX_I2C1_Init
                0x00000000080006d0       0x5c ./Core/Src/main.o
 .text.MX_I2S2_Init
                0x000000000800072c       0x5c ./Core/Src/main.o
 .text.MX_I2S3_Init
                0x0000000008000788       0x60 ./Core/Src/main.o
 .text.MX_SPI1_Init
                0x00000000080007e8       0x6c ./Core/Src/main.o
 .text.MX_GPIO_Init
                0x0000000008000854      0x1f4 ./Core/Src/main.o
 .text.Error_Handler
                0x0000000008000a48        0xa ./Core/Src/main.o
                0x0000000008000a48                Error_Handler
 *fill*         0x0000000008000a52        0x2 
 .text.HAL_MspInit
                0x0000000008000a54       0x50 ./Core/Src/stm32f4xx_hal_msp.o
                0x0000000008000a54                HAL_MspInit
 .text.HAL_I2C_MspInit
                0x0000000008000aa4       0x90 ./Core/Src/stm32f4xx_hal_msp.o
                0x0000000008000aa4                HAL_I2C_MspInit
 .text.HAL_I2S_MspInit
                0x0000000008000b34      0x19c ./Core/Src/stm32f4xx_hal_msp.o
                0x0000000008000b34                HAL_I2S_MspInit
 .text.HAL_SPI_MspInit
                0x0000000008000cd0       0x90 ./Core/Src/stm32f4xx_hal_msp.o
                0x0000000008000cd0                HAL_SPI_MspInit
 .text.NMI_Handler
                0x0000000008000d60        0x6 ./Core/Src/stm32f4xx_it.o
                0x0000000008000d60                NMI_Handler
 .text.HardFault_Handler
                0x0000000008000d66        0x6 ./Core/Src/stm32f4xx_it.o
                0x0000000008000d66                HardFault_Handler
 .text.MemManage_Handler
                0x0000000008000d6c        0x6 ./Core/Src/stm32f4xx_it.o
                0x0000000008000d6c                MemManage_Handler
 .text.BusFault_Handler
                0x0000000008000d72        0x6 ./Core/Src/stm32f4xx_it.o
                0x0000000008000d72                BusFault_Handler
 .text.UsageFault_Handler
                0x0000000008000d78        0x6 ./Core/Src/stm32f4xx_it.o
                0x0000000008000d78                UsageFault_Handler
 .text.SVC_Handler
                0x0000000008000d7e        0xe ./Core/Src/stm32f4xx_it.o
                0x0000000008000d7e                SVC_Handler
 .text.DebugMon_Handler
                0x0000000008000d8c        0xe ./Core/Src/stm32f4xx_it.o
                0x0000000008000d8c                DebugMon_Handler
 .text.PendSV_Handler
                0x0000000008000d9a        0xe ./Core/Src/stm32f4xx_it.o
                0x0000000008000d9a                PendSV_Handler
 .text.SysTick_Handler
                0x0000000008000da8        0xc ./Core/Src/stm32f4xx_it.o
                0x0000000008000da8                SysTick_Handler
 .text.EXTI0_IRQHandler
                0x0000000008000db4        0xe ./Core/Src/stm32f4xx_it.o
                0x0000000008000db4                EXTI0_IRQHandler
 .text.EXTI1_IRQHandler
                0x0000000008000dc2        0xe ./Core/Src/stm32f4xx_it.o
                0x0000000008000dc2                EXTI1_IRQHandler
 .text.OTG_FS_IRQHandler
                0x0000000008000dd0       0x14 ./Core/Src/stm32f4xx_it.o
                0x0000000008000dd0                OTG_FS_IRQHandler
 .text._sbrk    0x0000000008000de4       0x6c ./Core/Src/sysmem.o
                0x0000000008000de4                _sbrk
 .text.SystemInit
                0x0000000008000e50       0x24 ./Core/Src/system_stm32f4xx.o
                0x0000000008000e50                SystemInit
 .text.Reset_Handler
                0x0000000008000e74       0x50 ./Core/Startup/startup_stm32f411vetx.o
                0x0000000008000e74                Reset_Handler
 .text.Default_Handler
                0x0000000008000ec4        0x2 ./Core/Startup/startup_stm32f411vetx.o
                0x0000000008000ec4                RTC_Alarm_IRQHandler
                0x0000000008000ec4                EXTI2_IRQHandler
                0x0000000008000ec4                SPI4_IRQHandler
                0x0000000008000ec4                TIM1_CC_IRQHandler
                0x0000000008000ec4                DMA2_Stream5_IRQHandler
                0x0000000008000ec4                DMA1_Stream5_IRQHandler
                0x0000000008000ec4                PVD_IRQHandler
                0x0000000008000ec4                SDIO_IRQHandler
                0x0000000008000ec4                TAMP_STAMP_IRQHandler
                0x0000000008000ec4                EXTI3_IRQHandler
                0x0000000008000ec4                TIM1_UP_TIM10_IRQHandler
                0x0000000008000ec4                I2C3_ER_IRQHandler
                0x0000000008000ec4                I2C2_EV_IRQHandler
                0x0000000008000ec4                DMA1_Stream2_IRQHandler
                0x0000000008000ec4                FPU_IRQHandler
                0x0000000008000ec4                DMA2_Stream2_IRQHandler
                0x0000000008000ec4                SPI1_IRQHandler
                0x0000000008000ec4                TIM1_BRK_TIM9_IRQHandler
                0x0000000008000ec4                DMA2_Stream3_IRQHandler
                0x0000000008000ec4                USART6_IRQHandler
                0x0000000008000ec4                DMA2_Stream0_IRQHandler
                0x0000000008000ec4                TIM4_IRQHandler
                0x0000000008000ec4                I2C1_EV_IRQHandler
                0x0000000008000ec4                DMA1_Stream6_IRQHandler
                0x0000000008000ec4                DMA1_Stream1_IRQHandler
                0x0000000008000ec4                TIM3_IRQHandler
                0x0000000008000ec4                RCC_IRQHandler
                0x0000000008000ec4                Default_Handler
                0x0000000008000ec4                EXTI15_10_IRQHandler
                0x0000000008000ec4                ADC_IRQHandler
                0x0000000008000ec4                DMA1_Stream7_IRQHandler
                0x0000000008000ec4                SPI5_IRQHandler
                0x0000000008000ec4                TIM5_IRQHandler
                0x0000000008000ec4                DMA2_Stream7_IRQHandler
                0x0000000008000ec4                I2C3_EV_IRQHandler
                0x0000000008000ec4                EXTI9_5_IRQHandler
                0x0000000008000ec4                RTC_WKUP_IRQHandler
                0x0000000008000ec4                SPI2_IRQHandler
                0x0000000008000ec4                DMA1_Stream0_IRQHandler
                0x0000000008000ec4                EXTI4_IRQHandler
                0x0000000008000ec4                WWDG_IRQHandler
                0x0000000008000ec4                TIM2_IRQHandler
                0x0000000008000ec4                OTG_FS_WKUP_IRQHandler
                0x0000000008000ec4                TIM1_TRG_COM_TIM11_IRQHandler
                0x0000000008000ec4                USART2_IRQHandler
                0x0000000008000ec4                I2C2_ER_IRQHandler
                0x0000000008000ec4                DMA2_Stream1_IRQHandler
                0x0000000008000ec4                FLASH_IRQHandler
                0x0000000008000ec4                DMA2_Stream4_IRQHandler
                0x0000000008000ec4                USART1_IRQHandler
                0x0000000008000ec4                SPI3_IRQHandler
                0x0000000008000ec4                DMA1_Stream4_IRQHandler
                0x0000000008000ec4                I2C1_ER_IRQHandler
                0x0000000008000ec4                DMA2_Stream6_IRQHandler
                0x0000000008000ec4                DMA1_Stream3_IRQHandler
 *fill*         0x0000000008000ec6        0x2 
 .text.HAL_Init
                0x0000000008000ec8       0x44 ./Drivers/STM32F4xx_HAL_Driver/Src/stm32f4xx_hal.o
                0x0000000008000ec8                HAL_Init
 .text.HAL_InitTick
                0x0000000008000f0c       0x60 ./Drivers/STM32F4xx_HAL_Driver/Src/stm32f4xx_hal.o
                0x0000000008000f0c                HAL_InitTick
 .text.HAL_IncTick
                0x0000000008000f6c       0x28 ./Drivers/STM32F4xx_HAL_Driver/Src/stm32f4xx_hal.o
                0x0000000008000f6c                HAL_IncTick
 .text.HAL_GetTick
                0x0000000008000f94       0x18 ./Drivers/STM32F4xx_HAL_Driver/Src/stm32f4xx_hal.o
                0x0000000008000f94                HAL_GetTick
 .text.HAL_Delay
                0x0000000008000fac       0x48 ./Drivers/STM32F4xx_HAL_Driver/Src/stm32f4xx_hal.o
                0x0000000008000fac                HAL_Delay
 .text.__NVIC_SetPriorityGrouping
                0x0000000008000ff4       0x48 ./Drivers/STM32F4xx_HAL_Driver/Src/stm32f4xx_hal_cortex.o
 .text.__NVIC_GetPriorityGrouping
                0x000000000800103c       0x1c ./Drivers/STM32F4xx_HAL_Driver/Src/stm32f4xx_hal_cortex.o
 .text.__NVIC_EnableIRQ
                0x0000000008001058       0x3c ./Drivers/STM32F4xx_HAL_Driver/Src/stm32f4xx_hal_cortex.o
 .text.__NVIC_SetPriority
                0x0000000008001094       0x54 ./Drivers/STM32F4xx_HAL_Driver/Src/stm32f4xx_hal_cortex.o
 .text.NVIC_EncodePriority
                0x00000000080010e8       0x66 ./Drivers/STM32F4xx_HAL_Driver/Src/stm32f4xx_hal_cortex.o
 *fill*         0x000000000800114e        0x2 
 .text.SysTick_Config
                0x0000000008001150       0x44 ./Drivers/STM32F4xx_HAL_Driver/Src/stm32f4xx_hal_cortex.o
 .text.HAL_NVIC_SetPriorityGrouping
                0x0000000008001194       0x16 ./Drivers/STM32F4xx_HAL_Driver/Src/stm32f4xx_hal_cortex.o
                0x0000000008001194                HAL_NVIC_SetPriorityGrouping
 .text.HAL_NVIC_SetPriority
                0x00000000080011aa       0x38 ./Drivers/STM32F4xx_HAL_Driver/Src/stm32f4xx_hal_cortex.o
                0x00000000080011aa                HAL_NVIC_SetPriority
 .text.HAL_NVIC_EnableIRQ
                0x00000000080011e2       0x1c ./Drivers/STM32F4xx_HAL_Driver/Src/stm32f4xx_hal_cortex.o
                0x00000000080011e2                HAL_NVIC_EnableIRQ
 .text.HAL_SYSTICK_Config
                0x00000000080011fe       0x18 ./Drivers/STM32F4xx_HAL_Driver/Src/stm32f4xx_hal_cortex.o
                0x00000000080011fe                HAL_SYSTICK_Config
 *fill*         0x0000000008001216        0x2 
 .text.HAL_GPIO_Init
                0x0000000008001218      0x308 ./Drivers/STM32F4xx_HAL_Driver/Src/stm32f4xx_hal_gpio.o
                0x0000000008001218                HAL_GPIO_Init
 .text.HAL_GPIO_WritePin
                0x0000000008001520       0x32 ./Drivers/STM32F4xx_HAL_Driver/Src/stm32f4xx_hal_gpio.o
                0x0000000008001520                HAL_GPIO_WritePin
 *fill*         0x0000000008001552        0x2 
 .text.HAL_GPIO_EXTI_IRQHandler
                0x0000000008001554       0x30 ./Drivers/STM32F4xx_HAL_Driver/Src/stm32f4xx_hal_gpio.o
                0x0000000008001554                HAL_GPIO_EXTI_IRQHandler
 .text.HAL_HCD_Init
                0x0000000008001584       0xc4 ./Drivers/STM32F4xx_HAL_Driver/Src/stm32f4xx_hal_hcd.o
                0x0000000008001584                HAL_HCD_Init
 .text.HAL_HCD_HC_Init
                0x0000000008001648      0x11e ./Drivers/STM32F4xx_HAL_Driver/Src/stm32f4xx_hal_hcd.o
                0x0000000008001648                HAL_HCD_HC_Init
 .text.HAL_HCD_HC_Halt
                0x0000000008001766       0x46 ./Drivers/STM32F4xx_HAL_Driver/Src/stm32f4xx_hal_hcd.o
                0x0000000008001766                HAL_HCD_HC_Halt
 .text.HAL_HCD_HC_SubmitRequest
                0x00000000080017ac      0x2ac ./Drivers/STM32F4xx_HAL_Driver/Src/stm32f4xx_hal_hcd.o
                0x00000000080017ac                HAL_HCD_HC_SubmitRequest
 .text.HAL_HCD_IRQHandler
                0x0000000008001a58      0x216 ./Drivers/STM32F4xx_HAL_Driver/Src/stm32f4xx_hal_hcd.o
                0x0000000008001a58                HAL_HCD_IRQHandler
 .text.HAL_HCD_Start
                0x0000000008001c6e       0x46 ./Drivers/STM32F4xx_HAL_Driver/Src/stm32f4xx_hal_hcd.o
                0x0000000008001c6e                HAL_HCD_Start
 .text.HAL_HCD_Stop
                0x0000000008001cb4       0x3a ./Drivers/STM32F4xx_HAL_Driver/Src/stm32f4xx_hal_hcd.o
                0x0000000008001cb4                HAL_HCD_Stop
 .text.HAL_HCD_ResetPort
                0x0000000008001cee       0x1c ./Drivers/STM32F4xx_HAL_Driver/Src/stm32f4xx_hal_hcd.o
                0x0000000008001cee                HAL_HCD_ResetPort
 .text.HAL_HCD_HC_GetURBState
                0x0000000008001d0a       0x28 ./Drivers/STM32F4xx_HAL_Driver/Src/stm32f4xx_hal_hcd.o
                0x0000000008001d0a                HAL_HCD_HC_GetURBState
 .text.HAL_HCD_HC_GetXferCount
                0x0000000008001d32       0x28 ./Drivers/STM32F4xx_HAL_Driver/Src/stm32f4xx_hal_hcd.o
                0x0000000008001d32                HAL_HCD_HC_GetXferCount
 .text.HAL_HCD_GetCurrentFrame
                0x0000000008001d5a       0x1c ./Drivers/STM32F4xx_HAL_Driver/Src/stm32f4xx_hal_hcd.o
                0x0000000008001d5a                HAL_HCD_GetCurrentFrame
 .text.HAL_HCD_GetCurrentSpeed
                0x0000000008001d76       0x1c ./Drivers/STM32F4xx_HAL_Driver/Src/stm32f4xx_hal_hcd.o
                0x0000000008001d76                HAL_HCD_GetCurrentSpeed
 .text.HCD_HC_IN_IRQHandler
                0x0000000008001d92      0x6aa ./Drivers/STM32F4xx_HAL_Driver/Src/stm32f4xx_hal_hcd.o
 .text.HCD_HC_OUT_IRQHandler
                0x000000000800243c      0x6d2 ./Drivers/STM32F4xx_HAL_Driver/Src/stm32f4xx_hal_hcd.o
 .text.HCD_RXQLVL_IRQHandler
                0x0000000008002b0e      0x1a4 ./Drivers/STM32F4xx_HAL_Driver/Src/stm32f4xx_hal_hcd.o
 .text.HCD_Port_IRQHandler
                0x0000000008002cb2       0xe6 ./Drivers/STM32F4xx_HAL_Driver/Src/stm32f4xx_hal_hcd.o
 .text.HAL_I2C_Init
                0x0000000008002d98      0x288 ./Drivers/STM32F4xx_HAL_Driver/Src/stm32f4xx_hal_i2c.o
                0x0000000008002d98                HAL_I2C_Init
 .text.HAL_I2S_Init
                0x0000000008003020      0x280 ./Drivers/STM32F4xx_HAL_Driver/Src/stm32f4xx_hal_i2s.o
                0x0000000008003020                HAL_I2S_Init
 .text.HAL_I2S_TxCpltCallback
                0x00000000080032a0       0x14 ./Drivers/STM32F4xx_HAL_Driver/Src/stm32f4xx_hal_i2s.o
                0x00000000080032a0                HAL_I2S_TxCpltCallback
 .text.HAL_I2S_RxCpltCallback
                0x00000000080032b4       0x14 ./Drivers/STM32F4xx_HAL_Driver/Src/stm32f4xx_hal_i2s.o
                0x00000000080032b4                HAL_I2S_RxCpltCallback
 .text.HAL_I2S_ErrorCallback
                0x00000000080032c8       0x14 ./Drivers/STM32F4xx_HAL_Driver/Src/stm32f4xx_hal_i2s.o
                0x00000000080032c8                HAL_I2S_ErrorCallback
 .text.I2S_Transmit_IT
                0x00000000080032dc       0x5c ./Drivers/STM32F4xx_HAL_Driver/Src/stm32f4xx_hal_i2s.o
 .text.I2S_Receive_IT
                0x0000000008003338       0x5e ./Drivers/STM32F4xx_HAL_Driver/Src/stm32f4xx_hal_i2s.o
 .text.I2S_IRQHandler
                0x0000000008003396      0x114 ./Drivers/STM32F4xx_HAL_Driver/Src/stm32f4xx_hal_i2s.o
 *fill*         0x00000000080034aa        0x2 
 .text.HAL_I2SEx_FullDuplex_IRQHandler
                0x00000000080034ac      0x2a8 ./Drivers/STM32F4xx_HAL_Driver/Src/stm32f4xx_hal_i2s_ex.o
                0x00000000080034ac                HAL_I2SEx_FullDuplex_IRQHandler
 .text.HAL_I2SEx_TxRxCpltCallback
                0x0000000008003754       0x14 ./Drivers/STM32F4xx_HAL_Driver/Src/stm32f4xx_hal_i2s_ex.o
                0x0000000008003754                HAL_I2SEx_TxRxCpltCallback
 .text.I2SEx_TxISR_I2S
                0x0000000008003768       0x62 ./Drivers/STM32F4xx_HAL_Driver/Src/stm32f4xx_hal_i2s_ex.o
 *fill*         0x00000000080037ca        0x2 
 .text.I2SEx_TxISR_I2SExt
                0x00000000080037cc       0x98 ./Drivers/STM32F4xx_HAL_Driver/Src/stm32f4xx_hal_i2s_ex.o
 .text.I2SEx_RxISR_I2S
                0x0000000008003864       0x64 ./Drivers/STM32F4xx_HAL_Driver/Src/stm32f4xx_hal_i2s_ex.o
 .text.I2SEx_RxISR_I2SExt
                0x00000000080038c8       0x98 ./Drivers/STM32F4xx_HAL_Driver/Src/stm32f4xx_hal_i2s_ex.o
 .text.HAL_RCC_OscConfig
                0x0000000008003960      0x4f0 ./Drivers/STM32F4xx_HAL_Driver/Src/stm32f4xx_hal_rcc.o
                0x0000000008003960                HAL_RCC_OscConfig
 .text.HAL_RCC_ClockConfig
                0x0000000008003e50      0x1cc ./Drivers/STM32F4xx_HAL_Driver/Src/stm32f4xx_hal_rcc.o
                0x0000000008003e50                HAL_RCC_ClockConfig
 .text.HAL_RCC_GetSysClockFreq
                0x000000000800401c      0x20c ./Drivers/STM32F4xx_HAL_Driver/Src/stm32f4xx_hal_rcc.o
                0x000000000800401c                HAL_RCC_GetSysClockFreq
 .text.HAL_RCC_GetHCLKFreq
                0x0000000008004228       0x18 ./Drivers/STM32F4xx_HAL_Driver/Src/stm32f4xx_hal_rcc.o
                0x0000000008004228                HAL_RCC_GetHCLKFreq
 .text.HAL_RCC_GetPCLK1Freq
                0x0000000008004240       0x28 ./Drivers/STM32F4xx_HAL_Driver/Src/stm32f4xx_hal_rcc.o
                0x0000000008004240                HAL_RCC_GetPCLK1Freq
 .text.HAL_RCCEx_PeriphCLKConfig
                0x0000000008004268      0x1e0 ./Drivers/STM32F4xx_HAL_Driver/Src/stm32f4xx_hal_rcc_ex.o
                0x0000000008004268                HAL_RCCEx_PeriphCLKConfig
 .text.HAL_RCCEx_GetPeriphCLKFreq
                0x0000000008004448       0xc0 ./Drivers/STM32F4xx_HAL_Driver/Src/stm32f4xx_hal_rcc_ex.o
                0x0000000008004448                HAL_RCCEx_GetPeriphCLKFreq
 .text.HAL_SPI_Init
                0x0000000008004508      0x112 ./Drivers/STM32F4xx_HAL_Driver/Src/stm32f4xx_hal_spi.o
                0x0000000008004508                HAL_SPI_Init
 .text.USB_CoreInit
                0x000000000800461a       0xc2 ./Drivers/STM32F4xx_HAL_Driver/Src/stm32f4xx_ll_usb.o
                0x000000000800461a                USB_CoreInit
 .text.USB_EnableGlobalInt
                0x00000000080046dc       0x22 ./Drivers/STM32F4xx_HAL_Driver/Src/stm32f4xx_ll_usb.o
                0x00000000080046dc                USB_EnableGlobalInt
 .text.USB_DisableGlobalInt
                0x00000000080046fe       0x22 ./Drivers/STM32F4xx_HAL_Driver/Src/stm32f4xx_ll_usb.o
                0x00000000080046fe                USB_DisableGlobalInt
 .text.USB_SetCurrentMode
                0x0000000008004720       0x98 ./Drivers/STM32F4xx_HAL_Driver/Src/stm32f4xx_ll_usb.o
                0x0000000008004720                USB_SetCurrentMode
 .text.USB_FlushTxFifo
                0x00000000080047b8       0x68 ./Drivers/STM32F4xx_HAL_Driver/Src/stm32f4xx_ll_usb.o
                0x00000000080047b8                USB_FlushTxFifo
 .text.USB_FlushRxFifo
                0x0000000008004820       0x60 ./Drivers/STM32F4xx_HAL_Driver/Src/stm32f4xx_ll_usb.o
                0x0000000008004820                USB_FlushRxFifo
 .text.USB_WritePacket
                0x0000000008004880       0x7c ./Drivers/STM32F4xx_HAL_Driver/Src/stm32f4xx_ll_usb.o
                0x0000000008004880                USB_WritePacket
 .text.USB_ReadPacket
                0x00000000080048fc       0xb0 ./Drivers/STM32F4xx_HAL_Driver/Src/stm32f4xx_ll_usb.o
                0x00000000080048fc                USB_ReadPacket
 .text.USB_ReadInterrupts
                0x00000000080049ac       0x26 ./Drivers/STM32F4xx_HAL_Driver/Src/stm32f4xx_ll_usb.o
                0x00000000080049ac                USB_ReadInterrupts
 .text.USB_GetMode
                0x00000000080049d2       0x1c ./Drivers/STM32F4xx_HAL_Driver/Src/stm32f4xx_ll_usb.o
                0x00000000080049d2                USB_GetMode
 *fill*         0x00000000080049ee        0x2 
 .text.USB_CoreReset
                0x00000000080049f0       0x68 ./Drivers/STM32F4xx_HAL_Driver/Src/stm32f4xx_ll_usb.o
 .text.USB_HostInit
                0x0000000008004a58      0x180 ./Drivers/STM32F4xx_HAL_Driver/Src/stm32f4xx_ll_usb.o
                0x0000000008004a58                USB_HostInit
 .text.USB_InitFSLSPClkSel
                0x0000000008004bd8       0x74 ./Drivers/STM32F4xx_HAL_Driver/Src/stm32f4xx_ll_usb.o
                0x0000000008004bd8                USB_InitFSLSPClkSel
 .text.USB_ResetPort
                0x0000000008004c4c       0x54 ./Drivers/STM32F4xx_HAL_Driver/Src/stm32f4xx_ll_usb.o
                0x0000000008004c4c                USB_ResetPort
 .text.USB_DriveVbus
                0x0000000008004ca0       0x72 ./Drivers/STM32F4xx_HAL_Driver/Src/stm32f4xx_ll_usb.o
                0x0000000008004ca0                USB_DriveVbus
 .text.USB_GetHostSpeed
                0x0000000008004d12       0x2e ./Drivers/STM32F4xx_HAL_Driver/Src/stm32f4xx_ll_usb.o
                0x0000000008004d12                USB_GetHostSpeed
 .text.USB_GetCurrentFrame
                0x0000000008004d40       0x22 ./Drivers/STM32F4xx_HAL_Driver/Src/stm32f4xx_ll_usb.o
                0x0000000008004d40                USB_GetCurrentFrame
 *fill*         0x0000000008004d62        0x2 
 .text.USB_HC_Init
                0x0000000008004d64      0x244 ./Drivers/STM32F4xx_HAL_Driver/Src/stm32f4xx_ll_usb.o
                0x0000000008004d64                USB_HC_Init
 .text.USB_HC_StartXfer
                0x0000000008004fa8      0x284 ./Drivers/STM32F4xx_HAL_Driver/Src/stm32f4xx_ll_usb.o
                0x0000000008004fa8                USB_HC_StartXfer
 .text.USB_HC_ReadInterrupt
                0x000000000800522c       0x22 ./Drivers/STM32F4xx_HAL_Driver/Src/stm32f4xx_ll_usb.o
                0x000000000800522c                USB_HC_ReadInterrupt
 .text.USB_HC_Halt
                0x000000000800524e      0x1f8 ./Drivers/STM32F4xx_HAL_Driver/Src/stm32f4xx_ll_usb.o
                0x000000000800524e                USB_HC_Halt
 *fill*         0x0000000008005446        0x2 
 .text.USB_DoPing
                0x0000000008005448       0x78 ./Drivers/STM32F4xx_HAL_Driver/Src/stm32f4xx_ll_usb.o
                0x0000000008005448                USB_DoPing
 .text.USB_StopHost
                0x00000000080054c0      0x124 ./Drivers/STM32F4xx_HAL_Driver/Src/stm32f4xx_ll_usb.o
                0x00000000080054c0                USB_StopHost
 .text.USBH_CDC_InterfaceInit
                0x00000000080055e4      0x2ac ./Middlewares/ST/STM32_USB_Host_Library/Class/CDC/Src/usbh_cdc.o
 .text.USBH_CDC_InterfaceDeInit
                0x0000000008005890       0xb2 ./Middlewares/ST/STM32_USB_Host_Library/Class/CDC/Src/usbh_cdc.o
 .text.USBH_CDC_ClassRequest
                0x0000000008005942       0x3e ./Middlewares/ST/STM32_USB_Host_Library/Class/CDC/Src/usbh_cdc.o
 .text.USBH_CDC_Process
                0x0000000008005980      0x12c ./Middlewares/ST/STM32_USB_Host_Library/Class/CDC/Src/usbh_cdc.o
 .text.USBH_CDC_SOFProcess
                0x0000000008005aac       0x16 ./Middlewares/ST/STM32_USB_Host_Library/Class/CDC/Src/usbh_cdc.o
 .text.GetLineCoding
                0x0000000008005ac2       0x3e ./Middlewares/ST/STM32_USB_Host_Library/Class/CDC/Src/usbh_cdc.o
 .text.SetLineCoding
                0x0000000008005b00       0x3e ./Middlewares/ST/STM32_USB_Host_Library/Class/CDC/Src/usbh_cdc.o
 .text.CDC_ProcessTransmission
                0x0000000008005b3e       0xec ./Middlewares/ST/STM32_USB_Host_Library/Class/CDC/Src/usbh_cdc.o
 .text.CDC_ProcessReception
                0x0000000008005c2a       0xb6 ./Middlewares/ST/STM32_USB_Host_Library/Class/CDC/Src/usbh_cdc.o
 .text.USBH_CDC_TransmitCallback
                0x0000000008005ce0       0x14 ./Middlewares/ST/STM32_USB_Host_Library/Class/CDC/Src/usbh_cdc.o
                0x0000000008005ce0                USBH_CDC_TransmitCallback
 .text.USBH_CDC_ReceiveCallback
                0x0000000008005cf4       0x14 ./Middlewares/ST/STM32_USB_Host_Library/Class/CDC/Src/usbh_cdc.o
                0x0000000008005cf4                USBH_CDC_ReceiveCallback
 .text.USBH_CDC_LineCodingChanged
                0x0000000008005d08       0x14 ./Middlewares/ST/STM32_USB_Host_Library/Class/CDC/Src/usbh_cdc.o
                0x0000000008005d08                USBH_CDC_LineCodingChanged
 .text.USBH_Init
                0x0000000008005d1c       0x74 ./Middlewares/ST/STM32_USB_Host_Library/Core/Src/usbh_core.o
                0x0000000008005d1c                USBH_Init
 .text.DeInitStateMachine
                0x0000000008005d90       0xa8 ./Middlewares/ST/STM32_USB_Host_Library/Core/Src/usbh_core.o
 .text.USBH_RegisterClass
                0x0000000008005e38       0x54 ./Middlewares/ST/STM32_USB_Host_Library/Core/Src/usbh_core.o
                0x0000000008005e38                USBH_RegisterClass
 .text.USBH_SelectInterface
                0x0000000008005e8c       0x38 ./Middlewares/ST/STM32_USB_Host_Library/Core/Src/usbh_core.o
                0x0000000008005e8c                USBH_SelectInterface
 .text.USBH_FindInterface
                0x0000000008005ec4       0x8c ./Middlewares/ST/STM32_USB_Host_Library/Core/Src/usbh_core.o
                0x0000000008005ec4                USBH_FindInterface
 .text.USBH_Start
                0x0000000008005f50       0x20 ./Middlewares/ST/STM32_USB_Host_Library/Core/Src/usbh_core.o
                0x0000000008005f50                USBH_Start
 .text.USBH_Process
                0x0000000008005f70      0x3d8 ./Middlewares/ST/STM32_USB_Host_Library/Core/Src/usbh_core.o
                0x0000000008005f70                USBH_Process
 .text.USBH_HandleEnum
                0x0000000008006348      0x3c8 ./Middlewares/ST/STM32_USB_Host_Library/Core/Src/usbh_core.o
 .text.USBH_LL_SetTimer
                0x0000000008006710       0x1e ./Middlewares/ST/STM32_USB_Host_Library/Core/Src/usbh_core.o
                0x0000000008006710                USBH_LL_SetTimer
 .text.USBH_LL_IncTimer
                0x000000000800672e       0x24 ./Middlewares/ST/STM32_USB_Host_Library/Core/Src/usbh_core.o
                0x000000000800672e                USBH_LL_IncTimer
 .text.USBH_HandleSof
                0x0000000008006752       0x30 ./Middlewares/ST/STM32_USB_Host_Library/Core/Src/usbh_core.o
 .text.USBH_LL_PortEnabled
                0x0000000008006782       0x1c ./Middlewares/ST/STM32_USB_Host_Library/Core/Src/usbh_core.o
                0x0000000008006782                USBH_LL_PortEnabled
 .text.USBH_LL_PortDisabled
                0x000000000800679e       0x1c ./Middlewares/ST/STM32_USB_Host_Library/Core/Src/usbh_core.o
                0x000000000800679e                USBH_LL_PortDisabled
 .text.USBH_LL_Connect
                0x00000000080067ba       0x2e ./Middlewares/ST/STM32_USB_Host_Library/Core/Src/usbh_core.o
                0x00000000080067ba                USBH_LL_Connect
 .text.USBH_LL_Disconnect
                0x00000000080067e8       0x48 ./Middlewares/ST/STM32_USB_Host_Library/Core/Src/usbh_core.o
                0x00000000080067e8                USBH_LL_Disconnect
 .text.USBH_Get_DevDesc
                0x0000000008006830       0x50 ./Middlewares/ST/STM32_USB_Host_Library/Core/Src/usbh_ctlreq.o
                0x0000000008006830                USBH_Get_DevDesc
 .text.USBH_Get_CfgDesc
                0x0000000008006880       0x48 ./Middlewares/ST/STM32_USB_Host_Library/Core/Src/usbh_ctlreq.o
                0x0000000008006880                USBH_Get_CfgDesc
 .text.USBH_Get_StringDesc
                0x00000000080068c8       0x56 ./Middlewares/ST/STM32_USB_Host_Library/Core/Src/usbh_ctlreq.o
                0x00000000080068c8                USBH_Get_StringDesc
 .text.USBH_GetDescriptor
                0x000000000800691e       0x6a ./Middlewares/ST/STM32_USB_Host_Library/Core/Src/usbh_ctlreq.o
                0x000000000800691e                USBH_GetDescriptor
 .text.USBH_SetAddress
                0x0000000008006988       0x48 ./Middlewares/ST/STM32_USB_Host_Library/Core/Src/usbh_ctlreq.o
                0x0000000008006988                USBH_SetAddress
 .text.USBH_SetCfg
                0x00000000080069d0       0x46 ./Middlewares/ST/STM32_USB_Host_Library/Core/Src/usbh_ctlreq.o
                0x00000000080069d0                USBH_SetCfg
 .text.USBH_SetFeature
                0x0000000008006a16       0x48 ./Middlewares/ST/STM32_USB_Host_Library/Core/Src/usbh_ctlreq.o
                0x0000000008006a16                USBH_SetFeature
 .text.USBH_ClrFeature
                0x0000000008006a5e       0x48 ./Middlewares/ST/STM32_USB_Host_Library/Core/Src/usbh_ctlreq.o
                0x0000000008006a5e                USBH_ClrFeature
 .text.USBH_ParseDevDesc
                0x0000000008006aa6      0x122 ./Middlewares/ST/STM32_USB_Host_Library/Core/Src/usbh_ctlreq.o
 .text.USBH_ParseCfgDesc
                0x0000000008006bc8      0x1ec ./Middlewares/ST/STM32_USB_Host_Library/Core/Src/usbh_ctlreq.o
 .text.USBH_ParseInterfaceDesc
                0x0000000008006db4       0x5e ./Middlewares/ST/STM32_USB_Host_Library/Core/Src/usbh_ctlreq.o
 .text.USBH_ParseEPDesc
                0x0000000008006e12      0x14a ./Middlewares/ST/STM32_USB_Host_Library/Core/Src/usbh_ctlreq.o
 .text.USBH_ParseStringDesc
                0x0000000008006f5c       0x66 ./Middlewares/ST/STM32_USB_Host_Library/Core/Src/usbh_ctlreq.o
 .text.USBH_GetNextDesc
                0x0000000008006fc2       0x36 ./Middlewares/ST/STM32_USB_Host_Library/Core/Src/usbh_ctlreq.o
                0x0000000008006fc2                USBH_GetNextDesc
 .text.USBH_CtlReq
                0x0000000008006ff8       0x7a ./Middlewares/ST/STM32_USB_Host_Library/Core/Src/usbh_ctlreq.o
                0x0000000008006ff8                USBH_CtlReq
 *fill*         0x0000000008007072        0x2 
 .text.USBH_HandleControl
                0x0000000008007074      0x2e8 ./Middlewares/ST/STM32_USB_Host_Library/Core/Src/usbh_ctlreq.o
 .text.USBH_CtlSendSetup
                0x000000000800735c       0x34 ./Middlewares/ST/STM32_USB_Host_Library/Core/Src/usbh_ioreq.o
                0x000000000800735c                USBH_CtlSendSetup
 .text.USBH_CtlSendData
                0x0000000008007390       0x4a ./Middlewares/ST/STM32_USB_Host_Library/Core/Src/usbh_ioreq.o
                0x0000000008007390                USBH_CtlSendData
 .text.USBH_CtlReceiveData
                0x00000000080073da       0x3c ./Middlewares/ST/STM32_USB_Host_Library/Core/Src/usbh_ioreq.o
                0x00000000080073da                USBH_CtlReceiveData
 .text.USBH_BulkSendData
                0x0000000008007416       0x4a ./Middlewares/ST/STM32_USB_Host_Library/Core/Src/usbh_ioreq.o
                0x0000000008007416                USBH_BulkSendData
 .text.USBH_BulkReceiveData
                0x0000000008007460       0x3c ./Middlewares/ST/STM32_USB_Host_Library/Core/Src/usbh_ioreq.o
                0x0000000008007460                USBH_BulkReceiveData
 .text.USBH_OpenPipe
                0x000000000800749c       0x3e ./Middlewares/ST/STM32_USB_Host_Library/Core/Src/usbh_pipes.o
                0x000000000800749c                USBH_OpenPipe
 .text.USBH_ClosePipe
                0x00000000080074da       0x20 ./Middlewares/ST/STM32_USB_Host_Library/Core/Src/usbh_pipes.o
                0x00000000080074da                USBH_ClosePipe
 .text.USBH_AllocPipe
                0x00000000080074fa       0x42 ./Middlewares/ST/STM32_USB_Host_Library/Core/Src/usbh_pipes.o
                0x00000000080074fa                USBH_AllocPipe
 .text.USBH_FreePipe
                0x000000000800753c       0x3c ./Middlewares/ST/STM32_USB_Host_Library/Core/Src/usbh_pipes.o
                0x000000000800753c                USBH_FreePipe
 .text.USBH_GetFreePipe
                0x0000000008007578       0x48 ./Middlewares/ST/STM32_USB_Host_Library/Core/Src/usbh_pipes.o
 .text.MX_USB_HOST_Init
                0x00000000080075c0       0x4c ./USB_HOST/App/usb_host.o
                0x00000000080075c0                MX_USB_HOST_Init
 .text.MX_USB_HOST_Process
                0x000000000800760c       0x14 ./USB_HOST/App/usb_host.o
                0x000000000800760c                MX_USB_HOST_Process
 .text.USBH_UserProcess
                0x0000000008007620       0x5c ./USB_HOST/App/usb_host.o
 .text.HAL_HCD_MspInit
                0x000000000800767c       0xc4 ./USB_HOST/Target/usbh_conf.o
                0x000000000800767c                HAL_HCD_MspInit
 .text.HAL_HCD_SOF_Callback
                0x0000000008007740       0x1c ./USB_HOST/Target/usbh_conf.o
                0x0000000008007740                HAL_HCD_SOF_Callback
 .text.HAL_HCD_Connect_Callback
                0x000000000800775c       0x1c ./USB_HOST/Target/usbh_conf.o
                0x000000000800775c                HAL_HCD_Connect_Callback
 .text.HAL_HCD_Disconnect_Callback
                0x0000000008007778       0x1c ./USB_HOST/Target/usbh_conf.o
                0x0000000008007778                HAL_HCD_Disconnect_Callback
 .text.HAL_HCD_HC_NotifyURBChange_Callback
                0x0000000008007794       0x1c ./USB_HOST/Target/usbh_conf.o
                0x0000000008007794                HAL_HCD_HC_NotifyURBChange_Callback
 .text.HAL_HCD_PortEnabled_Callback
                0x00000000080077b0       0x1c ./USB_HOST/Target/usbh_conf.o
                0x00000000080077b0                HAL_HCD_PortEnabled_Callback
 .text.HAL_HCD_PortDisabled_Callback
                0x00000000080077cc       0x1c ./USB_HOST/Target/usbh_conf.o
                0x00000000080077cc                HAL_HCD_PortDisabled_Callback
 .text.USBH_LL_Init
                0x00000000080077e8       0x78 ./USB_HOST/Target/usbh_conf.o
                0x00000000080077e8                USBH_LL_Init
 .text.USBH_LL_Start
                0x0000000008007860       0x36 ./USB_HOST/Target/usbh_conf.o
                0x0000000008007860                USBH_LL_Start
 .text.USBH_LL_Stop
                0x0000000008007896       0x36 ./USB_HOST/Target/usbh_conf.o
                0x0000000008007896                USBH_LL_Stop
 .text.USBH_LL_GetSpeed
                0x00000000080078cc       0x4e ./USB_HOST/Target/usbh_conf.o
                0x00000000080078cc                USBH_LL_GetSpeed
 .text.USBH_LL_ResetPort
                0x000000000800791a       0x36 ./USB_HOST/Target/usbh_conf.o
                0x000000000800791a                USBH_LL_ResetPort
 .text.USBH_LL_GetLastXferSize
                0x0000000008007950       0x26 ./USB_HOST/Target/usbh_conf.o
                0x0000000008007950                USBH_LL_GetLastXferSize
 .text.USBH_LL_OpenPipe
                0x0000000008007976       0x5e ./USB_HOST/Target/usbh_conf.o
                0x0000000008007976                USBH_LL_OpenPipe
 .text.USBH_LL_ClosePipe
                0x00000000080079d4       0x3e ./USB_HOST/Target/usbh_conf.o
                0x00000000080079d4                USBH_LL_ClosePipe
 .text.USBH_LL_SubmitURB
                0x0000000008007a12       0x62 ./USB_HOST/Target/usbh_conf.o
                0x0000000008007a12                USBH_LL_SubmitURB
 .text.USBH_LL_GetURBState
                0x0000000008007a74       0x26 ./USB_HOST/Target/usbh_conf.o
                0x0000000008007a74                USBH_LL_GetURBState
 .text.USBH_LL_DriverVBUS
                0x0000000008007a9a       0x2e ./USB_HOST/Target/usbh_conf.o
                0x0000000008007a9a                USBH_LL_DriverVBUS
 .text.USBH_LL_SetToggle
                0x0000000008007ac8       0x60 ./USB_HOST/Target/usbh_conf.o
                0x0000000008007ac8                USBH_LL_SetToggle
 .text.USBH_Delay
                0x0000000008007b28       0x16 ./USB_HOST/Target/usbh_conf.o
                0x0000000008007b28                USBH_Delay
 *fill*         0x0000000008007b3e        0x2 
 .text.USBH_Get_USB_Status
                0x0000000008007b40       0x58 ./USB_HOST/Target/usbh_conf.o
                0x0000000008007b40                USBH_Get_USB_Status
 .text.MX_DriverVbusFS
                0x0000000008007b98       0x38 ./USB_HOST/Target/usbh_platform.o
                0x0000000008007b98                MX_DriverVbusFS
 .text.__errno  0x0000000008007bd0        0xc d:/desktop_apppps/stm32cubeide_1.10.1/stm32cubeide/plugins/com.st.stm32cube.ide.mcu.externaltools.gnu-tools-for-stm32.10.3-2021.10.win32_1.0.0.202111181127/tools/bin/../lib/gcc/arm-none-eabi/10.3.1/../../../../arm-none-eabi/lib/thumb/v7e-m+fp/hard\libc_nano.a(lib_a-errno.o)
                0x0000000008007bd0                __errno
 .text.__libc_init_array
                0x0000000008007bdc       0x48 d:/desktop_apppps/stm32cubeide_1.10.1/stm32cubeide/plugins/com.st.stm32cube.ide.mcu.externaltools.gnu-tools-for-stm32.10.3-2021.10.win32_1.0.0.202111181127/tools/bin/../lib/gcc/arm-none-eabi/10.3.1/../../../../arm-none-eabi/lib/thumb/v7e-m+fp/hard\libc_nano.a(lib_a-init.o)
                0x0000000008007bdc                __libc_init_array
 .text.malloc   0x0000000008007c24       0x10 d:/desktop_apppps/stm32cubeide_1.10.1/stm32cubeide/plugins/com.st.stm32cube.ide.mcu.externaltools.gnu-tools-for-stm32.10.3-2021.10.win32_1.0.0.202111181127/tools/bin/../lib/gcc/arm-none-eabi/10.3.1/../../../../arm-none-eabi/lib/thumb/v7e-m+fp/hard\libc_nano.a(lib_a-malloc.o)
                0x0000000008007c24                malloc
 .text.free     0x0000000008007c34       0x10 d:/desktop_apppps/stm32cubeide_1.10.1/stm32cubeide/plugins/com.st.stm32cube.ide.mcu.externaltools.gnu-tools-for-stm32.10.3-2021.10.win32_1.0.0.202111181127/tools/bin/../lib/gcc/arm-none-eabi/10.3.1/../../../../arm-none-eabi/lib/thumb/v7e-m+fp/hard\libc_nano.a(lib_a-malloc.o)
                0x0000000008007c34                free
 .text.memset   0x0000000008007c44       0x10 d:/desktop_apppps/stm32cubeide_1.10.1/stm32cubeide/plugins/com.st.stm32cube.ide.mcu.externaltools.gnu-tools-for-stm32.10.3-2021.10.win32_1.0.0.202111181127/tools/bin/../lib/gcc/arm-none-eabi/10.3.1/../../../../arm-none-eabi/lib/thumb/v7e-m+fp/hard\libc_nano.a(lib_a-memset.o)
                0x0000000008007c44                memset
 .text._free_r  0x0000000008007c54       0x98 d:/desktop_apppps/stm32cubeide_1.10.1/stm32cubeide/plugins/com.st.stm32cube.ide.mcu.externaltools.gnu-tools-for-stm32.10.3-2021.10.win32_1.0.0.202111181127/tools/bin/../lib/gcc/arm-none-eabi/10.3.1/../../../../arm-none-eabi/lib/thumb/v7e-m+fp/hard\libc_nano.a(lib_a-nano-freer.o)
                0x0000000008007c54                _free_r
 .text.sbrk_aligned
                0x0000000008007cec       0x40 d:/desktop_apppps/stm32cubeide_1.10.1/stm32cubeide/plugins/com.st.stm32cube.ide.mcu.externaltools.gnu-tools-for-stm32.10.3-2021.10.win32_1.0.0.202111181127/tools/bin/../lib/gcc/arm-none-eabi/10.3.1/../../../../arm-none-eabi/lib/thumb/v7e-m+fp/hard\libc_nano.a(lib_a-nano-mallocr.o)
 .text._malloc_r
                0x0000000008007d2c       0xe8 d:/desktop_apppps/stm32cubeide_1.10.1/stm32cubeide/plugins/com.st.stm32cube.ide.mcu.externaltools.gnu-tools-for-stm32.10.3-2021.10.win32_1.0.0.202111181127/tools/bin/../lib/gcc/arm-none-eabi/10.3.1/../../../../arm-none-eabi/lib/thumb/v7e-m+fp/hard\libc_nano.a(lib_a-nano-mallocr.o)
                0x0000000008007d2c                _malloc_r
 .text._sbrk_r  0x0000000008007e14       0x20 d:/desktop_apppps/stm32cubeide_1.10.1/stm32cubeide/plugins/com.st.stm32cube.ide.mcu.externaltools.gnu-tools-for-stm32.10.3-2021.10.win32_1.0.0.202111181127/tools/bin/../lib/gcc/arm-none-eabi/10.3.1/../../../../arm-none-eabi/lib/thumb/v7e-m+fp/hard\libc_nano.a(lib_a-sbrkr.o)
                0x0000000008007e14                _sbrk_r
 .text.__malloc_lock
                0x0000000008007e34        0xc d:/desktop_apppps/stm32cubeide_1.10.1/stm32cubeide/plugins/com.st.stm32cube.ide.mcu.externaltools.gnu-tools-for-stm32.10.3-2021.10.win32_1.0.0.202111181127/tools/bin/../lib/gcc/arm-none-eabi/10.3.1/../../../../arm-none-eabi/lib/thumb/v7e-m+fp/hard\libc_nano.a(lib_a-mlock.o)
                0x0000000008007e34                __malloc_lock
 .text.__malloc_unlock
                0x0000000008007e40        0xc d:/desktop_apppps/stm32cubeide_1.10.1/stm32cubeide/plugins/com.st.stm32cube.ide.mcu.externaltools.gnu-tools-for-stm32.10.3-2021.10.win32_1.0.0.202111181127/tools/bin/../lib/gcc/arm-none-eabi/10.3.1/../../../../arm-none-eabi/lib/thumb/v7e-m+fp/hard\libc_nano.a(lib_a-mlock.o)
                0x0000000008007e40                __malloc_unlock
 .text.__retarget_lock_acquire_recursive
                0x0000000008007e4c        0x2 d:/desktop_apppps/stm32cubeide_1.10.1/stm32cubeide/plugins/com.st.stm32cube.ide.mcu.externaltools.gnu-tools-for-stm32.10.3-2021.10.win32_1.0.0.202111181127/tools/bin/../lib/gcc/arm-none-eabi/10.3.1/../../../../arm-none-eabi/lib/thumb/v7e-m+fp/hard\libc_nano.a(lib_a-lock.o)
                0x0000000008007e4c                __retarget_lock_acquire_recursive
 .text.__retarget_lock_release_recursive
                0x0000000008007e4e        0x2 d:/desktop_apppps/stm32cubeide_1.10.1/stm32cubeide/plugins/com.st.stm32cube.ide.mcu.externaltools.gnu-tools-for-stm32.10.3-2021.10.win32_1.0.0.202111181127/tools/bin/../lib/gcc/arm-none-eabi/10.3.1/../../../../arm-none-eabi/lib/thumb/v7e-m+fp/hard\libc_nano.a(lib_a-lock.o)
                0x0000000008007e4e                __retarget_lock_release_recursive
 *(.glue_7)
 .glue_7        0x0000000008007e50        0x0 linker stubs
 *(.glue_7t)
 .glue_7t       0x0000000008007e50        0x0 linker stubs
 *(.eh_frame)
 .eh_frame      0x0000000008007e50        0x0 d:/desktop_apppps/stm32cubeide_1.10.1/stm32cubeide/plugins/com.st.stm32cube.ide.mcu.externaltools.gnu-tools-for-stm32.10.3-2021.10.win32_1.0.0.202111181127/tools/bin/../lib/gcc/arm-none-eabi/10.3.1/thumb/v7e-m+fp/hard/crtbegin.o
 *(.init)
 .init          0x0000000008007e50        0x4 d:/desktop_apppps/stm32cubeide_1.10.1/stm32cubeide/plugins/com.st.stm32cube.ide.mcu.externaltools.gnu-tools-for-stm32.10.3-2021.10.win32_1.0.0.202111181127/tools/bin/../lib/gcc/arm-none-eabi/10.3.1/thumb/v7e-m+fp/hard/crti.o
                0x0000000008007e50                _init
 .init          0x0000000008007e54        0x8 d:/desktop_apppps/stm32cubeide_1.10.1/stm32cubeide/plugins/com.st.stm32cube.ide.mcu.externaltools.gnu-tools-for-stm32.10.3-2021.10.win32_1.0.0.202111181127/tools/bin/../lib/gcc/arm-none-eabi/10.3.1/thumb/v7e-m+fp/hard/crtn.o
 *(.fini)
 .fini          0x0000000008007e5c        0x4 d:/desktop_apppps/stm32cubeide_1.10.1/stm32cubeide/plugins/com.st.stm32cube.ide.mcu.externaltools.gnu-tools-for-stm32.10.3-2021.10.win32_1.0.0.202111181127/tools/bin/../lib/gcc/arm-none-eabi/10.3.1/thumb/v7e-m+fp/hard/crti.o
                0x0000000008007e5c                _fini
 .fini          0x0000000008007e60        0x8 d:/desktop_apppps/stm32cubeide_1.10.1/stm32cubeide/plugins/com.st.stm32cube.ide.mcu.externaltools.gnu-tools-for-stm32.10.3-2021.10.win32_1.0.0.202111181127/tools/bin/../lib/gcc/arm-none-eabi/10.3.1/thumb/v7e-m+fp/hard/crtn.o
                0x0000000008007e68                . = ALIGN (0x4)
                0x0000000008007e68                _etext = .

.vfp11_veneer   0x0000000008007e68        0x0
 .vfp11_veneer  0x0000000008007e68        0x0 linker stubs

.v4_bx          0x0000000008007e68        0x0
 .v4_bx         0x0000000008007e68        0x0 linker stubs

.iplt           0x0000000008007e68        0x0
 .iplt          0x0000000008007e68        0x0 d:/desktop_apppps/stm32cubeide_1.10.1/stm32cubeide/plugins/com.st.stm32cube.ide.mcu.externaltools.gnu-tools-for-stm32.10.3-2021.10.win32_1.0.0.202111181127/tools/bin/../lib/gcc/arm-none-eabi/10.3.1/thumb/v7e-m+fp/hard/crtbegin.o

.rodata         0x0000000008007e68       0x1c
                0x0000000008007e68                . = ALIGN (0x4)
 *(.rodata)
 .rodata        0x0000000008007e68        0x4 ./Middlewares/ST/STM32_USB_Host_Library/Class/CDC/Src/usbh_cdc.o
 *(.rodata*)
 .rodata.AHBPrescTable
                0x0000000008007e6c       0x10 ./Core/Src/system_stm32f4xx.o
                0x0000000008007e6c                AHBPrescTable
 .rodata.APBPrescTable
                0x0000000008007e7c        0x8 ./Core/Src/system_stm32f4xx.o
                0x0000000008007e7c                APBPrescTable
                0x0000000008007e84                . = ALIGN (0x4)

.ARM.extab      0x0000000008007e84        0x0
                0x0000000008007e84                . = ALIGN (0x4)
 *(.ARM.extab* .gnu.linkonce.armextab.*)
                0x0000000008007e84                . = ALIGN (0x4)

.ARM            0x0000000008007e84        0x8
                0x0000000008007e84                . = ALIGN (0x4)
                0x0000000008007e84                __exidx_start = .
 *(.ARM.exidx*)
 .ARM.exidx     0x0000000008007e84        0x8 d:/desktop_apppps/stm32cubeide_1.10.1/stm32cubeide/plugins/com.st.stm32cube.ide.mcu.externaltools.gnu-tools-for-stm32.10.3-2021.10.win32_1.0.0.202111181127/tools/bin/../lib/gcc/arm-none-eabi/10.3.1/thumb/v7e-m+fp/hard\libgcc.a(_udivmoddi4.o)
                0x0000000008007e8c                __exidx_end = .
                0x0000000008007e8c                . = ALIGN (0x4)

.rel.dyn        0x0000000008007e8c        0x0
 .rel.iplt      0x0000000008007e8c        0x0 d:/desktop_apppps/stm32cubeide_1.10.1/stm32cubeide/plugins/com.st.stm32cube.ide.mcu.externaltools.gnu-tools-for-stm32.10.3-2021.10.win32_1.0.0.202111181127/tools/bin/../lib/gcc/arm-none-eabi/10.3.1/thumb/v7e-m+fp/hard/crtbegin.o

.preinit_array  0x0000000008007e8c        0x0
                0x0000000008007e8c                . = ALIGN (0x4)
                0x0000000008007e8c                PROVIDE (__preinit_array_start = .)
 *(.preinit_array*)
                0x0000000008007e8c                PROVIDE (__preinit_array_end = .)
                0x0000000008007e8c                . = ALIGN (0x4)

.init_array     0x0000000008007e8c        0x4
                0x0000000008007e8c                . = ALIGN (0x4)
                0x0000000008007e8c                PROVIDE (__init_array_start = .)
 *(SORT_BY_NAME(.init_array.*))
 *(.init_array*)
 .init_array    0x0000000008007e8c        0x4 d:/desktop_apppps/stm32cubeide_1.10.1/stm32cubeide/plugins/com.st.stm32cube.ide.mcu.externaltools.gnu-tools-for-stm32.10.3-2021.10.win32_1.0.0.202111181127/tools/bin/../lib/gcc/arm-none-eabi/10.3.1/thumb/v7e-m+fp/hard/crtbegin.o
                0x0000000008007e90                PROVIDE (__init_array_end = .)
                0x0000000008007e90                . = ALIGN (0x4)

.fini_array     0x0000000008007e90        0x4
                0x0000000008007e90                . = ALIGN (0x4)
                [!provide]                        PROVIDE (__fini_array_start = .)
 *(SORT_BY_NAME(.fini_array.*))
 *(.fini_array*)
 .fini_array    0x0000000008007e90        0x4 d:/desktop_apppps/stm32cubeide_1.10.1/stm32cubeide/plugins/com.st.stm32cube.ide.mcu.externaltools.gnu-tools-for-stm32.10.3-2021.10.win32_1.0.0.202111181127/tools/bin/../lib/gcc/arm-none-eabi/10.3.1/thumb/v7e-m+fp/hard/crtbegin.o
                [!provide]                        PROVIDE (__fini_array_end = .)
                0x0000000008007e94                . = ALIGN (0x4)
                0x0000000008007e94                _sidata = LOADADDR (.data)

.data           0x0000000020000000       0x90 load address 0x0000000008007e94
                0x0000000020000000                . = ALIGN (0x4)
                0x0000000020000000                _sdata = .
 *(.data)
 *(.data*)
 .data.SystemCoreClock
                0x0000000020000000        0x4 ./Core/Src/system_stm32f4xx.o
                0x0000000020000000                SystemCoreClock
 .data.uwTickPrio
                0x0000000020000004        0x4 ./Drivers/STM32F4xx_HAL_Driver/Src/stm32f4xx_hal.o
                0x0000000020000004                uwTickPrio
 .data.uwTickFreq
                0x0000000020000008        0x1 ./Drivers/STM32F4xx_HAL_Driver/Src/stm32f4xx_hal.o
                0x0000000020000008                uwTickFreq
 *fill*         0x0000000020000009        0x3 
 .data.CDC_Class
                0x000000002000000c       0x20 ./Middlewares/ST/STM32_USB_Host_Library/Class/CDC/Src/usbh_cdc.o
                0x000000002000000c                CDC_Class
 .data._impure_ptr
                0x000000002000002c        0x4 d:/desktop_apppps/stm32cubeide_1.10.1/stm32cubeide/plugins/com.st.stm32cube.ide.mcu.externaltools.gnu-tools-for-stm32.10.3-2021.10.win32_1.0.0.202111181127/tools/bin/../lib/gcc/arm-none-eabi/10.3.1/../../../../arm-none-eabi/lib/thumb/v7e-m+fp/hard\libc_nano.a(lib_a-impure.o)
                0x000000002000002c                _impure_ptr
 .data.impure_data
                0x0000000020000030       0x60 d:/desktop_apppps/stm32cubeide_1.10.1/stm32cubeide/plugins/com.st.stm32cube.ide.mcu.externaltools.gnu-tools-for-stm32.10.3-2021.10.win32_1.0.0.202111181127/tools/bin/../lib/gcc/arm-none-eabi/10.3.1/../../../../arm-none-eabi/lib/thumb/v7e-m+fp/hard\libc_nano.a(lib_a-impure.o)
 *(.RamFunc)
 *(.RamFunc*)
                0x0000000020000090                . = ALIGN (0x4)
                0x0000000020000090                _edata = .

.igot.plt       0x0000000020000090        0x0 load address 0x0000000008007f24
 .igot.plt      0x0000000020000090        0x0 d:/desktop_apppps/stm32cubeide_1.10.1/stm32cubeide/plugins/com.st.stm32cube.ide.mcu.externaltools.gnu-tools-for-stm32.10.3-2021.10.win32_1.0.0.202111181127/tools/bin/../lib/gcc/arm-none-eabi/10.3.1/thumb/v7e-m+fp/hard/crtbegin.o
                0x0000000020000090                . = ALIGN (0x4)

.bss            0x0000000020000090      0x85c load address 0x0000000008007f24
                0x0000000020000090                _sbss = .
                0x0000000020000090                __bss_start__ = _sbss
 *(.bss)
 .bss           0x0000000020000090       0x1c d:/desktop_apppps/stm32cubeide_1.10.1/stm32cubeide/plugins/com.st.stm32cube.ide.mcu.externaltools.gnu-tools-for-stm32.10.3-2021.10.win32_1.0.0.202111181127/tools/bin/../lib/gcc/arm-none-eabi/10.3.1/thumb/v7e-m+fp/hard/crtbegin.o
 *(.bss*)
 .bss.hi2c1     0x00000000200000ac       0x54 ./Core/Src/main.o
                0x00000000200000ac                hi2c1
 .bss.hi2s2     0x0000000020000100       0x48 ./Core/Src/main.o
                0x0000000020000100                hi2s2
 .bss.hi2s3     0x0000000020000148       0x48 ./Core/Src/main.o
                0x0000000020000148                hi2s3
 .bss.hspi1     0x0000000020000190       0x58 ./Core/Src/main.o
                0x0000000020000190                hspi1
 .bss.pressed   0x00000000200001e8        0x4 ./Core/Src/main.o
                0x00000000200001e8                pressed
 .bss.button_is_pressed
                0x00000000200001ec        0x1 ./Core/Src/main.o
                0x00000000200001ec                button_is_pressed
 *fill*         0x00000000200001ed        0x3 
 .bss.last_change_tick.0
                0x00000000200001f0        0x4 ./Core/Src/main.o
 .bss.__sbrk_heap_end
                0x00000000200001f4        0x4 ./Core/Src/sysmem.o
 .bss.uwTick    0x00000000200001f8        0x4 ./Drivers/STM32F4xx_HAL_Driver/Src/stm32f4xx_hal.o
                0x00000000200001f8                uwTick
 .bss.hUsbHostFS
                0x00000000200001fc      0x3d8 ./USB_HOST/App/usb_host.o
                0x00000000200001fc                hUsbHostFS
 .bss.Appli_state
                0x00000000200005d4        0x1 ./USB_HOST/App/usb_host.o
                0x00000000200005d4                Appli_state
 *fill*         0x00000000200005d5        0x3 
 .bss.hhcd_USB_OTG_FS
                0x00000000200005d8      0x304 ./USB_HOST/Target/usbh_conf.o
                0x00000000200005d8                hhcd_USB_OTG_FS
 .bss.__malloc_free_list
                0x00000000200008dc        0x4 d:/desktop_apppps/stm32cubeide_1.10.1/stm32cubeide/plugins/com.st.stm32cube.ide.mcu.externaltools.gnu-tools-for-stm32.10.3-2021.10.win32_1.0.0.202111181127/tools/bin/../lib/gcc/arm-none-eabi/10.3.1/../../../../arm-none-eabi/lib/thumb/v7e-m+fp/hard\libc_nano.a(lib_a-nano-mallocr.o)
                0x00000000200008dc                __malloc_free_list
 .bss.__malloc_sbrk_start
                0x00000000200008e0        0x4 d:/desktop_apppps/stm32cubeide_1.10.1/stm32cubeide/plugins/com.st.stm32cube.ide.mcu.externaltools.gnu-tools-for-stm32.10.3-2021.10.win32_1.0.0.202111181127/tools/bin/../lib/gcc/arm-none-eabi/10.3.1/../../../../arm-none-eabi/lib/thumb/v7e-m+fp/hard\libc_nano.a(lib_a-nano-mallocr.o)
                0x00000000200008e0                __malloc_sbrk_start
 .bss.errno     0x00000000200008e4        0x4 d:/desktop_apppps/stm32cubeide_1.10.1/stm32cubeide/plugins/com.st.stm32cube.ide.mcu.externaltools.gnu-tools-for-stm32.10.3-2021.10.win32_1.0.0.202111181127/tools/bin/../lib/gcc/arm-none-eabi/10.3.1/../../../../arm-none-eabi/lib/thumb/v7e-m+fp/hard\libc_nano.a(lib_a-reent.o)
                0x00000000200008e4                errno
 .bss.__lock___malloc_recursive_mutex
                0x00000000200008e8        0x1 d:/desktop_apppps/stm32cubeide_1.10.1/stm32cubeide/plugins/com.st.stm32cube.ide.mcu.externaltools.gnu-tools-for-stm32.10.3-2021.10.win32_1.0.0.202111181127/tools/bin/../lib/gcc/arm-none-eabi/10.3.1/../../../../arm-none-eabi/lib/thumb/v7e-m+fp/hard\libc_nano.a(lib_a-lock.o)
                0x00000000200008e8                __lock___malloc_recursive_mutex
 *(COMMON)
                0x00000000200008ec                . = ALIGN (0x4)
 *fill*         0x00000000200008e9        0x3 
                0x00000000200008ec                _ebss = .
                0x00000000200008ec                __bss_end__ = _ebss

._user_heap_stack
                0x00000000200008ec      0x604 load address 0x0000000008007f24
                0x00000000200008f0                . = ALIGN (0x8)
 *fill*         0x00000000200008ec        0x4 
                [!provide]                        PROVIDE (end = .)
                0x00000000200008f0                PROVIDE (_end = .)
                0x0000000020000af0                . = (. + _Min_Heap_Size)
 *fill*         0x00000000200008f0      0x200 
                0x0000000020000ef0                . = (. + _Min_Stack_Size)
 *fill*         0x0000000020000af0      0x400 
                0x0000000020000ef0                . = ALIGN (0x8)

/DISCARD/
 libc.a(*)
 libm.a(*)
 libgcc.a(*)

.ARM.attributes
                0x0000000000000000       0x30
 *(.ARM.attributes)
 .ARM.attributes
                0x0000000000000000       0x1e d:/desktop_apppps/stm32cubeide_1.10.1/stm32cubeide/plugins/com.st.stm32cube.ide.mcu.externaltools.gnu-tools-for-stm32.10.3-2021.10.win32_1.0.0.202111181127/tools/bin/../lib/gcc/arm-none-eabi/10.3.1/thumb/v7e-m+fp/hard/crti.o
 .ARM.attributes
                0x000000000000001e       0x34 d:/desktop_apppps/stm32cubeide_1.10.1/stm32cubeide/plugins/com.st.stm32cube.ide.mcu.externaltools.gnu-tools-for-stm32.10.3-2021.10.win32_1.0.0.202111181127/tools/bin/../lib/gcc/arm-none-eabi/10.3.1/thumb/v7e-m+fp/hard/crtbegin.o
 .ARM.attributes
                0x0000000000000052       0x34 ./Core/Src/main.o
 .ARM.attributes
                0x0000000000000086       0x34 ./Core/Src/stm32f4xx_hal_msp.o
 .ARM.attributes
                0x00000000000000ba       0x34 ./Core/Src/stm32f4xx_it.o
 .ARM.attributes
                0x00000000000000ee       0x34 ./Core/Src/sysmem.o
 .ARM.attributes
                0x0000000000000122       0x34 ./Core/Src/system_stm32f4xx.o
 .ARM.attributes
                0x0000000000000156       0x21 ./Core/Startup/startup_stm32f411vetx.o
 .ARM.attributes
                0x0000000000000177       0x34 ./Drivers/STM32F4xx_HAL_Driver/Src/stm32f4xx_hal.o
 .ARM.attributes
                0x00000000000001ab       0x34 ./Drivers/STM32F4xx_HAL_Driver/Src/stm32f4xx_hal_cortex.o
 .ARM.attributes
                0x00000000000001df       0x34 ./Drivers/STM32F4xx_HAL_Driver/Src/stm32f4xx_hal_gpio.o
 .ARM.attributes
                0x0000000000000213       0x34 ./Drivers/STM32F4xx_HAL_Driver/Src/stm32f4xx_hal_hcd.o
 .ARM.attributes
                0x0000000000000247       0x34 ./Drivers/STM32F4xx_HAL_Driver/Src/stm32f4xx_hal_i2c.o
 .ARM.attributes
                0x000000000000027b       0x34 ./Drivers/STM32F4xx_HAL_Driver/Src/stm32f4xx_hal_i2s.o
 .ARM.attributes
                0x00000000000002af       0x34 ./Drivers/STM32F4xx_HAL_Driver/Src/stm32f4xx_hal_i2s_ex.o
 .ARM.attributes
                0x00000000000002e3       0x34 ./Drivers/STM32F4xx_HAL_Driver/Src/stm32f4xx_hal_rcc.o
 .ARM.attributes
                0x0000000000000317       0x34 ./Drivers/STM32F4xx_HAL_Driver/Src/stm32f4xx_hal_rcc_ex.o
 .ARM.attributes
                0x000000000000034b       0x34 ./Drivers/STM32F4xx_HAL_Driver/Src/stm32f4xx_hal_spi.o
 .ARM.attributes
                0x000000000000037f       0x34 ./Drivers/STM32F4xx_HAL_Driver/Src/stm32f4xx_ll_usb.o
 .ARM.attributes
                0x00000000000003b3       0x34 ./Middlewares/ST/STM32_USB_Host_Library/Class/CDC/Src/usbh_cdc.o
 .ARM.attributes
                0x00000000000003e7       0x34 ./Middlewares/ST/STM32_USB_Host_Library/Core/Src/usbh_core.o
 .ARM.attributes
                0x000000000000041b       0x34 ./Middlewares/ST/STM32_USB_Host_Library/Core/Src/usbh_ctlreq.o
 .ARM.attributes
                0x000000000000044f       0x34 ./Middlewares/ST/STM32_USB_Host_Library/Core/Src/usbh_ioreq.o
 .ARM.attributes
                0x0000000000000483       0x34 ./Middlewares/ST/STM32_USB_Host_Library/Core/Src/usbh_pipes.o
 .ARM.attributes
                0x00000000000004b7       0x34 ./USB_HOST/App/usb_host.o
 .ARM.attributes
                0x00000000000004eb       0x34 ./USB_HOST/Target/usbh_conf.o
 .ARM.attributes
                0x000000000000051f       0x34 ./USB_HOST/Target/usbh_platform.o
 .ARM.attributes
                0x0000000000000553       0x34 d:/desktop_apppps/stm32cubeide_1.10.1/stm32cubeide/plugins/com.st.stm32cube.ide.mcu.externaltools.gnu-tools-for-stm32.10.3-2021.10.win32_1.0.0.202111181127/tools/bin/../lib/gcc/arm-none-eabi/10.3.1/../../../../arm-none-eabi/lib/thumb/v7e-m+fp/hard\libc_nano.a(lib_a-errno.o)
 .ARM.attributes
                0x0000000000000587       0x34 d:/desktop_apppps/stm32cubeide_1.10.1/stm32cubeide/plugins/com.st.stm32cube.ide.mcu.externaltools.gnu-tools-for-stm32.10.3-2021.10.win32_1.0.0.202111181127/tools/bin/../lib/gcc/arm-none-eabi/10.3.1/../../../../arm-none-eabi/lib/thumb/v7e-m+fp/hard\libc_nano.a(lib_a-impure.o)
 .ARM.attributes
                0x00000000000005bb       0x34 d:/desktop_apppps/stm32cubeide_1.10.1/stm32cubeide/plugins/com.st.stm32cube.ide.mcu.externaltools.gnu-tools-for-stm32.10.3-2021.10.win32_1.0.0.202111181127/tools/bin/../lib/gcc/arm-none-eabi/10.3.1/../../../../arm-none-eabi/lib/thumb/v7e-m+fp/hard\libc_nano.a(lib_a-init.o)
 .ARM.attributes
                0x00000000000005ef       0x34 d:/desktop_apppps/stm32cubeide_1.10.1/stm32cubeide/plugins/com.st.stm32cube.ide.mcu.externaltools.gnu-tools-for-stm32.10.3-2021.10.win32_1.0.0.202111181127/tools/bin/../lib/gcc/arm-none-eabi/10.3.1/../../../../arm-none-eabi/lib/thumb/v7e-m+fp/hard\libc_nano.a(lib_a-malloc.o)
 .ARM.attributes
                0x0000000000000623       0x34 d:/desktop_apppps/stm32cubeide_1.10.1/stm32cubeide/plugins/com.st.stm32cube.ide.mcu.externaltools.gnu-tools-for-stm32.10.3-2021.10.win32_1.0.0.202111181127/tools/bin/../lib/gcc/arm-none-eabi/10.3.1/../../../../arm-none-eabi/lib/thumb/v7e-m+fp/hard\libc_nano.a(lib_a-memset.o)
 .ARM.attributes
                0x0000000000000657       0x34 d:/desktop_apppps/stm32cubeide_1.10.1/stm32cubeide/plugins/com.st.stm32cube.ide.mcu.externaltools.gnu-tools-for-stm32.10.3-2021.10.win32_1.0.0.202111181127/tools/bin/../lib/gcc/arm-none-eabi/10.3.1/../../../../arm-none-eabi/lib/thumb/v7e-m+fp/hard\libc_nano.a(lib_a-nano-freer.o)
 .ARM.attributes
                0x000000000000068b       0x34 d:/desktop_apppps/stm32cubeide_1.10.1/stm32cubeide/plugins/com.st.stm32cube.ide.mcu.externaltools.gnu-tools-for-stm32.10.3-2021.10.win32_1.0.0.202111181127/tools/bin/../lib/gcc/arm-none-eabi/10.3.1/../../../../arm-none-eabi/lib/thumb/v7e-m+fp/hard\libc_nano.a(lib_a-nano-mallocr.o)
 .ARM.attributes
                0x00000000000006bf       0x34 d:/desktop_apppps/stm32cubeide_1.10.1/stm32cubeide/plugins/com.st.stm32cube.ide.mcu.externaltools.gnu-tools-for-stm32.10.3-2021.10.win32_1.0.0.202111181127/tools/bin/../lib/gcc/arm-none-eabi/10.3.1/../../../../arm-none-eabi/lib/thumb/v7e-m+fp/hard\libc_nano.a(lib_a-sbrkr.o)
 .ARM.attributes
                0x00000000000006f3       0x34 d:/desktop_apppps/stm32cubeide_1.10.1/stm32cubeide/plugins/com.st.stm32cube.ide.mcu.externaltools.gnu-tools-for-stm32.10.3-2021.10.win32_1.0.0.202111181127/tools/bin/../lib/gcc/arm-none-eabi/10.3.1/../../../../arm-none-eabi/lib/thumb/v7e-m+fp/hard\libc_nano.a(lib_a-mlock.o)
 .ARM.attributes
                0x0000000000000727       0x34 d:/desktop_apppps/stm32cubeide_1.10.1/stm32cubeide/plugins/com.st.stm32cube.ide.mcu.externaltools.gnu-tools-for-stm32.10.3-2021.10.win32_1.0.0.202111181127/tools/bin/../lib/gcc/arm-none-eabi/10.3.1/../../../../arm-none-eabi/lib/thumb/v7e-m+fp/hard\libc_nano.a(lib_a-reent.o)
 .ARM.attributes
                0x000000000000075b       0x34 d:/desktop_apppps/stm32cubeide_1.10.1/stm32cubeide/plugins/com.st.stm32cube.ide.mcu.externaltools.gnu-tools-for-stm32.10.3-2021.10.win32_1.0.0.202111181127/tools/bin/../lib/gcc/arm-none-eabi/10.3.1/../../../../arm-none-eabi/lib/thumb/v7e-m+fp/hard\libc_nano.a(lib_a-lock.o)
 .ARM.attributes
                0x000000000000078f       0x1e d:/desktop_apppps/stm32cubeide_1.10.1/stm32cubeide/plugins/com.st.stm32cube.ide.mcu.externaltools.gnu-tools-for-stm32.10.3-2021.10.win32_1.0.0.202111181127/tools/bin/../lib/gcc/arm-none-eabi/10.3.1/thumb/v7e-m+fp/hard\libgcc.a(_aeabi_uldivmod.o)
 .ARM.attributes
                0x00000000000007ad       0x34 d:/desktop_apppps/stm32cubeide_1.10.1/stm32cubeide/plugins/com.st.stm32cube.ide.mcu.externaltools.gnu-tools-for-stm32.10.3-2021.10.win32_1.0.0.202111181127/tools/bin/../lib/gcc/arm-none-eabi/10.3.1/thumb/v7e-m+fp/hard\libgcc.a(_udivmoddi4.o)
 .ARM.attributes
                0x00000000000007e1       0x1e d:/desktop_apppps/stm32cubeide_1.10.1/stm32cubeide/plugins/com.st.stm32cube.ide.mcu.externaltools.gnu-tools-for-stm32.10.3-2021.10.win32_1.0.0.202111181127/tools/bin/../lib/gcc/arm-none-eabi/10.3.1/thumb/v7e-m+fp/hard\libgcc.a(_dvmd_tls.o)
 .ARM.attributes
                0x00000000000007ff       0x1e d:/desktop_apppps/stm32cubeide_1.10.1/stm32cubeide/plugins/com.st.stm32cube.ide.mcu.externaltools.gnu-tools-for-stm32.10.3-2021.10.win32_1.0.0.202111181127/tools/bin/../lib/gcc/arm-none-eabi/10.3.1/thumb/v7e-m+fp/hard/crtn.o
OUTPUT(counter.elf elf32-littlearm)
LOAD linker stubs
LOAD d:/desktop_apppps/stm32cubeide_1.10.1/stm32cubeide/plugins/com.st.stm32cube.ide.mcu.externaltools.gnu-tools-for-stm32.10.3-2021.10.win32_1.0.0.202111181127/tools/bin/../lib/gcc/arm-none-eabi/10.3.1/../../../../arm-none-eabi/lib/thumb/v7e-m+fp/hard\libc.a
LOAD d:/desktop_apppps/stm32cubeide_1.10.1/stm32cubeide/plugins/com.st.stm32cube.ide.mcu.externaltools.gnu-tools-for-stm32.10.3-2021.10.win32_1.0.0.202111181127/tools/bin/../lib/gcc/arm-none-eabi/10.3.1/../../../../arm-none-eabi/lib/thumb/v7e-m+fp/hard\libm.a
LOAD d:/desktop_apppps/stm32cubeide_1.10.1/stm32cubeide/plugins/com.st.stm32cube.ide.mcu.externaltools.gnu-tools-for-stm32.10.3-2021.10.win32_1.0.0.202111181127/tools/bin/../lib/gcc/arm-none-eabi/10.3.1/thumb/v7e-m+fp/hard\libgcc.a

.debug_info     0x0000000000000000    0x15ae2
 .debug_info    0x0000000000000000     0x155e ./Core/Src/main.o
 .debug_info    0x000000000000155e     0x100a ./Core/Src/stm32f4xx_hal_msp.o
 .debug_info    0x0000000000002568      0x6ab ./Core/Src/stm32f4xx_it.o
 .debug_info    0x0000000000002c13      0x171 ./Core/Src/sysmem.o
 .debug_info    0x0000000000002d84      0x54f ./Core/Src/system_stm32f4xx.o
 .debug_info    0x00000000000032d3       0x22 ./Core/Startup/startup_stm32f411vetx.o
 .debug_info    0x00000000000032f5      0x90d ./Drivers/STM32F4xx_HAL_Driver/Src/stm32f4xx_hal.o
 .debug_info    0x0000000000003c02      0xd8b ./Drivers/STM32F4xx_HAL_Driver/Src/stm32f4xx_hal_cortex.o
 .debug_info    0x000000000000498d      0x78e ./Drivers/STM32F4xx_HAL_Driver/Src/stm32f4xx_hal_gpio.o
 .debug_info    0x000000000000511b     0x10c6 ./Drivers/STM32F4xx_HAL_Driver/Src/stm32f4xx_hal_hcd.o
 .debug_info    0x00000000000061e1     0x260f ./Drivers/STM32F4xx_HAL_Driver/Src/stm32f4xx_hal_i2c.o
 .debug_info    0x00000000000087f0      0xeae ./Drivers/STM32F4xx_HAL_Driver/Src/stm32f4xx_hal_i2s.o
 .debug_info    0x000000000000969e      0xb73 ./Drivers/STM32F4xx_HAL_Driver/Src/stm32f4xx_hal_i2s_ex.o
 .debug_info    0x000000000000a211      0x98d ./Drivers/STM32F4xx_HAL_Driver/Src/stm32f4xx_hal_rcc.o
 .debug_info    0x000000000000ab9e      0x5d9 ./Drivers/STM32F4xx_HAL_Driver/Src/stm32f4xx_hal_rcc_ex.o
 .debug_info    0x000000000000b177     0x1750 ./Drivers/STM32F4xx_HAL_Driver/Src/stm32f4xx_hal_spi.o
 .debug_info    0x000000000000c8c7     0x1a97 ./Drivers/STM32F4xx_HAL_Driver/Src/stm32f4xx_ll_usb.o
 .debug_info    0x000000000000e35e     0x150d ./Middlewares/ST/STM32_USB_Host_Library/Class/CDC/Src/usbh_cdc.o
 .debug_info    0x000000000000f86b     0x1065 ./Middlewares/ST/STM32_USB_Host_Library/Core/Src/usbh_core.o
 .debug_info    0x00000000000108d0     0x1083 ./Middlewares/ST/STM32_USB_Host_Library/Core/Src/usbh_ctlreq.o
 .debug_info    0x0000000000011953      0xcf6 ./Middlewares/ST/STM32_USB_Host_Library/Core/Src/usbh_ioreq.o
 .debug_info    0x0000000000012649      0xb34 ./Middlewares/ST/STM32_USB_Host_Library/Core/Src/usbh_pipes.o
 .debug_info    0x000000000001317d      0xab3 ./USB_HOST/App/usb_host.o
 .debug_info    0x0000000000013c30     0x1cc9 ./USB_HOST/Target/usbh_conf.o
 .debug_info    0x00000000000158f9      0x1e9 ./USB_HOST/Target/usbh_platform.o

.debug_abbrev   0x0000000000000000     0x3769
 .debug_abbrev  0x0000000000000000      0x2b2 ./Core/Src/main.o
 .debug_abbrev  0x00000000000002b2      0x1e7 ./Core/Src/stm32f4xx_hal_msp.o
 .debug_abbrev  0x0000000000000499      0x199 ./Core/Src/stm32f4xx_it.o
 .debug_abbrev  0x0000000000000632       0xbb ./Core/Src/sysmem.o
 .debug_abbrev  0x00000000000006ed      0x116 ./Core/Src/system_stm32f4xx.o
 .debug_abbrev  0x0000000000000803       0x12 ./Core/Startup/startup_stm32f411vetx.o
 .debug_abbrev  0x0000000000000815      0x23e ./Drivers/STM32F4xx_HAL_Driver/Src/stm32f4xx_hal.o
 .debug_abbrev  0x0000000000000a53      0x316 ./Drivers/STM32F4xx_HAL_Driver/Src/stm32f4xx_hal_cortex.o
 .debug_abbrev  0x0000000000000d69      0x1c4 ./Drivers/STM32F4xx_HAL_Driver/Src/stm32f4xx_hal_gpio.o
 .debug_abbrev  0x0000000000000f2d      0x27e ./Drivers/STM32F4xx_HAL_Driver/Src/stm32f4xx_hal_hcd.o
 .debug_abbrev  0x00000000000011ab      0x2a8 ./Drivers/STM32F4xx_HAL_Driver/Src/stm32f4xx_hal_i2c.o
 .debug_abbrev  0x0000000000001453      0x258 ./Drivers/STM32F4xx_HAL_Driver/Src/stm32f4xx_hal_i2s.o
 .debug_abbrev  0x00000000000016ab      0x289 ./Drivers/STM32F4xx_HAL_Driver/Src/stm32f4xx_hal_i2s_ex.o
 .debug_abbrev  0x0000000000001934      0x2aa ./Drivers/STM32F4xx_HAL_Driver/Src/stm32f4xx_hal_rcc.o
 .debug_abbrev  0x0000000000001bde      0x1a8 ./Drivers/STM32F4xx_HAL_Driver/Src/stm32f4xx_hal_rcc_ex.o
 .debug_abbrev  0x0000000000001d86      0x26e ./Drivers/STM32F4xx_HAL_Driver/Src/stm32f4xx_hal_spi.o
 .debug_abbrev  0x0000000000001ff4      0x296 ./Drivers/STM32F4xx_HAL_Driver/Src/stm32f4xx_ll_usb.o
 .debug_abbrev  0x000000000000228a      0x328 ./Middlewares/ST/STM32_USB_Host_Library/Class/CDC/Src/usbh_cdc.o
 .debug_abbrev  0x00000000000025b2      0x317 ./Middlewares/ST/STM32_USB_Host_Library/Core/Src/usbh_core.o
 .debug_abbrev  0x00000000000028c9      0x2e6 ./Middlewares/ST/STM32_USB_Host_Library/Core/Src/usbh_ctlreq.o
 .debug_abbrev  0x0000000000002baf      0x232 ./Middlewares/ST/STM32_USB_Host_Library/Core/Src/usbh_ioreq.o
 .debug_abbrev  0x0000000000002de1      0x270 ./Middlewares/ST/STM32_USB_Host_Library/Core/Src/usbh_pipes.o
 .debug_abbrev  0x0000000000003051      0x25a ./USB_HOST/App/usb_host.o
 .debug_abbrev  0x00000000000032ab      0x3ac ./USB_HOST/Target/usbh_conf.o
 .debug_abbrev  0x0000000000003657      0x112 ./USB_HOST/Target/usbh_platform.o

.debug_aranges  0x0000000000000000     0x1140
 .debug_aranges
                0x0000000000000000       0x68 ./Core/Src/main.o
 .debug_aranges
                0x0000000000000068       0x50 ./Core/Src/stm32f4xx_hal_msp.o
 .debug_aranges
                0x00000000000000b8       0x78 ./Core/Src/stm32f4xx_it.o
 .debug_aranges
                0x0000000000000130       0x20 ./Core/Src/sysmem.o
 .debug_aranges
                0x0000000000000150       0x28 ./Core/Src/system_stm32f4xx.o
 .debug_aranges
                0x0000000000000178       0x28 ./Core/Startup/startup_stm32f411vetx.o
 .debug_aranges
                0x00000000000001a0       0xf0 ./Drivers/STM32F4xx_HAL_Driver/Src/stm32f4xx_hal.o
 .debug_aranges
                0x0000000000000290      0x118 ./Drivers/STM32F4xx_HAL_Driver/Src/stm32f4xx_hal_cortex.o
 .debug_aranges
                0x00000000000003a8       0x58 ./Drivers/STM32F4xx_HAL_Driver/Src/stm32f4xx_hal_gpio.o
 .debug_aranges
                0x0000000000000400       0xf8 ./Drivers/STM32F4xx_HAL_Driver/Src/stm32f4xx_hal_hcd.o
 .debug_aranges
                0x00000000000004f8      0x2a0 ./Drivers/STM32F4xx_HAL_Driver/Src/stm32f4xx_hal_i2c.o
 .debug_aranges
                0x0000000000000798      0x108 ./Drivers/STM32F4xx_HAL_Driver/Src/stm32f4xx_hal_i2s.o
 .debug_aranges
                0x00000000000008a0       0x88 ./Drivers/STM32F4xx_HAL_Driver/Src/stm32f4xx_hal_i2s_ex.o
 .debug_aranges
                0x0000000000000928       0x88 ./Drivers/STM32F4xx_HAL_Driver/Src/stm32f4xx_hal_rcc.o
 .debug_aranges
                0x00000000000009b0       0x50 ./Drivers/STM32F4xx_HAL_Driver/Src/stm32f4xx_hal_rcc_ex.o
 .debug_aranges
                0x0000000000000a00      0x1d0 ./Drivers/STM32F4xx_HAL_Driver/Src/stm32f4xx_hal_spi.o
 .debug_aranges
                0x0000000000000bd0      0x1a0 ./Drivers/STM32F4xx_HAL_Driver/Src/stm32f4xx_ll_usb.o
 .debug_aranges
                0x0000000000000d70       0xa8 ./Middlewares/ST/STM32_USB_Host_Library/Class/CDC/Src/usbh_cdc.o
 .debug_aranges
                0x0000000000000e18       0xc0 ./Middlewares/ST/STM32_USB_Host_Library/Core/Src/usbh_core.o
 .debug_aranges
                0x0000000000000ed8       0xa0 ./Middlewares/ST/STM32_USB_Host_Library/Core/Src/usbh_ctlreq.o
 .debug_aranges
                0x0000000000000f78       0x60 ./Middlewares/ST/STM32_USB_Host_Library/Core/Src/usbh_ioreq.o
 .debug_aranges
                0x0000000000000fd8       0x40 ./Middlewares/ST/STM32_USB_Host_Library/Core/Src/usbh_pipes.o
 .debug_aranges
                0x0000000000001018       0x30 ./USB_HOST/App/usb_host.o
 .debug_aranges
                0x0000000000001048       0xd8 ./USB_HOST/Target/usbh_conf.o
 .debug_aranges
                0x0000000000001120       0x20 ./USB_HOST/Target/usbh_platform.o

.debug_ranges   0x0000000000000000      0xfd0
 .debug_ranges  0x0000000000000000       0x58 ./Core/Src/main.o
 .debug_ranges  0x0000000000000058       0x40 ./Core/Src/stm32f4xx_hal_msp.o
 .debug_ranges  0x0000000000000098       0x68 ./Core/Src/stm32f4xx_it.o
 .debug_ranges  0x0000000000000100       0x10 ./Core/Src/sysmem.o
 .debug_ranges  0x0000000000000110       0x18 ./Core/Src/system_stm32f4xx.o
 .debug_ranges  0x0000000000000128       0x20 ./Core/Startup/startup_stm32f411vetx.o
 .debug_ranges  0x0000000000000148       0xe0 ./Drivers/STM32F4xx_HAL_Driver/Src/stm32f4xx_hal.o
 .debug_ranges  0x0000000000000228      0x108 ./Drivers/STM32F4xx_HAL_Driver/Src/stm32f4xx_hal_cortex.o
 .debug_ranges  0x0000000000000330       0x48 ./Drivers/STM32F4xx_HAL_Driver/Src/stm32f4xx_hal_gpio.o
 .debug_ranges  0x0000000000000378       0xe8 ./Drivers/STM32F4xx_HAL_Driver/Src/stm32f4xx_hal_hcd.o
 .debug_ranges  0x0000000000000460      0x2a8 ./Drivers/STM32F4xx_HAL_Driver/Src/stm32f4xx_hal_i2c.o
 .debug_ranges  0x0000000000000708       0xf8 ./Drivers/STM32F4xx_HAL_Driver/Src/stm32f4xx_hal_i2s.o
 .debug_ranges  0x0000000000000800       0x78 ./Drivers/STM32F4xx_HAL_Driver/Src/stm32f4xx_hal_i2s_ex.o
 .debug_ranges  0x0000000000000878       0x78 ./Drivers/STM32F4xx_HAL_Driver/Src/stm32f4xx_hal_rcc.o
 .debug_ranges  0x00000000000008f0       0x40 ./Drivers/STM32F4xx_HAL_Driver/Src/stm32f4xx_hal_rcc_ex.o
 .debug_ranges  0x0000000000000930      0x1c0 ./Drivers/STM32F4xx_HAL_Driver/Src/stm32f4xx_hal_spi.o
 .debug_ranges  0x0000000000000af0      0x190 ./Drivers/STM32F4xx_HAL_Driver/Src/stm32f4xx_ll_usb.o
 .debug_ranges  0x0000000000000c80       0x98 ./Middlewares/ST/STM32_USB_Host_Library/Class/CDC/Src/usbh_cdc.o
 .debug_ranges  0x0000000000000d18       0xb0 ./Middlewares/ST/STM32_USB_Host_Library/Core/Src/usbh_core.o
 .debug_ranges  0x0000000000000dc8       0x90 ./Middlewares/ST/STM32_USB_Host_Library/Core/Src/usbh_ctlreq.o
 .debug_ranges  0x0000000000000e58       0x50 ./Middlewares/ST/STM32_USB_Host_Library/Core/Src/usbh_ioreq.o
 .debug_ranges  0x0000000000000ea8       0x30 ./Middlewares/ST/STM32_USB_Host_Library/Core/Src/usbh_pipes.o
 .debug_ranges  0x0000000000000ed8       0x20 ./USB_HOST/App/usb_host.o
 .debug_ranges  0x0000000000000ef8       0xc8 ./USB_HOST/Target/usbh_conf.o
 .debug_ranges  0x0000000000000fc0       0x10 ./USB_HOST/Target/usbh_platform.o

.debug_macro    0x0000000000000000    0x18c71
 .debug_macro   0x0000000000000000      0x227 ./Core/Src/main.o
 .debug_macro   0x0000000000000227      0xa78 ./Core/Src/main.o
 .debug_macro   0x0000000000000c9f      0x2a7 ./Core/Src/main.o
 .debug_macro   0x0000000000000f46       0x2e ./Core/Src/main.o
 .debug_macro   0x0000000000000f74       0x28 ./Core/Src/main.o
 .debug_macro   0x0000000000000f9c       0x22 ./Core/Src/main.o
 .debug_macro   0x0000000000000fbe       0x8e ./Core/Src/main.o
 .debug_macro   0x000000000000104c       0x51 ./Core/Src/main.o
 .debug_macro   0x000000000000109d      0x103 ./Core/Src/main.o
 .debug_macro   0x00000000000011a0       0x6a ./Core/Src/main.o
 .debug_macro   0x000000000000120a      0x1df ./Core/Src/main.o
 .debug_macro   0x00000000000013e9       0x1c ./Core/Src/main.o
 .debug_macro   0x0000000000001405       0x22 ./Core/Src/main.o
 .debug_macro   0x0000000000001427       0xd9 ./Core/Src/main.o
 .debug_macro   0x0000000000001500     0x102d ./Core/Src/main.o
 .debug_macro   0x000000000000252d      0x11f ./Core/Src/main.o
 .debug_macro   0x000000000000264c     0xb953 ./Core/Src/main.o
 .debug_macro   0x000000000000df9f       0x6d ./Core/Src/main.o
 .debug_macro   0x000000000000e00c     0x367e ./Core/Src/main.o
 .debug_macro   0x000000000001168a      0x174 ./Core/Src/main.o
 .debug_macro   0x00000000000117fe       0x5c ./Core/Src/main.o
 .debug_macro   0x000000000001185a      0x447 ./Core/Src/main.o
 .debug_macro   0x0000000000011ca1      0x9fe ./Core/Src/main.o
 .debug_macro   0x000000000001269f      0x115 ./Core/Src/main.o
 .debug_macro   0x00000000000127b4      0x11b ./Core/Src/main.o
 .debug_macro   0x00000000000128cf       0xa5 ./Core/Src/main.o
 .debug_macro   0x0000000000012974      0x15f ./Core/Src/main.o
 .debug_macro   0x0000000000012ad3      0x287 ./Core/Src/main.o
 .debug_macro   0x0000000000012d5a       0x5f ./Core/Src/main.o
 .debug_macro   0x0000000000012db9      0x236 ./Core/Src/main.o
 .debug_macro   0x0000000000012fef      0x132 ./Core/Src/main.o
 .debug_macro   0x0000000000013121      0x264 ./Core/Src/main.o
 .debug_macro   0x0000000000013385       0x2e ./Core/Src/main.o
 .debug_macro   0x00000000000133b3      0x1b5 ./Core/Src/main.o
 .debug_macro   0x0000000000013568       0x22 ./Core/Src/main.o
 .debug_macro   0x000000000001358a       0xd6 ./Core/Src/main.o
 .debug_macro   0x0000000000013660      0x1a7 ./Core/Src/main.o
 .debug_macro   0x0000000000013807       0x46 ./Core/Src/main.o
 .debug_macro   0x000000000001384d       0x4a ./Core/Src/main.o
 .debug_macro   0x0000000000013897      0x11a ./Core/Src/main.o
 .debug_macro   0x00000000000139b1       0x85 ./Core/Src/main.o
 .debug_macro   0x0000000000013a36       0x89 ./Core/Src/main.o
 .debug_macro   0x0000000000013abf      0x225 ./Core/Src/main.o
 .debug_macro   0x0000000000013ce4      0x248 ./Core/Src/main.o
 .debug_macro   0x0000000000013f2c       0x7c ./Core/Src/main.o
 .debug_macro   0x0000000000013fa8      0x126 ./Core/Src/main.o
 .debug_macro   0x00000000000140ce      0x184 ./Core/Src/main.o
 .debug_macro   0x0000000000014252       0x22 ./Core/Src/main.o
 .debug_macro   0x0000000000014274      0x214 ./Core/Src/stm32f4xx_hal_msp.o
 .debug_macro   0x0000000000014488      0x21e ./Core/Src/stm32f4xx_it.o
 .debug_macro   0x00000000000146a6       0xff ./Core/Src/sysmem.o
 .debug_macro   0x00000000000147a5      0x23b ./Core/Src/sysmem.o
 .debug_macro   0x00000000000149e0      0x205 ./Core/Src/system_stm32f4xx.o
 .debug_macro   0x0000000000014be5      0x265 ./Drivers/STM32F4xx_HAL_Driver/Src/stm32f4xx_hal.o
 .debug_macro   0x0000000000014e4a      0x205 ./Drivers/STM32F4xx_HAL_Driver/Src/stm32f4xx_hal_cortex.o
 .debug_macro   0x000000000001504f      0x20b ./Drivers/STM32F4xx_HAL_Driver/Src/stm32f4xx_hal_gpio.o
 .debug_macro   0x000000000001525a      0x205 ./Drivers/STM32F4xx_HAL_Driver/Src/stm32f4xx_hal_hcd.o
 .debug_macro   0x000000000001545f      0x24c ./Drivers/STM32F4xx_HAL_Driver/Src/stm32f4xx_hal_i2c.o
 .debug_macro   0x00000000000156ab      0x20d ./Drivers/STM32F4xx_HAL_Driver/Src/stm32f4xx_hal_i2s.o
 .debug_macro   0x00000000000158b8      0x205 ./Drivers/STM32F4xx_HAL_Driver/Src/stm32f4xx_hal_i2s_ex.o
 .debug_macro   0x0000000000015abd      0x229 ./Drivers/STM32F4xx_HAL_Driver/Src/stm32f4xx_hal_rcc.o
 .debug_macro   0x0000000000015ce6      0x205 ./Drivers/STM32F4xx_HAL_Driver/Src/stm32f4xx_hal_rcc_ex.o
 .debug_macro   0x0000000000015eeb      0x214 ./Drivers/STM32F4xx_HAL_Driver/Src/stm32f4xx_hal_spi.o
 .debug_macro   0x00000000000160ff      0x205 ./Drivers/STM32F4xx_HAL_Driver/Src/stm32f4xx_ll_usb.o
 .debug_macro   0x0000000000016304      0x433 ./Middlewares/ST/STM32_USB_Host_Library/Class/CDC/Src/usbh_cdc.o
 .debug_macro   0x0000000000016737       0x16 ./Middlewares/ST/STM32_USB_Host_Library/Class/CDC/Src/usbh_cdc.o
 .debug_macro   0x000000000001674d       0x97 ./Middlewares/ST/STM32_USB_Host_Library/Class/CDC/Src/usbh_cdc.o
 .debug_macro   0x00000000000167e4       0xfd ./Middlewares/ST/STM32_USB_Host_Library/Class/CDC/Src/usbh_cdc.o
 .debug_macro   0x00000000000168e1       0x16 ./Middlewares/ST/STM32_USB_Host_Library/Class/CDC/Src/usbh_cdc.o
 .debug_macro   0x00000000000168f7       0x20 ./Middlewares/ST/STM32_USB_Host_Library/Class/CDC/Src/usbh_cdc.o
 .debug_macro   0x0000000000016917       0x56 ./Middlewares/ST/STM32_USB_Host_Library/Class/CDC/Src/usbh_cdc.o
 .debug_macro   0x000000000001696d       0x73 ./Middlewares/ST/STM32_USB_Host_Library/Class/CDC/Src/usbh_cdc.o
 .debug_macro   0x00000000000169e0      0x233 ./Middlewares/ST/STM32_USB_Host_Library/Class/CDC/Src/usbh_cdc.o
 .debug_macro   0x0000000000016c13       0x2e ./Middlewares/ST/STM32_USB_Host_Library/Class/CDC/Src/usbh_cdc.o
 .debug_macro   0x0000000000016c41       0x2e ./Middlewares/ST/STM32_USB_Host_Library/Class/CDC/Src/usbh_cdc.o
 .debug_macro   0x0000000000016c6f       0x28 ./Middlewares/ST/STM32_USB_Host_Library/Class/CDC/Src/usbh_cdc.o
 .debug_macro   0x0000000000016c97      0x15c ./Middlewares/ST/STM32_USB_Host_Library/Class/CDC/Src/usbh_cdc.o
 .debug_macro   0x0000000000016df3      0x430 ./Middlewares/ST/STM32_USB_Host_Library/Core/Src/usbh_core.o
 .debug_macro   0x0000000000017223      0x428 ./Middlewares/ST/STM32_USB_Host_Library/Core/Src/usbh_ctlreq.o
 .debug_macro   0x000000000001764b       0x28 ./Middlewares/ST/STM32_USB_Host_Library/Core/Src/usbh_ctlreq.o
 .debug_macro   0x0000000000017673      0x422 ./Middlewares/ST/STM32_USB_Host_Library/Core/Src/usbh_ioreq.o
 .debug_macro   0x0000000000017a95      0x422 ./Middlewares/ST/STM32_USB_Host_Library/Core/Src/usbh_pipes.o
 .debug_macro   0x0000000000017eb7      0x431 ./USB_HOST/App/usb_host.o
 .debug_macro   0x00000000000182e8       0x52 ./USB_HOST/App/usb_host.o
 .debug_macro   0x000000000001833a      0x18a ./USB_HOST/App/usb_host.o
 .debug_macro   0x00000000000184c4      0x162 ./USB_HOST/App/usb_host.o
 .debug_macro   0x0000000000018626      0x432 ./USB_HOST/Target/usbh_conf.o
 .debug_macro   0x0000000000018a58      0x219 ./USB_HOST/Target/usbh_platform.o

.debug_line     0x0000000000000000    0x17782
 .debug_line    0x0000000000000000      0xa13 ./Core/Src/main.o
 .debug_line    0x0000000000000a13      0x895 ./Core/Src/stm32f4xx_hal_msp.o
 .debug_line    0x00000000000012a8      0x853 ./Core/Src/stm32f4xx_it.o
 .debug_line    0x0000000000001afb      0x526 ./Core/Src/sysmem.o
 .debug_line    0x0000000000002021      0x7ca ./Core/Src/system_stm32f4xx.o
 .debug_line    0x00000000000027eb       0x88 ./Core/Startup/startup_stm32f411vetx.o
 .debug_line    0x0000000000002873      0xa30 ./Drivers/STM32F4xx_HAL_Driver/Src/stm32f4xx_hal.o
 .debug_line    0x00000000000032a3      0xcdf ./Drivers/STM32F4xx_HAL_Driver/Src/stm32f4xx_hal_cortex.o
 .debug_line    0x0000000000003f82      0xb68 ./Drivers/STM32F4xx_HAL_Driver/Src/stm32f4xx_hal_gpio.o
 .debug_line    0x0000000000004aea     0x122d ./Drivers/STM32F4xx_HAL_Driver/Src/stm32f4xx_hal_hcd.o
 .debug_line    0x0000000000005d17     0x39e5 ./Drivers/STM32F4xx_HAL_Driver/Src/stm32f4xx_hal_i2c.o
 .debug_line    0x00000000000096fc     0x13c9 ./Drivers/STM32F4xx_HAL_Driver/Src/stm32f4xx_hal_i2s.o
 .debug_line    0x000000000000aac5     0x14c8 ./Drivers/STM32F4xx_HAL_Driver/Src/stm32f4xx_hal_i2s_ex.o
 .debug_line    0x000000000000bf8d      0xdac ./Drivers/STM32F4xx_HAL_Driver/Src/stm32f4xx_hal_rcc.o
 .debug_line    0x000000000000cd39      0xa8a ./Drivers/STM32F4xx_HAL_Driver/Src/stm32f4xx_hal_rcc_ex.o
 .debug_line    0x000000000000d7c3     0x1cba ./Drivers/STM32F4xx_HAL_Driver/Src/stm32f4xx_hal_spi.o
 .debug_line    0x000000000000f47d     0x1aed ./Drivers/STM32F4xx_HAL_Driver/Src/stm32f4xx_ll_usb.o
 .debug_line    0x0000000000010f6a      0xf68 ./Middlewares/ST/STM32_USB_Host_Library/Class/CDC/Src/usbh_cdc.o
 .debug_line    0x0000000000011ed2     0x11e4 ./Middlewares/ST/STM32_USB_Host_Library/Core/Src/usbh_core.o
 .debug_line    0x00000000000130b6     0x10a7 ./Middlewares/ST/STM32_USB_Host_Library/Core/Src/usbh_ctlreq.o
 .debug_line    0x000000000001415d      0xb40 ./Middlewares/ST/STM32_USB_Host_Library/Core/Src/usbh_ioreq.o
 .debug_line    0x0000000000014c9d      0xaea ./Middlewares/ST/STM32_USB_Host_Library/Core/Src/usbh_pipes.o
 .debug_line    0x0000000000015787      0xad4 ./USB_HOST/App/usb_host.o
 .debug_line    0x000000000001625b      0xdac ./USB_HOST/Target/usbh_conf.o
 .debug_line    0x0000000000017007      0x77b ./USB_HOST/Target/usbh_platform.o

.debug_str      0x0000000000000000    0x8e7e9
 .debug_str     0x0000000000000000    0x843d9 ./Core/Src/main.o
                                      0x84729 (size before relaxing)
 .debug_str     0x00000000000843d9       0xce ./Core/Src/stm32f4xx_hal_msp.o
                                      0x83fee (size before relaxing)
 .debug_str     0x00000000000844a7      0x497 ./Core/Src/stm32f4xx_it.o
                                      0x83adf (size before relaxing)
 .debug_str     0x000000000008493e     0x1e75 ./Core/Src/sysmem.o
                                       0x5da8 (size before relaxing)
 .debug_str     0x00000000000867b3       0xdb ./Core/Src/system_stm32f4xx.o
                                      0x83136 (size before relaxing)
 .debug_str     0x000000000008688e       0x36 ./Core/Startup/startup_stm32f411vetx.o
                                         0x6a (size before relaxing)
 .debug_str     0x00000000000868c4      0x5da ./Drivers/STM32F4xx_HAL_Driver/Src/stm32f4xx_hal.o
                                      0x83b62 (size before relaxing)
 .debug_str     0x0000000000086e9e      0x33a ./Drivers/STM32F4xx_HAL_Driver/Src/stm32f4xx_hal_cortex.o
                                      0x83883 (size before relaxing)
 .debug_str     0x00000000000871d8       0xe8 ./Drivers/STM32F4xx_HAL_Driver/Src/stm32f4xx_hal_gpio.o
                                      0x832b1 (size before relaxing)
 .debug_str     0x00000000000872c0      0x545 ./Drivers/STM32F4xx_HAL_Driver/Src/stm32f4xx_hal_hcd.o
                                      0x83901 (size before relaxing)
 .debug_str     0x0000000000087805      0xaf2 ./Drivers/STM32F4xx_HAL_Driver/Src/stm32f4xx_hal_i2c.o
                                      0x840f4 (size before relaxing)
 .debug_str     0x00000000000882f7      0x2b8 ./Drivers/STM32F4xx_HAL_Driver/Src/stm32f4xx_hal_i2s.o
                                      0x83715 (size before relaxing)
 .debug_str     0x00000000000885af      0x1d1 ./Drivers/STM32F4xx_HAL_Driver/Src/stm32f4xx_hal_i2s_ex.o
                                      0x83620 (size before relaxing)
 .debug_str     0x0000000000088780      0x213 ./Drivers/STM32F4xx_HAL_Driver/Src/stm32f4xx_hal_rcc.o
                                      0x8356a (size before relaxing)
 .debug_str     0x0000000000088993       0xf6 ./Drivers/STM32F4xx_HAL_Driver/Src/stm32f4xx_hal_rcc_ex.o
                                      0x832be (size before relaxing)
 .debug_str     0x0000000000088a89      0x52d ./Drivers/STM32F4xx_HAL_Driver/Src/stm32f4xx_hal_spi.o
                                      0x839e8 (size before relaxing)
 .debug_str     0x0000000000088fb6      0x516 ./Drivers/STM32F4xx_HAL_Driver/Src/stm32f4xx_ll_usb.o
                                      0x83a4e (size before relaxing)