Archive member included to satisfy reference by file (symbol)

d:/desktop_apppps/stm32cubeide_1.10.1/stm32cubeide/plugins/com.st.stm32cube.ide.mcu.externaltools.gnu-tools-for-stm32.10.3-2021.10.win32_1.0.0.202111181127/tools/bin/../lib/gcc/arm-none-eabi/10.3.1/../../../../arm-none-eabi/lib/thumb/v7e-m+fp/hard\libc_nano.a(lib_a-ctype_.o)
                              ./Core/Src/lcd5110.o (_ctype_)
d:/desktop_apppps/stm32cubeide_1.10.1/stm32cubeide/plugins/com.st.stm32cube.ide.mcu.externaltools.gnu-tools-for-stm32.10.3-2021.10.win32_1.0.0.202111181127/tools/bin/../lib/gcc/arm-none-eabi/10.3.1/../../../../arm-none-eabi/lib/thumb/v7e-m+fp/hard\libc_nano.a(lib_a-errno.o)
                              ./Core/Src/syscalls.o (__errno)
d:/desktop_apppps/stm32cubeide_1.10.1/stm32cubeide/plugins/com.st.stm32cube.ide.mcu.externaltools.gnu-tools-for-stm32.10.3-2021.10.win32_1.0.0.202111181127/tools/bin/../lib/gcc/arm-none-eabi/10.3.1/../../../../arm-none-eabi/lib/thumb/v7e-m+fp/hard\libc_nano.a(lib_a-exit.o)
                              d:/desktop_apppps/stm32cubeide_1.10.1/stm32cubeide/plugins/com.st.stm32cube.ide.mcu.externaltools.gnu-tools-for-stm32.10.3-2021.10.win32_1.0.0.202111181127/tools/bin/../lib/gcc/arm-none-eabi/10.3.1/../../../../arm-none-eabi/lib/thumb/v7e-m+fp/hard/crt0.o (exit)
d:/desktop_apppps/stm32cubeide_1.10.1/stm32cubeide/plugins/com.st.stm32cube.ide.mcu.externaltools.gnu-tools-for-stm32.10.3-2021.10.win32_1.0.0.202111181127/tools/bin/../lib/gcc/arm-none-eabi/10.3.1/../../../../arm-none-eabi/lib/thumb/v7e-m+fp/hard\libc_nano.a(lib_a-impure.o)
                              d:/desktop_apppps/stm32cubeide_1.10.1/stm32cubeide/plugins/com.st.stm32cube.ide.mcu.externaltools.gnu-tools-for-stm32.10.3-2021.10.win32_1.0.0.202111181127/tools/bin/../lib/gcc/arm-none-eabi/10.3.1/../../../../arm-none-eabi/lib/thumb/v7e-m+fp/hard\libc_nano.a(lib_a-exit.o) (_global_impure_ptr)
d:/desktop_apppps/stm32cubeide_1.10.1/stm32cubeide/plugins/com.st.stm32cube.ide.mcu.externaltools.gnu-tools-for-stm32.10.3-2021.10.win32_1.0.0.202111181127/tools/bin/../lib/gcc/arm-none-eabi/10.3.1/../../../../arm-none-eabi/lib/thumb/v7e-m+fp/hard\libc_nano.a(lib_a-init.o)
                              d:/desktop_apppps/stm32cubeide_1.10.1/stm32cubeide/plugins/com.st.stm32cube.ide.mcu.externaltools.gnu-tools-for-stm32.10.3-2021.10.win32_1.0.0.202111181127/tools/bin/../lib/gcc/arm-none-eabi/10.3.1/../../../../arm-none-eabi/lib/thumb/v7e-m+fp/hard/crt0.o (__libc_init_array)
d:/desktop_apppps/stm32cubeide_1.10.1/stm32cubeide/plugins/com.st.stm32cube.ide.mcu.externaltools.gnu-tools-for-stm32.10.3-2021.10.win32_1.0.0.202111181127/tools/bin/../lib/gcc/arm-none-eabi/10.3.1/../../../../arm-none-eabi/lib/thumb/v7e-m+fp/hard\libc_nano.a(lib_a-itoa.o)
                              ./Core/Src/lcd5110.o (itoa)
d:/desktop_apppps/stm32cubeide_1.10.1/stm32cubeide/plugins/com.st.stm32cube.ide.mcu.externaltools.gnu-tools-for-stm32.10.3-2021.10.win32_1.0.0.202111181127/tools/bin/../lib/gcc/arm-none-eabi/10.3.1/../../../../arm-none-eabi/lib/thumb/v7e-m+fp/hard\libc_nano.a(lib_a-malloc.o)
                              ./Middlewares/ST/STM32_USB_Host_Library/Class/CDC/Src/usbh_cdc.o (malloc)
d:/desktop_apppps/stm32cubeide_1.10.1/stm32cubeide/plugins/com.st.stm32cube.ide.mcu.externaltools.gnu-tools-for-stm32.10.3-2021.10.win32_1.0.0.202111181127/tools/bin/../lib/gcc/arm-none-eabi/10.3.1/../../../../arm-none-eabi/lib/thumb/v7e-m+fp/hard\libc_nano.a(lib_a-memset.o)
                              d:/desktop_apppps/stm32cubeide_1.10.1/stm32cubeide/plugins/com.st.stm32cube.ide.mcu.externaltools.gnu-tools-for-stm32.10.3-2021.10.win32_1.0.0.202111181127/tools/bin/../lib/gcc/arm-none-eabi/10.3.1/../../../../arm-none-eabi/lib/thumb/v7e-m+fp/hard/crt0.o (memset)
d:/desktop_apppps/stm32cubeide_1.10.1/stm32cubeide/plugins/com.st.stm32cube.ide.mcu.externaltools.gnu-tools-for-stm32.10.3-2021.10.win32_1.0.0.202111181127/tools/bin/../lib/gcc/arm-none-eabi/10.3.1/../../../../arm-none-eabi/lib/thumb/v7e-m+fp/hard\libc_nano.a(lib_a-nano-freer.o)
                              d:/desktop_apppps/stm32cubeide_1.10.1/stm32cubeide/plugins/com.st.stm32cube.ide.mcu.externaltools.gnu-tools-for-stm32.10.3-2021.10.win32_1.0.0.202111181127/tools/bin/../lib/gcc/arm-none-eabi/10.3.1/../../../../arm-none-eabi/lib/thumb/v7e-m+fp/hard\libc_nano.a(lib_a-malloc.o) (_free_r)
d:/desktop_apppps/stm32cubeide_1.10.1/stm32cubeide/plugins/com.st.stm32cube.ide.mcu.externaltools.gnu-tools-for-stm32.10.3-2021.10.win32_1.0.0.202111181127/tools/bin/../lib/gcc/arm-none-eabi/10.3.1/../../../../arm-none-eabi/lib/thumb/v7e-m+fp/hard\libc_nano.a(lib_a-nano-mallocr.o)
                              d:/desktop_apppps/stm32cubeide_1.10.1/stm32cubeide/plugins/com.st.stm32cube.ide.mcu.externaltools.gnu-tools-for-stm32.10.3-2021.10.win32_1.0.0.202111181127/tools/bin/../lib/gcc/arm-none-eabi/10.3.1/../../../../arm-none-eabi/lib/thumb/v7e-m+fp/hard\libc_nano.a(lib_a-malloc.o) (_malloc_r)
[...]
Memory Configuration

Name             Origin             Length             Attributes
RAM              0x0000000020000000 0x0000000000020000 xrw
FLASH            0x0000000008000000 0x0000000000080000 xr
*default*        0x0000000000000000 0xffffffffffffffff

Linker script and memory map

LOAD d:/desktop_apppps/stm32cubeide_1.10.1/stm32cubeide/plugins/com.st.stm32cube.ide.mcu.externaltools.gnu-tools-for-stm32.10.3-2021.10.win32_1.0.0.202111181127/tools/bin/../lib/gcc/arm-none-eabi/10.3.1/thumb/v7e-m+fp/hard/crti.o
LOAD d:/desktop_apppps/stm32cubeide_1.10.1/stm32cubeide/plugins/com.st.stm32cube.ide.mcu.externaltools.gnu-tools-for-stm32.10.3-2021.10.win32_1.0.0.202111181127/tools/bin/../lib/gcc/arm-none-eabi/10.3.1/thumb/v7e-m+fp/hard/crtbegin.o
LOAD d:/desktop_apppps/stm32cubeide_1.10.1/stm32cubeide/plugins/com.st.stm32cube.ide.mcu.externaltools.gnu-tools-for-stm32.10.3-2021.10.win32_1.0.0.202111181127/tools/bin/../lib/gcc/arm-none-eabi/10.3.1/../../../../arm-none-eabi/lib/thumb/v7e-m+fp/hard/crt0.o
LOAD ./Core/Src/lcd5110.o
LOAD ./Core/Src/lcd5110_hal.o
LOAD ./Core/Src/lcd5110_ll.o
LOAD ./Core/Src/main.o
LOAD ./Core/Src/stm32f4xx_hal_msp.o
LOAD ./Core/Src/stm32f4xx_it.o
LOAD ./Core/Src/syscalls.o
LOAD ./Core/Src/sysmem.o
LOAD ./Core/Src/system_stm32f4xx.o
LOAD ./Core/Startup/startup_stm32f411vetx.o
LOAD ./Drivers/STM32F4xx_HAL_Driver/Src/stm32f4xx_hal.o
LOAD ./Drivers/STM32F4xx_HAL_Driver/Src/stm32f4xx_hal_cortex.o
LOAD ./Drivers/STM32F4xx_HAL_Driver/Src/stm32f4xx_hal_dma.o
LOAD ./Drivers/STM32F4xx_HAL_Driver/Src/stm32f4xx_hal_dma_ex.o
LOAD ./Drivers/STM32F4xx_HAL_Driver/Src/stm32f4xx_hal_exti.o
LOAD ./Drivers/STM32F4xx_HAL_Driver/Src/stm32f4xx_hal_flash.o
LOAD ./Drivers/STM32F4xx_HAL_Driver/Src/stm32f4xx_hal_flash_ex.o
LOAD ./Drivers/STM32F4xx_HAL_Driver/Src/stm32f4xx_hal_flash_ramfunc.o
LOAD ./Drivers/STM32F4xx_HAL_Driver/Src/stm32f4xx_hal_gpio.o
LOAD ./Drivers/STM32F4xx_HAL_Driver/Src/stm32f4xx_hal_hcd.o
LOAD ./Drivers/STM32F4xx_HAL_Driver/Src/stm32f4xx_hal_i2c.o
LOAD ./Drivers/STM32F4xx_HAL_Driver/Src/stm32f4xx_hal_i2c_ex.o
LOAD ./Drivers/STM32F4xx_HAL_Driver/Src/stm32f4xx_hal_i2s.o
LOAD ./Drivers/STM32F4xx_HAL_Driver/Src/stm32f4xx_hal_i2s_ex.o
LOAD ./Drivers/STM32F4xx_HAL_Driver/Src/stm32f4xx_hal_pwr.o
LOAD ./Drivers/STM32F4xx_HAL_Driver/Src/stm32f4xx_hal_pwr_ex.o
LOAD ./Drivers/STM32F4xx_HAL_Driver/Src/stm32f4xx_hal_rcc.o
LOAD ./Drivers/STM32F4xx_HAL_Driver/Src/stm32f4xx_hal_rcc_ex.o
LOAD ./Drivers/STM32F4xx_HAL_Driver/Src/stm32f4xx_hal_spi.o
LOAD ./Drivers/STM32F4xx_HAL_Driver/Src/stm32f4xx_hal_tim.o
LOAD ./Drivers/STM32F4xx_HAL_Driver/Src/stm32f4xx_hal_tim_ex.o
LOAD ./Drivers/STM32F4xx_HAL_Driver/Src/stm32f4xx_ll_usb.o
LOAD ./Middlewares/ST/STM32_USB_Host_Library/Class/CDC/Src/usbh_cdc.o
LOAD ./Middlewares/ST/STM32_USB_Host_Library/Core/Src/usbh_core.o
LOAD ./Middlewares/ST/STM32_USB_Host_Library/Core/Src/usbh_ctlreq.o
LOAD ./Middlewares/ST/STM32_USB_Host_Library/Core/Src/usbh_ioreq.o
LOAD ./Middlewares/ST/STM32_USB_Host_Library/Core/Src/usbh_pipes.o
LOAD ./USB_HOST/App/usb_host.o
LOAD ./USB_HOST/Target/usbh_conf.o
LOAD ./USB_HOST/Target/usbh_platform.o
START GROUP
LOAD d:/desktop_apppps/stm32cubeide_1.10.1/stm32cubeide/plugins/com.st.stm32cube.ide.mcu.externaltools.gnu-tools-for-stm32.10.3-2021.10.win32_1.0.0.202111181127/tools/bin/../lib/gcc/arm-none-eabi/10.3.1/../../../../arm-none-eabi/lib/thumb/v7e-m+fp/hard\libc_nano.a
LOAD d:/desktop_apppps/stm32cubeide_1.10.1/stm32cubeide/plugins/com.st.stm32cube.ide.mcu.externaltools.gnu-tools-for-stm32.10.3-2021.10.win32_1.0.0.202111181127/tools/bin/../lib/gcc/arm-none-eabi/10.3.1/../../../../arm-none-eabi/lib/thumb/v7e-m+fp/hard\libm.a
END GROUP
START GROUP
LOAD d:/desktop_apppps/stm32cubeide_1.10.1/stm32cubeide/plugins/com.st.stm32cube.ide.mcu.externaltools.gnu-tools-for-stm32.10.3-2021.10.win32_1.0.0.202111181127/tools/bin/../lib/gcc/arm-none-eabi/10.3.1/thumb/v7e-m+fp/hard\libgcc.a
LOAD d:/desktop_apppps/stm32cubeide_1.10.1/stm32cubeide/plugins/com.st.stm32cube.ide.mcu.externaltools.gnu-tools-for-stm32.10.3-2021.10.win32_1.0.0.202111181127/tools/bin/../lib/gcc/arm-none-eabi/10.3.1/../../../../arm-none-eabi/lib/thumb/v7e-m+fp/hard\libc_nano.a
END GROUP
START GROUP
LOAD d:/desktop_apppps/stm32cubeide_1.10.1/stm32cubeide/plugins/com.st.stm32cube.ide.mcu.externaltools.gnu-tools-for-stm32.10.3-2021.10.win32_1.0.0.202111181127/tools/bin/../lib/gcc/arm-none-eabi/10.3.1/thumb/v7e-m+fp/hard\libgcc.a
LOAD d:/desktop_apppps/stm32cubeide_1.10.1/stm32cubeide/plugins/com.st.stm32cube.ide.mcu.externaltools.gnu-tools-for-stm32.10.3-2021.10.win32_1.0.0.202111181127/tools/bin/../lib/gcc/arm-none-eabi/10.3.1/../../../../arm-none-eabi/lib/thumb/v7e-m+fp/hard\libc_nano.a
LOAD d:/desktop_apppps/stm32cubeide_1.10.1/stm32cubeide/plugins/com.st.stm32cube.ide.mcu.externaltools.gnu-tools-for-stm32.10.3-2021.10.win32_1.0.0.202111181127/tools/bin/../lib/gcc/arm-none-eabi/10.3.1/../../../../arm-none-eabi/lib/thumb/v7e-m+fp/hard\libnosys.a
END GROUP
START GROUP
LOAD d:/desktop_apppps/stm32cubeide_1.10.1/stm32cubeide/plugins/com.st.stm32cube.ide.mcu.externaltools.gnu-tools-for-stm32.10.3-2021.10.win32_1.0.0.202111181127/tools/bin/../lib/gcc/arm-none-eabi/10.3.1/thumb/v7e-m+fp/hard\libgcc.a
LOAD d:/desktop_apppps/stm32cubeide_1.10.1/stm32cubeide/plugins/com.st.stm32cube.ide.mcu.externaltools.gnu-tools-for-stm32.10.3-2021.10.win32_1.0.0.202111181127/tools/bin/../lib/gcc/arm-none-eabi/10.3.1/../../../../arm-none-eabi/lib/thumb/v7e-m+fp/hard\libc_nano.a
LOAD d:/desktop_apppps/stm32cubeide_1.10.1/stm32cubeide/plugins/com.st.stm32cube.ide.mcu.externaltools.gnu-tools-for-stm32.10.3-2021.10.win32_1.0.0.202111181127/tools/bin/../lib/gcc/arm-none-eabi/10.3.1/../../../../arm-none-eabi/lib/thumb/v7e-m+fp/hard\libnosys.a
END GROUP
LOAD d:/desktop_apppps/stm32cubeide_1.10.1/stm32cubeide/plugins/com.st.stm32cube.ide.mcu.externaltools.gnu-tools-for-stm32.10.3-2021.10.win32_1.0.0.202111181127/tools/bin/../lib/gcc/arm-none-eabi/10.3.1/thumb/v7e-m+fp/hard/crtend.o
LOAD d:/desktop_apppps/stm32cubeide_1.10.1/stm32cubeide/plugins/com.st.stm32cube.ide.mcu.externaltools.gnu-tools-for-stm32.10.3-2021.10.win32_1.0.0.202111181127/tools/bin/../lib/gcc/arm-none-eabi/10.3.1/thumb/v7e-m+fp/hard/crtn.o
                0x0000000020020000                _estack = (ORIGIN (RAM) + LENGTH (RAM))
                0x0000000000000200                _Min_Heap_Size = 0x200
                0x0000000000000400                _Min_Stack_Size = 0x400

.isr_vector     0x0000000008000000      0x198
                0x0000000008000000                . = ALIGN (0x4)
 *(.isr_vector)
 .isr_vector    0x0000000008000000      0x198 ./Core/Startup/startup_stm32f411vetx.o
                0x0000000008000000                g_pfnVectors
                0x0000000008000198                . = ALIGN (0x4)

.text           0x00000000080001a0     0x98d8
                0x00000000080001a0                . = ALIGN (0x4)
 *(.text)
 .text          0x00000000080001a0       0x40 d:/desktop_apppps/stm32cubeide_1.10.1/stm32cubeide/plugins/com.st.stm32cube.ide.mcu.externaltools.gnu-tools-for-stm32.10.3-2021.10.win32_1.0.0.202111181127/tools/bin/../lib/gcc/arm-none-eabi/10.3.1/thumb/v7e-m+fp/hard/crtbegin.o
 .text          0x00000000080001e0       0xa0 d:/desktop_apppps/stm32cubeide_1.10.1/stm32cubeide/plugins/com.st.stm32cube.ide.mcu.externaltools.gnu-tools-for-stm32.10.3-2021.10.win32_1.0.0.202111181127/tools/bin/../lib/gcc/arm-none-eabi/10.3.1/../../../../arm-none-eabi/lib/thumb/v7e-m+fp/hard\libc_nano.a(lib_a-memchr.o)
                0x00000000080001e0                memchr
 .text          0x0000000008000280       0x30 d:/desktop_apppps/stm32cubeide_1.10.1/stm32cubeide/plugins/com.st.stm32cube.ide.mcu.externaltools.gnu-tools-for-stm32.10.3-2021.10.win32_1.0.0.202111181127/tools/bin/../lib/gcc/arm-none-eabi/10.3.1/thumb/v7e-m+fp/hard\libgcc.a(_aeabi_uldivmod.o)
                0x0000000008000280                __aeabi_uldivmod
 .text          0x00000000080002b0      0x2d0 d:/desktop_apppps/stm32cubeide_1.10.1/stm32cubeide/plugins/com.st.stm32cube.ide.mcu.externaltools.gnu-tools-for-stm32.10.3-2021.10.win32_1.0.0.202111181127/tools/bin/../lib/gcc/arm-none-eabi/10.3.1/thumb/v7e-m+fp/hard\libgcc.a(_udivmoddi4.o)
                0x00000000080002b0                __udivmoddi4
 .text          0x0000000008000580        0x4 d:/desktop_apppps/stm32cubeide_1.10.1/stm32cubeide/plugins/com.st.stm32cube.ide.mcu.externaltools.gnu-tools-for-stm32.10.3-2021.10.win32_1.0.0.202111181127/tools/bin/../lib/gcc/arm-none-eabi/10.3.1/thumb/v7e-m+fp/hard\libgcc.a(_dvmd_tls.o)
                0x0000000008000580                __aeabi_idiv0
                0x0000000008000580                __aeabi_ldiv0
 *(.text*)
 .text.LCD5110_refresh
                0x0000000008000584       0x18 ./Core/Src/lcd5110.o
                0x0000000008000584                LCD5110_refresh
 .text.LCD5110_set_cursor
                0x000000000800059c       0x24 ./Core/Src/lcd5110.o
                0x000000000800059c                LCD5110_set_cursor
 .text.LCD5110_clear_scr
                0x00000000080005c0       0x22 ./Core/Src/lcd5110.o
                0x00000000080005c0                LCD5110_clear_scr
 .text.LCD5110_print
                0x00000000080005e2       0x24 ./Core/Src/lcd5110.o
                0x00000000080005e2                LCD5110_print
 *fill*         0x0000000008000606        0x2 
 .text.LCD5110_wputchar
                0x0000000008000608       0xb0 ./Core/Src/lcd5110.o
                0x0000000008000608                LCD5110_wputchar
 .text.LCD5110_wset_cursor
                0x00000000080006b8       0x2a ./Core/Src/lcd5110.o
                0x00000000080006b8                LCD5110_wset_cursor
 .text.LCD5110_wendl
                0x00000000080006e2       0x40 ./Core/Src/lcd5110.o
                0x00000000080006e2                LCD5110_wendl
 *fill*         0x0000000008000722        0x2 
 .text.LCD5110_wprint
                0x0000000008000724       0xd0 ./Core/Src/lcd5110.o
                0x0000000008000724                LCD5110_wprint
 .text.LCD5110_printf
                0x00000000080007f4       0x52 ./Core/Src/lcd5110.o
                0x00000000080007f4                LCD5110_printf
 .text.xy_to_pix
                0x0000000008000846       0x48 ./Core/Src/lcd5110_hal.o
 .text.LCD5110_clrscr
                0x000000000800088e       0x36 ./Core/Src/lcd5110_hal.o
                0x000000000800088e                LCD5110_clrscr
 .text.LCD5110_putpix
                0x00000000080008c4       0x80 ./Core/Src/lcd5110_hal.o
                0x00000000080008c4                LCD5110_putpix
 .text.LCD5110_drawBitmap
                0x0000000008000944       0xac ./Core/Src/lcd5110_hal.o
                0x0000000008000944                LCD5110_drawBitmap
 .text.send_byte_to_LCD5110
                0x00000000080009f0       0x26 ./Core/Src/lcd5110_ll.o
 .text.send_data_to_LCD5110
                0x0000000008000a16       0x28 ./Core/Src/lcd5110_ll.o
 .text.LCD5110_CE_off
                0x0000000008000a3e       0x20 ./Core/Src/lcd5110_ll.o
 .text.LCD5110_DC_on
                0x0000000008000a5e       0x20 ./Core/Src/lcd5110_ll.o
 .text.LCD5110_DC_off
                0x0000000008000a7e       0x20 ./Core/Src/lcd5110_ll.o
 .text.LCD5110_RST_on
                0x0000000008000a9e       0x20 ./Core/Src/lcd5110_ll.o
 .text.LCD5110_RST_off
                0x0000000008000abe       0x20 ./Core/Src/lcd5110_ll.o
 .text.LCD5110_set_function
                0x0000000008000ade       0x34 ./Core/Src/lcd5110_ll.o
 .text.LCD5110_set_mode_base
                0x0000000008000b12       0x2e ./Core/Src/lcd5110_ll.o
 .text.LCD5110_set_voltage_ext
                0x0000000008000b40       0x32 ./Core/Src/lcd5110_ll.o
 .text.LCD5110_set_temp_coef_ext
                0x0000000008000b72       0x30 ./Core/Src/lcd5110_ll.o
 .text.LCD5110_set_bias_ext
                0x0000000008000ba2       0x30 ./Core/Src/lcd5110_ll.o
 .text.LCD5110_set_X_base
                0x0000000008000bd2       0x3e ./Core/Src/lcd5110_ll.o
 .text.LCD5110_set_Y_base
                0x0000000008000c10       0x3e ./Core/Src/lcd5110_ll.o
 .text.LCD5110_set_XY_base
                0x0000000008000c4e       0x4a ./Core/Src/lcd5110_ll.o
 .text.SPI_enable
                0x0000000008000c98       0x28 ./Core/Src/lcd5110_ll.o
 .text.LCD5110_init
                0x0000000008000cc0       0x8a ./Core/Src/lcd5110_ll.o
                0x0000000008000cc0                LCD5110_init
 .text.LCD5110_refresh_ll
                0x0000000008000d4a       0x3c ./Core/Src/lcd5110_ll.o
                0x0000000008000d4a                LCD5110_refresh_ll
 *fill*         0x0000000008000d86        0x2 
 .text.HAL_TIM_PeriodElapsedCallback
                0x0000000008000d88       0x30 ./Core/Src/main.o
                0x0000000008000d88                HAL_TIM_PeriodElapsedCallback
 .text.TIM10_reinit
                0x0000000008000db8       0x34 ./Core/Src/main.o
                0x0000000008000db8                TIM10_reinit
 .text.get_tim10_us
                0x0000000008000dec       0x54 ./Core/Src/main.o
                0x0000000008000dec                get_tim10_us
 .text.udelay_TIM10
                0x0000000008000e40       0x2a ./Core/Src/main.o
                0x0000000008000e40                udelay_TIM10
 *fill*         0x0000000008000e6a        0x2 
 .text.HAL_GPIO_EXTI_Callback
                0x0000000008000e6c       0x8c ./Core/Src/main.o
                0x0000000008000e6c                HAL_GPIO_EXTI_Callback
 .text.main     0x0000000008000ef8      0x1d4 ./Core/Src/main.o
                0x0000000008000ef8                main
 .text.SystemClock_Config
                0x00000000080010cc       0xd0 ./Core/Src/main.o
                0x00000000080010cc                SystemClock_Config
 .text.MX_I2C1_Init
                0x000000000800119c       0x5c ./Core/Src/main.o
 .text.MX_I2S3_Init
                0x00000000080011f8       0x60 ./Core/Src/main.o
 .text.MX_SPI1_Init
                0x0000000008001258       0x6c ./Core/Src/main.o
 .text.MX_SPI2_Init
                0x00000000080012c4       0x6c ./Core/Src/main.o
 .text.MX_TIM10_Init
                0x0000000008001330       0x48 ./Core/Src/main.o
 .text.MX_GPIO_Init
                0x0000000008001378      0x254 ./Core/Src/main.o
 .text.Error_Handler
                0x00000000080015cc        0xa ./Core/Src/main.o
                0x00000000080015cc                Error_Handler
 *fill*         0x00000000080015d6        0x2 
 .text.HAL_MspInit
                0x00000000080015d8       0x50 ./Core/Src/stm32f4xx_hal_msp.o
                0x00000000080015d8                HAL_MspInit
 .text.HAL_I2C_MspInit
                0x0000000008001628       0x90 ./Core/Src/stm32f4xx_hal_msp.o
                0x0000000008001628                HAL_I2C_MspInit
 .text.HAL_I2S_MspInit
                0x00000000080016b8      0x108 ./Core/Src/stm32f4xx_hal_msp.o
                0x00000000080016b8                HAL_I2S_MspInit
 .text.HAL_SPI_MspInit
                0x00000000080017c0       0xfc ./Core/Src/stm32f4xx_hal_msp.o
                0x00000000080017c0                HAL_SPI_MspInit
 .text.HAL_TIM_Base_MspInit
                0x00000000080018bc       0x50 ./Core/Src/stm32f4xx_hal_msp.o
                0x00000000080018bc                HAL_TIM_Base_MspInit
 .text.NMI_Handler
                0x000000000800190c        0x6 ./Core/Src/stm32f4xx_it.o
                0x000000000800190c                NMI_Handler
 .text.HardFault_Handler
                0x0000000008001912        0x6 ./Core/Src/stm32f4xx_it.o
                0x0000000008001912                HardFault_Handler
 .text.MemManage_Handler
                0x0000000008001918        0x6 ./Core/Src/stm32f4xx_it.o
                0x0000000008001918                MemManage_Handler
 .text.BusFault_Handler
                0x000000000800191e        0x6 ./Core/Src/stm32f4xx_it.o
                0x000000000800191e                BusFault_Handler
 .text.UsageFault_Handler
                0x0000000008001924        0x6 ./Core/Src/stm32f4xx_it.o
                0x0000000008001924                UsageFault_Handler
 .text.SVC_Handler
                0x000000000800192a        0xe ./Core/Src/stm32f4xx_it.o
                0x000000000800192a                SVC_Handler
 .text.DebugMon_Handler
                0x0000000008001938        0xe ./Core/Src/stm32f4xx_it.o
                0x0000000008001938                DebugMon_Handler
 .text.PendSV_Handler
                0x0000000008001946        0xe ./Core/Src/stm32f4xx_it.o
                0x0000000008001946                PendSV_Handler
 .text.SysTick_Handler
                0x0000000008001954        0xc ./Core/Src/stm32f4xx_it.o
                0x0000000008001954                SysTick_Handler
 .text.EXTI9_5_IRQHandler
                0x0000000008001960       0x10 ./Core/Src/stm32f4xx_it.o
                0x0000000008001960                EXTI9_5_IRQHandler
 .text.TIM1_UP_TIM10_IRQHandler
                0x0000000008001970       0x14 ./Core/Src/stm32f4xx_it.o
                0x0000000008001970                TIM1_UP_TIM10_IRQHandler
 .text.OTG_FS_IRQHandler
                0x0000000008001984       0x14 ./Core/Src/stm32f4xx_it.o
                0x0000000008001984                OTG_FS_IRQHandler
 .text._sbrk    0x0000000008001998       0x6c ./Core/Src/sysmem.o
                0x0000000008001998                _sbrk
 .text.SystemInit
                0x0000000008001a04       0x24 ./Core/Src/system_stm32f4xx.o
                0x0000000008001a04                SystemInit
 .text.Reset_Handler
                0x0000000008001a28       0x50 ./Core/Startup/startup_stm32f411vetx.o
                0x0000000008001a28                Reset_Handler
 .text.Default_Handler
                0x0000000008001a78        0x2 ./Core/Startup/startup_stm32f411vetx.o
                0x0000000008001a78                RTC_Alarm_IRQHandler
                0x0000000008001a78                EXTI2_IRQHandler
                0x0000000008001a78                SPI4_IRQHandler
                0x0000000008001a78                TIM1_CC_IRQHandler
                0x0000000008001a78                DMA2_Stream5_IRQHandler
                0x0000000008001a78                DMA1_Stream5_IRQHandler
                0x0000000008001a78                PVD_IRQHandler
                0x0000000008001a78                SDIO_IRQHandler
                0x0000000008001a78                TAMP_STAMP_IRQHandler
                0x0000000008001a78                EXTI3_IRQHandler
                0x0000000008001a78                I2C3_ER_IRQHandler
                0x0000000008001a78                EXTI0_IRQHandler
                0x0000000008001a78                I2C2_EV_IRQHandler
                0x0000000008001a78                DMA1_Stream2_IRQHandler
                0x0000000008001a78                FPU_IRQHandler
                0x0000000008001a78                DMA2_Stream2_IRQHandler
                0x0000000008001a78                SPI1_IRQHandler
                0x0000000008001a78                TIM1_BRK_TIM9_IRQHandler
                0x0000000008001a78                DMA2_Stream3_IRQHandler
                0x0000000008001a78                USART6_IRQHandler
                0x0000000008001a78                DMA2_Stream0_IRQHandler
                0x0000000008001a78                TIM4_IRQHandler
                0x0000000008001a78                I2C1_EV_IRQHandler
                0x0000000008001a78                DMA1_Stream6_IRQHandler
                0x0000000008001a78                DMA1_Stream1_IRQHandler
                0x0000000008001a78                TIM3_IRQHandler
                0x0000000008001a78                RCC_IRQHandler
                0x0000000008001a78                Default_Handler
                0x0000000008001a78                EXTI15_10_IRQHandler
                0x0000000008001a78                ADC_IRQHandler
                0x0000000008001a78                DMA1_Stream7_IRQHandler
                0x0000000008001a78                SPI5_IRQHandler
                0x0000000008001a78                TIM5_IRQHandler
                0x0000000008001a78                DMA2_Stream7_IRQHandler
                0x0000000008001a78                I2C3_EV_IRQHandler
                0x0000000008001a78                RTC_WKUP_IRQHandler
                0x0000000008001a78                SPI2_IRQHandler
                0x0000000008001a78                DMA1_Stream0_IRQHandler
                0x0000000008001a78                EXTI4_IRQHandler
                0x0000000008001a78                WWDG_IRQHandler
                0x0000000008001a78                TIM2_IRQHandler
                0x0000000008001a78                OTG_FS_WKUP_IRQHandler
                0x0000000008001a78                TIM1_TRG_COM_TIM11_IRQHandler
                0x0000000008001a78                EXTI1_IRQHandler
                0x0000000008001a78                USART2_IRQHandler
                0x0000000008001a78                I2C2_ER_IRQHandler
                0x0000000008001a78                DMA2_Stream1_IRQHandler
                0x0000000008001a78                FLASH_IRQHandler
                0x0000000008001a78                DMA2_Stream4_IRQHandler
                0x0000000008001a78                USART1_IRQHandler
                0x0000000008001a78                SPI3_IRQHandler
                0x0000000008001a78                DMA1_Stream4_IRQHandler
                0x0000000008001a78                I2C1_ER_IRQHandler
                0x0000000008001a78                DMA2_Stream6_IRQHandler
                0x0000000008001a78                DMA1_Stream3_IRQHandler
 *fill*         0x0000000008001a7a        0x2 
 .text.HAL_Init
                0x0000000008001a7c       0x44 ./Drivers/STM32F4xx_HAL_Driver/Src/stm32f4xx_hal.o
                0x0000000008001a7c                HAL_Init
 .text.HAL_InitTick
                0x0000000008001ac0       0x60 ./Drivers/STM32F4xx_HAL_Driver/Src/stm32f4xx_hal.o
                0x0000000008001ac0                HAL_InitTick
 .text.HAL_IncTick
                0x0000000008001b20       0x28 ./Drivers/STM32F4xx_HAL_Driver/Src/stm32f4xx_hal.o
                0x0000000008001b20                HAL_IncTick
 .text.HAL_GetTick
                0x0000000008001b48       0x18 ./Drivers/STM32F4xx_HAL_Driver/Src/stm32f4xx_hal.o
                0x0000000008001b48                HAL_GetTick
 .text.HAL_Delay
                0x0000000008001b60       0x48 ./Drivers/STM32F4xx_HAL_Driver/Src/stm32f4xx_hal.o
                0x0000000008001b60                HAL_Delay
 .text.__NVIC_SetPriorityGrouping
                0x0000000008001ba8       0x48 ./Drivers/STM32F4xx_HAL_Driver/Src/stm32f4xx_hal_cortex.o
 .text.__NVIC_GetPriorityGrouping
                0x0000000008001bf0       0x1c ./Drivers/STM32F4xx_HAL_Driver/Src/stm32f4xx_hal_cortex.o
 .text.__NVIC_EnableIRQ
                0x0000000008001c0c       0x3c ./Drivers/STM32F4xx_HAL_Driver/Src/stm32f4xx_hal_cortex.o
 .text.__NVIC_SetPriority
                0x0000000008001c48       0x54 ./Drivers/STM32F4xx_HAL_Driver/Src/stm32f4xx_hal_cortex.o
 .text.NVIC_EncodePriority
                0x0000000008001c9c       0x66 ./Drivers/STM32F4xx_HAL_Driver/Src/stm32f4xx_hal_cortex.o
 *fill*         0x0000000008001d02        0x2 
 .text.SysTick_Config
                0x0000000008001d04       0x44 ./Drivers/STM32F4xx_HAL_Driver/Src/stm32f4xx_hal_cortex.o
 .text.HAL_NVIC_SetPriorityGrouping
                0x0000000008001d48       0x16 ./Drivers/STM32F4xx_HAL_Driver/Src/stm32f4xx_hal_cortex.o
                0x0000000008001d48                HAL_NVIC_SetPriorityGrouping
 .text.HAL_NVIC_SetPriority
                0x0000000008001d5e       0x38 ./Drivers/STM32F4xx_HAL_Driver/Src/stm32f4xx_hal_cortex.o
                0x0000000008001d5e                HAL_NVIC_SetPriority
 .text.HAL_NVIC_EnableIRQ
                0x0000000008001d96       0x1c ./Drivers/STM32F4xx_HAL_Driver/Src/stm32f4xx_hal_cortex.o
                0x0000000008001d96                HAL_NVIC_EnableIRQ
 .text.HAL_SYSTICK_Config
                0x0000000008001db2       0x18 ./Drivers/STM32F4xx_HAL_Driver/Src/stm32f4xx_hal_cortex.o
                0x0000000008001db2                HAL_SYSTICK_Config
 *fill*         0x0000000008001dca        0x2 
 .text.HAL_GPIO_Init
                0x0000000008001dcc      0x308 ./Drivers/STM32F4xx_HAL_Driver/Src/stm32f4xx_hal_gpio.o
                0x0000000008001dcc                HAL_GPIO_Init
 .text.HAL_GPIO_WritePin
                0x00000000080020d4       0x32 ./Drivers/STM32F4xx_HAL_Driver/Src/stm32f4xx_hal_gpio.o
                0x00000000080020d4                HAL_GPIO_WritePin
 *fill*         0x0000000008002106        0x2 
 .text.HAL_GPIO_EXTI_IRQHandler
                0x0000000008002108       0x30 ./Drivers/STM32F4xx_HAL_Driver/Src/stm32f4xx_hal_gpio.o
                0x0000000008002108                HAL_GPIO_EXTI_IRQHandler
 .text.HAL_HCD_Init
                0x0000000008002138       0xc4 ./Drivers/STM32F4xx_HAL_Driver/Src/stm32f4xx_hal_hcd.o
                0x0000000008002138                HAL_HCD_Init
 .text.HAL_HCD_HC_Init
                0x00000000080021fc      0x11e ./Drivers/STM32F4xx_HAL_Driver/Src/stm32f4xx_hal_hcd.o
                0x00000000080021fc                HAL_HCD_HC_Init
 .text.HAL_HCD_HC_Halt
                0x000000000800231a       0x46 ./Drivers/STM32F4xx_HAL_Driver/Src/stm32f4xx_hal_hcd.o
                0x000000000800231a                HAL_HCD_HC_Halt
 .text.HAL_HCD_HC_SubmitRequest
                0x0000000008002360      0x2ac ./Drivers/STM32F4xx_HAL_Driver/Src/stm32f4xx_hal_hcd.o
                0x0000000008002360                HAL_HCD_HC_SubmitRequest
 .text.HAL_HCD_IRQHandler
                0x000000000800260c      0x216 ./Drivers/STM32F4xx_HAL_Driver/Src/stm32f4xx_hal_hcd.o
                0x000000000800260c                HAL_HCD_IRQHandler
 .text.HAL_HCD_Start
                0x0000000008002822       0x46 ./Drivers/STM32F4xx_HAL_Driver/Src/stm32f4xx_hal_hcd.o
                0x0000000008002822                HAL_HCD_Start
 .text.HAL_HCD_Stop
                0x0000000008002868       0x3a ./Drivers/STM32F4xx_HAL_Driver/Src/stm32f4xx_hal_hcd.o
                0x0000000008002868                HAL_HCD_Stop
 .text.HAL_HCD_ResetPort
                0x00000000080028a2       0x1c ./Drivers/STM32F4xx_HAL_Driver/Src/stm32f4xx_hal_hcd.o
                0x00000000080028a2                HAL_HCD_ResetPort
 .text.HAL_HCD_HC_GetURBState
                0x00000000080028be       0x28 ./Drivers/STM32F4xx_HAL_Driver/Src/stm32f4xx_hal_hcd.o
                0x00000000080028be                HAL_HCD_HC_GetURBState
 .text.HAL_HCD_HC_GetXferCount
                0x00000000080028e6       0x28 ./Drivers/STM32F4xx_HAL_Driver/Src/stm32f4xx_hal_hcd.o
                0x00000000080028e6                HAL_HCD_HC_GetXferCount
 .text.HAL_HCD_GetCurrentFrame
                0x000000000800290e       0x1c ./Drivers/STM32F4xx_HAL_Driver/Src/stm32f4xx_hal_hcd.o
                0x000000000800290e                HAL_HCD_GetCurrentFrame
 .text.HAL_HCD_GetCurrentSpeed
                0x000000000800292a       0x1c ./Drivers/STM32F4xx_HAL_Driver/Src/stm32f4xx_hal_hcd.o
                0x000000000800292a                HAL_HCD_GetCurrentSpeed
 .text.HCD_HC_IN_IRQHandler
                0x0000000008002946      0x6aa ./Drivers/STM32F4xx_HAL_Driver/Src/stm32f4xx_hal_hcd.o
 .text.HCD_HC_OUT_IRQHandler
                0x0000000008002ff0      0x6d2 ./Drivers/STM32F4xx_HAL_Driver/Src/stm32f4xx_hal_hcd.o
 .text.HCD_RXQLVL_IRQHandler
                0x00000000080036c2      0x1a4 ./Drivers/STM32F4xx_HAL_Driver/Src/stm32f4xx_hal_hcd.o
 .text.HCD_Port_IRQHandler
                0x0000000008003866       0xe6 ./Drivers/STM32F4xx_HAL_Driver/Src/stm32f4xx_hal_hcd.o
 .text.HAL_I2C_Init
                0x000000000800394c      0x288 ./Drivers/STM32F4xx_HAL_Driver/Src/stm32f4xx_hal_i2c.o
                0x000000000800394c                HAL_I2C_Init
 .text.HAL_I2S_Init
                0x0000000008003bd4      0x280 ./Drivers/STM32F4xx_HAL_Driver/Src/stm32f4xx_hal_i2s.o
                0x0000000008003bd4                HAL_I2S_Init
 .text.HAL_I2S_TxCpltCallback
                0x0000000008003e54       0x14 ./Drivers/STM32F4xx_HAL_Driver/Src/stm32f4xx_hal_i2s.o
                0x0000000008003e54                HAL_I2S_TxCpltCallback
 .text.HAL_I2S_RxCpltCallback
                0x0000000008003e68       0x14 ./Drivers/STM32F4xx_HAL_Driver/Src/stm32f4xx_hal_i2s.o
                0x0000000008003e68                HAL_I2S_RxCpltCallback
 .text.HAL_I2S_ErrorCallback
                0x0000000008003e7c       0x14 ./Drivers/STM32F4xx_HAL_Driver/Src/stm32f4xx_hal_i2s.o
                0x0000000008003e7c                HAL_I2S_ErrorCallback
 .text.I2S_Transmit_IT
                0x0000000008003e90       0x5c ./Drivers/STM32F4xx_HAL_Driver/Src/stm32f4xx_hal_i2s.o
 .text.I2S_Receive_IT
                0x0000000008003eec       0x5e ./Drivers/STM32F4xx_HAL_Driver/Src/stm32f4xx_hal_i2s.o
 .text.I2S_IRQHandler
                0x0000000008003f4a      0x114 ./Drivers/STM32F4xx_HAL_Driver/Src/stm32f4xx_hal_i2s.o
 *fill*         0x000000000800405e        0x2 
 .text.HAL_I2SEx_FullDuplex_IRQHandler
                0x0000000008004060      0x2a8 ./Drivers/STM32F4xx_HAL_Driver/Src/stm32f4xx_hal_i2s_ex.o
                0x0000000008004060                HAL_I2SEx_FullDuplex_IRQHandler
 .text.HAL_I2SEx_TxRxCpltCallback
                0x0000000008004308       0x14 ./Drivers/STM32F4xx_HAL_Driver/Src/stm32f4xx_hal_i2s_ex.o
                0x0000000008004308                HAL_I2SEx_TxRxCpltCallback
 .text.I2SEx_TxISR_I2S
                0x000000000800431c       0x62 ./Drivers/STM32F4xx_HAL_Driver/Src/stm32f4xx_hal_i2s_ex.o
 *fill*         0x000000000800437e        0x2 
 .text.I2SEx_TxISR_I2SExt
                0x0000000008004380       0x98 ./Drivers/STM32F4xx_HAL_Driver/Src/stm32f4xx_hal_i2s_ex.o
 .text.I2SEx_RxISR_I2S
                0x0000000008004418       0x64 ./Drivers/STM32F4xx_HAL_Driver/Src/stm32f4xx_hal_i2s_ex.o
 .text.I2SEx_RxISR_I2SExt
                0x000000000800447c       0x98 ./Drivers/STM32F4xx_HAL_Driver/Src/stm32f4xx_hal_i2s_ex.o
 .text.HAL_RCC_OscConfig
                0x0000000008004514      0x4f0 ./Drivers/STM32F4xx_HAL_Driver/Src/stm32f4xx_hal_rcc.o
                0x0000000008004514                HAL_RCC_OscConfig
 .text.HAL_RCC_ClockConfig
                0x0000000008004a04      0x1cc ./Drivers/STM32F4xx_HAL_Driver/Src/stm32f4xx_hal_rcc.o
                0x0000000008004a04                HAL_RCC_ClockConfig
 .text.HAL_RCC_GetSysClockFreq
                0x0000000008004bd0      0x20c ./Drivers/STM32F4xx_HAL_Driver/Src/stm32f4xx_hal_rcc.o
                0x0000000008004bd0                HAL_RCC_GetSysClockFreq
 .text.HAL_RCC_GetHCLKFreq
                0x0000000008004ddc       0x18 ./Drivers/STM32F4xx_HAL_Driver/Src/stm32f4xx_hal_rcc.o
                0x0000000008004ddc                HAL_RCC_GetHCLKFreq
 .text.HAL_RCC_GetPCLK1Freq
                0x0000000008004df4       0x28 ./Drivers/STM32F4xx_HAL_Driver/Src/stm32f4xx_hal_rcc.o
                0x0000000008004df4                HAL_RCC_GetPCLK1Freq
 .text.HAL_RCCEx_PeriphCLKConfig
                0x0000000008004e1c      0x1e0 ./Drivers/STM32F4xx_HAL_Driver/Src/stm32f4xx_hal_rcc_ex.o
                0x0000000008004e1c                HAL_RCCEx_PeriphCLKConfig
 .text.HAL_RCCEx_GetPeriphCLKFreq
                0x0000000008004ffc       0xc0 ./Drivers/STM32F4xx_HAL_Driver/Src/stm32f4xx_hal_rcc_ex.o
                0x0000000008004ffc                HAL_RCCEx_GetPeriphCLKFreq
 .text.HAL_SPI_Init
                0x00000000080050bc      0x112 ./Drivers/STM32F4xx_HAL_Driver/Src/stm32f4xx_hal_spi.o
                0x00000000080050bc                HAL_SPI_Init
 .text.HAL_SPI_Transmit
                0x00000000080051ce      0x278 ./Drivers/STM32F4xx_HAL_Driver/Src/stm32f4xx_hal_spi.o
                0x00000000080051ce                HAL_SPI_Transmit
 *fill*         0x0000000008005446        0x2 
 .text.SPI_WaitFlagStateUntilTimeout
                0x0000000008005448      0x110 ./Drivers/STM32F4xx_HAL_Driver/Src/stm32f4xx_hal_spi.o
 .text.SPI_EndRxTxTransaction
                0x0000000008005558       0x84 ./Drivers/STM32F4xx_HAL_Driver/Src/stm32f4xx_hal_spi.o
 .text.HAL_TIM_Base_Init
                0x00000000080055dc       0x9e ./Drivers/STM32F4xx_HAL_Driver/Src/stm32f4xx_hal_tim.o
                0x00000000080055dc                HAL_TIM_Base_Init
 .text.HAL_TIM_Base_Stop
                0x000000000800567a       0x4e ./Drivers/STM32F4xx_HAL_Driver/Src/stm32f4xx_hal_tim.o
                0x000000000800567a                HAL_TIM_Base_Stop
 .text.HAL_TIM_Base_Start_IT
                0x00000000080056c8       0xc4 ./Drivers/STM32F4xx_HAL_Driver/Src/stm32f4xx_hal_tim.o
                0x00000000080056c8                HAL_TIM_Base_Start_IT
 .text.HAL_TIM_IRQHandler
                0x000000000800578c      0x210 ./Drivers/STM32F4xx_HAL_Driver/Src/stm32f4xx_hal_tim.o
                0x000000000800578c                HAL_TIM_IRQHandler
 .text.HAL_TIM_OC_DelayElapsedCallback
                0x000000000800599c       0x14 ./Drivers/STM32F4xx_HAL_Driver/Src/stm32f4xx_hal_tim.o
                0x000000000800599c                HAL_TIM_OC_DelayElapsedCallback
 .text.HAL_TIM_IC_CaptureCallback
                0x00000000080059b0       0x14 ./Drivers/STM32F4xx_HAL_Driver/Src/stm32f4xx_hal_tim.o
                0x00000000080059b0                HAL_TIM_IC_CaptureCallback
 .text.HAL_TIM_PWM_PulseFinishedCallback
                0x00000000080059c4       0x14 ./Drivers/STM32F4xx_HAL_Driver/Src/stm32f4xx_hal_tim.o
                0x00000000080059c4                HAL_TIM_PWM_PulseFinishedCallback
 .text.HAL_TIM_TriggerCallback
                0x00000000080059d8       0x14 ./Drivers/STM32F4xx_HAL_Driver/Src/stm32f4xx_hal_tim.o
                0x00000000080059d8                HAL_TIM_TriggerCallback
 .text.TIM_Base_SetConfig
                0x00000000080059ec      0x100 ./Drivers/STM32F4xx_HAL_Driver/Src/stm32f4xx_hal_tim.o
                0x00000000080059ec                TIM_Base_SetConfig
 .text.HAL_TIMEx_CommutCallback
                0x0000000008005aec       0x14 ./Drivers/STM32F4xx_HAL_Driver/Src/stm32f4xx_hal_tim_ex.o
                0x0000000008005aec                HAL_TIMEx_CommutCallback
 .text.HAL_TIMEx_BreakCallback
                0x0000000008005b00       0x14 ./Drivers/STM32F4xx_HAL_Driver/Src/stm32f4xx_hal_tim_ex.o
                0x0000000008005b00                HAL_TIMEx_BreakCallback
 .text.USB_CoreInit
                0x0000000008005b14       0xc2 ./Drivers/STM32F4xx_HAL_Driver/Src/stm32f4xx_ll_usb.o
                0x0000000008005b14                USB_CoreInit
 .text.USB_EnableGlobalInt
                0x0000000008005bd6       0x22 ./Drivers/STM32F4xx_HAL_Driver/Src/stm32f4xx_ll_usb.o
                0x0000000008005bd6                USB_EnableGlobalInt
 .text.USB_DisableGlobalInt
                0x0000000008005bf8       0x22 ./Drivers/STM32F4xx_HAL_Driver/Src/stm32f4xx_ll_usb.o
                0x0000000008005bf8                USB_DisableGlobalInt
 .text.USB_SetCurrentMode
                0x0000000008005c1a       0x98 ./Drivers/STM32F4xx_HAL_Driver/Src/stm32f4xx_ll_usb.o
                0x0000000008005c1a                USB_SetCurrentMode
 *fill*         0x0000000008005cb2        0x2 
 .text.USB_FlushTxFifo
                0x0000000008005cb4       0x68 ./Drivers/STM32F4xx_HAL_Driver/Src/stm32f4xx_ll_usb.o
                0x0000000008005cb4                USB_FlushTxFifo
 .text.USB_FlushRxFifo
                0x0000000008005d1c       0x60 ./Drivers/STM32F4xx_HAL_Driver/Src/stm32f4xx_ll_usb.o
                0x0000000008005d1c                USB_FlushRxFifo
 .text.USB_WritePacket
                0x0000000008005d7c       0x7c ./Drivers/STM32F4xx_HAL_Driver/Src/stm32f4xx_ll_usb.o
                0x0000000008005d7c                USB_WritePacket
 .text.USB_ReadPacket
                0x0000000008005df8       0xb0 ./Drivers/STM32F4xx_HAL_Driver/Src/stm32f4xx_ll_usb.o
                0x0000000008005df8                USB_ReadPacket
 .text.USB_ReadInterrupts
                0x0000000008005ea8       0x26 ./Drivers/STM32F4xx_HAL_Driver/Src/stm32f4xx_ll_usb.o
                0x0000000008005ea8                USB_ReadInterrupts
 .text.USB_GetMode
                0x0000000008005ece       0x1c ./Drivers/STM32F4xx_HAL_Driver/Src/stm32f4xx_ll_usb.o
                0x0000000008005ece                USB_GetMode
 *fill*         0x0000000008005eea        0x2 
 .text.USB_CoreReset
                0x0000000008005eec       0x68 ./Drivers/STM32F4xx_HAL_Driver/Src/stm32f4xx_ll_usb.o
 .text.USB_HostInit
                0x0000000008005f54      0x180 ./Drivers/STM32F4xx_HAL_Driver/Src/stm32f4xx_ll_usb.o
                0x0000000008005f54                USB_HostInit
 .text.USB_InitFSLSPClkSel
                0x00000000080060d4       0x74 ./Drivers/STM32F4xx_HAL_Driver/Src/stm32f4xx_ll_usb.o
                0x00000000080060d4                USB_InitFSLSPClkSel
 .text.USB_ResetPort
                0x0000000008006148       0x54 ./Drivers/STM32F4xx_HAL_Driver/Src/stm32f4xx_ll_usb.o
                0x0000000008006148                USB_ResetPort
 .text.USB_DriveVbus
                0x000000000800619c       0x72 ./Drivers/STM32F4xx_HAL_Driver/Src/stm32f4xx_ll_usb.o
                0x000000000800619c                USB_DriveVbus
 .text.USB_GetHostSpeed
                0x000000000800620e       0x2e ./Drivers/STM32F4xx_HAL_Driver/Src/stm32f4xx_ll_usb.o
                0x000000000800620e                USB_GetHostSpeed
 .text.USB_GetCurrentFrame
                0x000000000800623c       0x22 ./Drivers/STM32F4xx_HAL_Driver/Src/stm32f4xx_ll_usb.o
                0x000000000800623c                USB_GetCurrentFrame
 *fill*         0x000000000800625e        0x2 
 .text.USB_HC_Init
                0x0000000008006260      0x244 ./Drivers/STM32F4xx_HAL_Driver/Src/stm32f4xx_ll_usb.o
                0x0000000008006260                USB_HC_Init
 .text.USB_HC_StartXfer
                0x00000000080064a4      0x284 ./Drivers/STM32F4xx_HAL_Driver/Src/stm32f4xx_ll_usb.o
                0x00000000080064a4                USB_HC_StartXfer
 .text.USB_HC_ReadInterrupt
                0x0000000008006728       0x22 ./Drivers/STM32F4xx_HAL_Driver/Src/stm32f4xx_ll_usb.o
                0x0000000008006728                USB_HC_ReadInterrupt
 .text.USB_HC_Halt
                0x000000000800674a      0x1f8 ./Drivers/STM32F4xx_HAL_Driver/Src/stm32f4xx_ll_usb.o
                0x000000000800674a                USB_HC_Halt
 *fill*         0x0000000008006942        0x2 
 .text.USB_DoPing
                0x0000000008006944       0x78 ./Drivers/STM32F4xx_HAL_Driver/Src/stm32f4xx_ll_usb.o
                0x0000000008006944                USB_DoPing
 .text.USB_StopHost
                0x00000000080069bc      0x124 ./Drivers/STM32F4xx_HAL_Driver/Src/stm32f4xx_ll_usb.o
                0x00000000080069bc                USB_StopHost
 .text.USBH_CDC_InterfaceInit
                0x0000000008006ae0      0x2ac ./Middlewares/ST/STM32_USB_Host_Library/Class/CDC/Src/usbh_cdc.o
 .text.USBH_CDC_InterfaceDeInit
                0x0000000008006d8c       0xb2 ./Middlewares/ST/STM32_USB_Host_Library/Class/CDC/Src/usbh_cdc.o
 .text.USBH_CDC_ClassRequest
                0x0000000008006e3e       0x3e ./Middlewares/ST/STM32_USB_Host_Library/Class/CDC/Src/usbh_cdc.o
 .text.USBH_CDC_Process
                0x0000000008006e7c      0x12c ./Middlewares/ST/STM32_USB_Host_Library/Class/CDC/Src/usbh_cdc.o
 .text.USBH_CDC_SOFProcess
                0x0000000008006fa8       0x16 ./Middlewares/ST/STM32_USB_Host_Library/Class/CDC/Src/usbh_cdc.o
 .text.GetLineCoding
                0x0000000008006fbe       0x3e ./Middlewares/ST/STM32_USB_Host_Library/Class/CDC/Src/usbh_cdc.o
 .text.SetLineCoding
                0x0000000008006ffc       0x3e ./Middlewares/ST/STM32_USB_Host_Library/Class/CDC/Src/usbh_cdc.o
 .text.CDC_ProcessTransmission
                0x000000000800703a       0xec ./Middlewares/ST/STM32_USB_Host_Library/Class/CDC/Src/usbh_cdc.o
 .text.CDC_ProcessReception
                0x0000000008007126       0xb6 ./Middlewares/ST/STM32_USB_Host_Library/Class/CDC/Src/usbh_cdc.o
 .text.USBH_CDC_TransmitCallback
                0x00000000080071dc       0x14 ./Middlewares/ST/STM32_USB_Host_Library/Class/CDC/Src/usbh_cdc.o
                0x00000000080071dc                USBH_CDC_TransmitCallback
 .text.USBH_CDC_ReceiveCallback
                0x00000000080071f0       0x14 ./Middlewares/ST/STM32_USB_Host_Library/Class/CDC/Src/usbh_cdc.o
                0x00000000080071f0                USBH_CDC_ReceiveCallback
 .text.USBH_CDC_LineCodingChanged
                0x0000000008007204       0x14 ./Middlewares/ST/STM32_USB_Host_Library/Class/CDC/Src/usbh_cdc.o
                0x0000000008007204                USBH_CDC_LineCodingChanged
 .text.USBH_Init
                0x0000000008007218       0x74 ./Middlewares/ST/STM32_USB_Host_Library/Core/Src/usbh_core.o
                0x0000000008007218                USBH_Init
 .text.DeInitStateMachine
                0x000000000800728c       0xa8 ./Middlewares/ST/STM32_USB_Host_Library/Core/Src/usbh_core.o
 .text.USBH_RegisterClass
                0x0000000008007334       0x54 ./Middlewares/ST/STM32_USB_Host_Library/Core/Src/usbh_core.o
                0x0000000008007334                USBH_RegisterClass
 .text.USBH_SelectInterface
                0x0000000008007388       0x38 ./Middlewares/ST/STM32_USB_Host_Library/Core/Src/usbh_core.o
                0x0000000008007388                USBH_SelectInterface
 .text.USBH_FindInterface
                0x00000000080073c0       0x8c ./Middlewares/ST/STM32_USB_Host_Library/Core/Src/usbh_core.o
                0x00000000080073c0                USBH_FindInterface
 .text.USBH_Start
                0x000000000800744c       0x20 ./Middlewares/ST/STM32_USB_Host_Library/Core/Src/usbh_core.o
                0x000000000800744c                USBH_Start
 .text.USBH_Process
                0x000000000800746c      0x3d8 ./Middlewares/ST/STM32_USB_Host_Library/Core/Src/usbh_core.o
                0x000000000800746c                USBH_Process
 .text.USBH_HandleEnum
                0x0000000008007844      0x3c8 ./Middlewares/ST/STM32_USB_Host_Library/Core/Src/usbh_core.o
 .text.USBH_LL_SetTimer
                0x0000000008007c0c       0x1e ./Middlewares/ST/STM32_USB_Host_Library/Core/Src/usbh_core.o
                0x0000000008007c0c                USBH_LL_SetTimer
 .text.USBH_LL_IncTimer
                0x0000000008007c2a       0x24 ./Middlewares/ST/STM32_USB_Host_Library/Core/Src/usbh_core.o
                0x0000000008007c2a                USBH_LL_IncTimer
 .text.USBH_HandleSof
                0x0000000008007c4e       0x30 ./Middlewares/ST/STM32_USB_Host_Library/Core/Src/usbh_core.o
 .text.USBH_LL_PortEnabled
                0x0000000008007c7e       0x1c ./Middlewares/ST/STM32_USB_Host_Library/Core/Src/usbh_core.o
                0x0000000008007c7e                USBH_LL_PortEnabled
 .text.USBH_LL_PortDisabled
                0x0000000008007c9a       0x1c ./Middlewares/ST/STM32_USB_Host_Library/Core/Src/usbh_core.o
                0x0000000008007c9a                USBH_LL_PortDisabled
 .text.USBH_LL_Connect
                0x0000000008007cb6       0x2e ./Middlewares/ST/STM32_USB_Host_Library/Core/Src/usbh_core.o
                0x0000000008007cb6                USBH_LL_Connect
 .text.USBH_LL_Disconnect
                0x0000000008007ce4       0x48 ./Middlewares/ST/STM32_USB_Host_Library/Core/Src/usbh_core.o
                0x0000000008007ce4                USBH_LL_Disconnect
 .text.USBH_Get_DevDesc
                0x0000000008007d2c       0x50 ./Middlewares/ST/STM32_USB_Host_Library/Core/Src/usbh_ctlreq.o
                0x0000000008007d2c                USBH_Get_DevDesc
 .text.USBH_Get_CfgDesc
                0x0000000008007d7c       0x48 ./Middlewares/ST/STM32_USB_Host_Library/Core/Src/usbh_ctlreq.o
                0x0000000008007d7c                USBH_Get_CfgDesc
 .text.USBH_Get_StringDesc
                0x0000000008007dc4       0x56 ./Middlewares/ST/STM32_USB_Host_Library/Core/Src/usbh_ctlreq.o
                0x0000000008007dc4                USBH_Get_StringDesc
 .text.USBH_GetDescriptor
                0x0000000008007e1a       0x6a ./Middlewares/ST/STM32_USB_Host_Library/Core/Src/usbh_ctlreq.o
                0x0000000008007e1a                USBH_GetDescriptor
 .text.USBH_SetAddress
                0x0000000008007e84       0x48 ./Middlewares/ST/STM32_USB_Host_Library/Core/Src/usbh_ctlreq.o
                0x0000000008007e84                USBH_SetAddress
 .text.USBH_SetCfg
                0x0000000008007ecc       0x46 ./Middlewares/ST/STM32_USB_Host_Library/Core/Src/usbh_ctlreq.o
                0x0000000008007ecc                USBH_SetCfg
 .text.USBH_SetFeature
                0x0000000008007f12       0x48 ./Middlewares/ST/STM32_USB_Host_Library/Core/Src/usbh_ctlreq.o
                0x0000000008007f12                USBH_SetFeature
 .text.USBH_ClrFeature
                0x0000000008007f5a       0x48 ./Middlewares/ST/STM32_USB_Host_Library/Core/Src/usbh_ctlreq.o
                0x0000000008007f5a                USBH_ClrFeature
 .text.USBH_ParseDevDesc
                0x0000000008007fa2      0x122 ./Middlewares/ST/STM32_USB_Host_Library/Core/Src/usbh_ctlreq.o
 .text.USBH_ParseCfgDesc
                0x00000000080080c4      0x1ec ./Middlewares/ST/STM32_USB_Host_Library/Core/Src/usbh_ctlreq.o
 .text.USBH_ParseInterfaceDesc
                0x00000000080082b0       0x5e ./Middlewares/ST/STM32_USB_Host_Library/Core/Src/usbh_ctlreq.o
 .text.USBH_ParseEPDesc
                0x000000000800830e      0x14a ./Middlewares/ST/STM32_USB_Host_Library/Core/Src/usbh_ctlreq.o
 .text.USBH_ParseStringDesc
                0x0000000008008458       0x66 ./Middlewares/ST/STM32_USB_Host_Library/Core/Src/usbh_ctlreq.o
 .text.USBH_GetNextDesc
                0x00000000080084be       0x36 ./Middlewares/ST/STM32_USB_Host_Library/Core/Src/usbh_ctlreq.o
                0x00000000080084be                USBH_GetNextDesc
 .text.USBH_CtlReq
                0x00000000080084f4       0x7a ./Middlewares/ST/STM32_USB_Host_Library/Core/Src/usbh_ctlreq.o
                0x00000000080084f4                USBH_CtlReq
 *fill*         0x000000000800856e        0x2 
 .text.USBH_HandleControl
                0x0000000008008570      0x2e8 ./Middlewares/ST/STM32_USB_Host_Library/Core/Src/usbh_ctlreq.o
 .text.USBH_CtlSendSetup
                0x0000000008008858       0x34 ./Middlewares/ST/STM32_USB_Host_Library/Core/Src/usbh_ioreq.o
                0x0000000008008858                USBH_CtlSendSetup
 .text.USBH_CtlSendData
                0x000000000800888c       0x4a ./Middlewares/ST/STM32_USB_Host_Library/Core/Src/usbh_ioreq.o
                0x000000000800888c                USBH_CtlSendData
 .text.USBH_CtlReceiveData
                0x00000000080088d6       0x3c ./Middlewares/ST/STM32_USB_Host_Library/Core/Src/usbh_ioreq.o
                0x00000000080088d6                USBH_CtlReceiveData
 .text.USBH_BulkSendData
                0x0000000008008912       0x4a ./Middlewares/ST/STM32_USB_Host_Library/Core/Src/usbh_ioreq.o
                0x0000000008008912                USBH_BulkSendData
 .text.USBH_BulkReceiveData
                0x000000000800895c       0x3c ./Middlewares/ST/STM32_USB_Host_Library/Core/Src/usbh_ioreq.o
                0x000000000800895c                USBH_BulkReceiveData
 .text.USBH_OpenPipe
                0x0000000008008998       0x3e ./Middlewares/ST/STM32_USB_Host_Library/Core/Src/usbh_pipes.o
                0x0000000008008998                USBH_OpenPipe
 .text.USBH_ClosePipe
                0x00000000080089d6       0x20 ./Middlewares/ST/STM32_USB_Host_Library/Core/Src/usbh_pipes.o
                0x00000000080089d6                USBH_ClosePipe
 .text.USBH_AllocPipe
                0x00000000080089f6       0x42 ./Middlewares/ST/STM32_USB_Host_Library/Core/Src/usbh_pipes.o
                0x00000000080089f6                USBH_AllocPipe
 .text.USBH_FreePipe
                0x0000000008008a38       0x3c ./Middlewares/ST/STM32_USB_Host_Library/Core/Src/usbh_pipes.o
                0x0000000008008a38                USBH_FreePipe
 .text.USBH_GetFreePipe
                0x0000000008008a74       0x48 ./Middlewares/ST/STM32_USB_Host_Library/Core/Src/usbh_pipes.o
 .text.MX_USB_HOST_Init
                0x0000000008008abc       0x4c ./USB_HOST/App/usb_host.o
                0x0000000008008abc                MX_USB_HOST_Init
 .text.MX_USB_HOST_Process
                0x0000000008008b08       0x14 ./USB_HOST/App/usb_host.o
                0x0000000008008b08                MX_USB_HOST_Process
 .text.USBH_UserProcess
                0x0000000008008b1c       0x5c ./USB_HOST/App/usb_host.o
 .text.HAL_HCD_MspInit
                0x0000000008008b78       0xc4 ./USB_HOST/Target/usbh_conf.o
                0x0000000008008b78                HAL_HCD_MspInit
 .text.HAL_HCD_SOF_Callback
                0x0000000008008c3c       0x1c ./USB_HOST/Target/usbh_conf.o
                0x0000000008008c3c                HAL_HCD_SOF_Callback
 .text.HAL_HCD_Connect_Callback
                0x0000000008008c58       0x1c ./USB_HOST/Target/usbh_conf.o
                0x0000000008008c58                HAL_HCD_Connect_Callback
 .text.HAL_HCD_Disconnect_Callback
                0x0000000008008c74       0x1c ./USB_HOST/Target/usbh_conf.o
                0x0000000008008c74                HAL_HCD_Disconnect_Callback
 .text.HAL_HCD_HC_NotifyURBChange_Callback
                0x0000000008008c90       0x1c ./USB_HOST/Target/usbh_conf.o
                0x0000000008008c90                HAL_HCD_HC_NotifyURBChange_Callback
 .text.HAL_HCD_PortEnabled_Callback
                0x0000000008008cac       0x1c ./USB_HOST/Target/usbh_conf.o
                0x0000000008008cac                HAL_HCD_PortEnabled_Callback
 .text.HAL_HCD_PortDisabled_Callback
                0x0000000008008cc8       0x1c ./USB_HOST/Target/usbh_conf.o
                0x0000000008008cc8                HAL_HCD_PortDisabled_Callback
 .text.USBH_LL_Init
                0x0000000008008ce4       0x78 ./USB_HOST/Target/usbh_conf.o
                0x0000000008008ce4                USBH_LL_Init
 .text.USBH_LL_Start
                0x0000000008008d5c       0x36 ./USB_HOST/Target/usbh_conf.o
                0x0000000008008d5c                USBH_LL_Start
 .text.USBH_LL_Stop
                0x0000000008008d92       0x36 ./USB_HOST/Target/usbh_conf.o
                0x0000000008008d92                USBH_LL_Stop
 .text.USBH_LL_GetSpeed
                0x0000000008008dc8       0x4e ./USB_HOST/Target/usbh_conf.o
                0x0000000008008dc8                USBH_LL_GetSpeed
 .text.USBH_LL_ResetPort
                0x0000000008008e16       0x36 ./USB_HOST/Target/usbh_conf.o
                0x0000000008008e16                USBH_LL_ResetPort
 .text.USBH_LL_GetLastXferSize
                0x0000000008008e4c       0x26 ./USB_HOST/Target/usbh_conf.o
                0x0000000008008e4c                USBH_LL_GetLastXferSize
 .text.USBH_LL_OpenPipe
                0x0000000008008e72       0x5e ./USB_HOST/Target/usbh_conf.o
                0x0000000008008e72                USBH_LL_OpenPipe
 .text.USBH_LL_ClosePipe
                0x0000000008008ed0       0x3e ./USB_HOST/Target/usbh_conf.o
                0x0000000008008ed0                USBH_LL_ClosePipe
 .text.USBH_LL_SubmitURB
                0x0000000008008f0e       0x62 ./USB_HOST/Target/usbh_conf.o
                0x0000000008008f0e                USBH_LL_SubmitURB
 .text.USBH_LL_GetURBState
                0x0000000008008f70       0x26 ./USB_HOST/Target/usbh_conf.o
                0x0000000008008f70                USBH_LL_GetURBState
 .text.USBH_LL_DriverVBUS
                0x0000000008008f96       0x2e ./USB_HOST/Target/usbh_conf.o
                0x0000000008008f96                USBH_LL_DriverVBUS
 .text.USBH_LL_SetToggle
                0x0000000008008fc4       0x60 ./USB_HOST/Target/usbh_conf.o
                0x0000000008008fc4                USBH_LL_SetToggle
 .text.USBH_Delay
                0x0000000008009024       0x16 ./USB_HOST/Target/usbh_conf.o
                0x0000000008009024                USBH_Delay
 *fill*         0x000000000800903a        0x2 
 .text.USBH_Get_USB_Status
                0x000000000800903c       0x58 ./USB_HOST/Target/usbh_conf.o
                0x000000000800903c                USBH_Get_USB_Status
 .text.MX_DriverVbusFS
                0x0000000008009094       0x38 ./USB_HOST/Target/usbh_platform.o
                0x0000000008009094                MX_DriverVbusFS
 .text.__errno  0x00000000080090cc        0xc d:/desktop_apppps/stm32cubeide_1.10.1/stm32cubeide/plugins/com.st.stm32cube.ide.mcu.externaltools.gnu-tools-for-stm32.10.3-2021.10.win32_1.0.0.202111181127/tools/bin/../lib/gcc/arm-none-eabi/10.3.1/../../../../arm-none-eabi/lib/thumb/v7e-m+fp/hard\libc_nano.a(lib_a-errno.o)
                0x00000000080090cc                __errno
 .text.__libc_init_array
                0x00000000080090d8       0x48 d:/desktop_apppps/stm32cubeide_1.10.1/stm32cubeide/plugins/com.st.stm32cube.ide.mcu.externaltools.gnu-tools-for-stm32.10.3-2021.10.win32_1.0.0.202111181127/tools/bin/../lib/gcc/arm-none-eabi/10.3.1/../../../../arm-none-eabi/lib/thumb/v7e-m+fp/hard\libc_nano.a(lib_a-init.o)
                0x00000000080090d8                __libc_init_array
 .text.malloc   0x0000000008009120       0x10 d:/desktop_apppps/stm32cubeide_1.10.1/stm32cubeide/plugins/com.st.stm32cube.ide.mcu.externaltools.gnu-tools-for-stm32.10.3-2021.10.win32_1.0.0.202111181127/tools/bin/../lib/gcc/arm-none-eabi/10.3.1/../../../../arm-none-eabi/lib/thumb/v7e-m+fp/hard\libc_nano.a(lib_a-malloc.o)
                0x0000000008009120                malloc
 .text.free     0x0000000008009130       0x10 d:/desktop_apppps/stm32cubeide_1.10.1/stm32cubeide/plugins/com.st.stm32cube.ide.mcu.externaltools.gnu-tools-for-stm32.10.3-2021.10.win32_1.0.0.202111181127/tools/bin/../lib/gcc/arm-none-eabi/10.3.1/../../../../arm-none-eabi/lib/thumb/v7e-m+fp/hard\libc_nano.a(lib_a-malloc.o)
                0x0000000008009130                free
 .text.memset   0x0000000008009140       0x10 d:/desktop_apppps/stm32cubeide_1.10.1/stm32cubeide/plugins/com.st.stm32cube.ide.mcu.externaltools.gnu-tools-for-stm32.10.3-2021.10.win32_1.0.0.202111181127/tools/bin/../lib/gcc/arm-none-eabi/10.3.1/../../../../arm-none-eabi/lib/thumb/v7e-m+fp/hard\libc_nano.a(lib_a-memset.o)
                0x0000000008009140                memset
 .text._free_r  0x0000000008009150       0x98 d:/desktop_apppps/stm32cubeide_1.10.1/stm32cubeide/plugins/com.st.stm32cube.ide.mcu.externaltools.gnu-tools-for-stm32.10.3-2021.10.win32_1.0.0.202111181127/tools/bin/../lib/gcc/arm-none-eabi/10.3.1/../../../../arm-none-eabi/lib/thumb/v7e-m+fp/hard\libc_nano.a(lib_a-nano-freer.o)
                0x0000000008009150                _free_r
 .text.sbrk_aligned
                0x00000000080091e8       0x40 d:/desktop_apppps/stm32cubeide_1.10.1/stm32cubeide/plugins/com.st.stm32cube.ide.mcu.externaltools.gnu-tools-for-stm32.10.3-2021.10.win32_1.0.0.202111181127/tools/bin/../lib/gcc/arm-none-eabi/10.3.1/../../../../arm-none-eabi/lib/thumb/v7e-m+fp/hard\libc_nano.a(lib_a-nano-mallocr.o)
 .text._malloc_r
                0x0000000008009228       0xe8 d:/desktop_apppps/stm32cubeide_1.10.1/stm32cubeide/plugins/com.st.stm32cube.ide.mcu.externaltools.gnu-tools-for-stm32.10.3-2021.10.win32_1.0.0.202111181127/tools/bin/../lib/gcc/arm-none-eabi/10.3.1/../../../../arm-none-eabi/lib/thumb/v7e-m+fp/hard\libc_nano.a(lib_a-nano-mallocr.o)
                0x0000000008009228                _malloc_r
 .text._sbrk_r  0x0000000008009310       0x20 d:/desktop_apppps/stm32cubeide_1.10.1/stm32cubeide/plugins/com.st.stm32cube.ide.mcu.externaltools.gnu-tools-for-stm32.10.3-2021.10.win32_1.0.0.202111181127/tools/bin/../lib/gcc/arm-none-eabi/10.3.1/../../../../arm-none-eabi/lib/thumb/v7e-m+fp/hard\libc_nano.a(lib_a-sbrkr.o)
                0x0000000008009310                _sbrk_r
 .text._vsnprintf_r
                0x0000000008009330       0x56 d:/desktop_apppps/stm32cubeide_1.10.1/stm32cubeide/plugins/com.st.stm32cube.ide.mcu.externaltools.gnu-tools-for-stm32.10.3-2021.10.win32_1.0.0.202111181127/tools/bin/../lib/gcc/arm-none-eabi/10.3.1/../../../../arm-none-eabi/lib/thumb/v7e-m+fp/hard\libc_nano.a(lib_a-vsnprintf.o)
                0x0000000008009330                _vsniprintf_r
                0x0000000008009330                _vsnprintf_r
 *fill*         0x0000000008009386        0x2 
 .text.vsnprintf
                0x0000000008009388       0x1c d:/desktop_apppps/stm32cubeide_1.10.1/stm32cubeide/plugins/com.st.stm32cube.ide.mcu.externaltools.gnu-tools-for-stm32.10.3-2021.10.win32_1.0.0.202111181127/tools/bin/../lib/gcc/arm-none-eabi/10.3.1/../../../../arm-none-eabi/lib/thumb/v7e-m+fp/hard\libc_nano.a(lib_a-vsnprintf.o)
                0x0000000008009388                vsniprintf
                0x0000000008009388                vsnprintf
 .text.__malloc_lock
                0x00000000080093a4        0xc d:/desktop_apppps/stm32cubeide_1.10.1/stm32cubeide/plugins/com.st.stm32cube.ide.mcu.externaltools.gnu-tools-for-stm32.10.3-2021.10.win32_1.0.0.202111181127/tools/bin/../lib/gcc/arm-none-eabi/10.3.1/../../../../arm-none-eabi/lib/thumb/v7e-m+fp/hard\libc_nano.a(lib_a-mlock.o)
                0x00000000080093a4                __malloc_lock
 .text.__malloc_unlock
                0x00000000080093b0        0xc d:/desktop_apppps/stm32cubeide_1.10.1/stm32cubeide/plugins/com.st.stm32cube.ide.mcu.externaltools.gnu-tools-for-stm32.10.3-2021.10.win32_1.0.0.202111181127/tools/bin/../lib/gcc/arm-none-eabi/10.3.1/../../../../arm-none-eabi/lib/thumb/v7e-m+fp/hard\libc_nano.a(lib_a-mlock.o)
                0x00000000080093b0                __malloc_unlock
 .text.__ssputs_r
                0x00000000080093bc       0xb6 d:/desktop_apppps/stm32cubeide_1.10.1/stm32cubeide/plugins/com.st.stm32cube.ide.mcu.externaltools.gnu-tools-for-stm32.10.3-2021.10.win32_1.0.0.202111181127/tools/bin/../lib/gcc/arm-none-eabi/10.3.1/../../../../arm-none-eabi/lib/thumb/v7e-m+fp/hard\libc_nano.a(lib_a-nano-svfprintf.o)
                0x00000000080093bc                __ssputs_r
 *fill*         0x0000000008009472        0x2 
 .text._svfprintf_r
                0x0000000008009474      0x200 d:/desktop_apppps/stm32cubeide_1.10.1/stm32cubeide/plugins/com.st.stm32cube.ide.mcu.externaltools.gnu-tools-for-stm32.10.3-2021.10.win32_1.0.0.202111181127/tools/bin/../lib/gcc/arm-none-eabi/10.3.1/../../../../arm-none-eabi/lib/thumb/v7e-m+fp/hard\libc_nano.a(lib_a-nano-svfprintf.o)
                0x0000000008009474                _svfiprintf_r
                0x0000000008009474                _svfprintf_r
 .text._printf_common
                0x0000000008009674       0xda d:/desktop_apppps/stm32cubeide_1.10.1/stm32cubeide/plugins/com.st.stm32cube.ide.mcu.externaltools.gnu-tools-for-stm32.10.3-2021.10.win32_1.0.0.202111181127/tools/bin/../lib/gcc/arm-none-eabi/10.3.1/../../../../arm-none-eabi/lib/thumb/v7e-m+fp/hard\libc_nano.a(lib_a-nano-vfprintf_i.o)
                0x0000000008009674                _printf_common
 *fill*         0x000000000800974e        0x2 
 .text._printf_i
                0x0000000008009750      0x24c d:/desktop_apppps/stm32cubeide_1.10.1/stm32cubeide/plugins/com.st.stm32cube.ide.mcu.externaltools.gnu-tools-for-stm32.10.3-2021.10.win32_1.0.0.202111181127/tools/bin/../lib/gcc/arm-none-eabi/10.3.1/../../../../arm-none-eabi/lib/thumb/v7e-m+fp/hard\libc_nano.a(lib_a-nano-vfprintf_i.o)
                0x0000000008009750                _printf_i
 .text.__retarget_lock_acquire_recursive
                0x000000000800999c        0x2 d:/desktop_apppps/stm32cubeide_1.10.1/stm32cubeide/plugins/com.st.stm32cube.ide.mcu.externaltools.gnu-tools-for-stm32.10.3-2021.10.win32_1.0.0.202111181127/tools/bin/../lib/gcc/arm-none-eabi/10.3.1/../../../../arm-none-eabi/lib/thumb/v7e-m+fp/hard\libc_nano.a(lib_a-lock.o)
                0x000000000800999c                __retarget_lock_acquire_recursive
 .text.__retarget_lock_release_recursive
                0x000000000800999e        0x2 d:/desktop_apppps/stm32cubeide_1.10.1/stm32cubeide/plugins/com.st.stm32cube.ide.mcu.externaltools.gnu-tools-for-stm32.10.3-2021.10.win32_1.0.0.202111181127/tools/bin/../lib/gcc/arm-none-eabi/10.3.1/../../../../arm-none-eabi/lib/thumb/v7e-m+fp/hard\libc_nano.a(lib_a-lock.o)
                0x000000000800999e                __retarget_lock_release_recursive
 .text.memcpy   0x00000000080099a0       0x1c d:/desktop_apppps/stm32cubeide_1.10.1/stm32cubeide/plugins/com.st.stm32cube.ide.mcu.externaltools.gnu-tools-for-stm32.10.3-2021.10.win32_1.0.0.202111181127/tools/bin/../lib/gcc/arm-none-eabi/10.3.1/../../../../arm-none-eabi/lib/thumb/v7e-m+fp/hard\libc_nano.a(lib_a-memcpy-stub.o)
                0x00000000080099a0                memcpy
 .text.memmove  0x00000000080099bc       0x34 d:/desktop_apppps/stm32cubeide_1.10.1/stm32cubeide/plugins/com.st.stm32cube.ide.mcu.externaltools.gnu-tools-for-stm32.10.3-2021.10.win32_1.0.0.202111181127/tools/bin/../lib/gcc/arm-none-eabi/10.3.1/../../../../arm-none-eabi/lib/thumb/v7e-m+fp/hard\libc_nano.a(lib_a-memmove.o)
                0x00000000080099bc                memmove
 .text._realloc_r
                0x00000000080099f0       0x5e d:/desktop_apppps/stm32cubeide_1.10.1/stm32cubeide/plugins/com.st.stm32cube.ide.mcu.externaltools.gnu-tools-for-stm32.10.3-2021.10.win32_1.0.0.202111181127/tools/bin/../lib/gcc/arm-none-eabi/10.3.1/../../../../arm-none-eabi/lib/thumb/v7e-m+fp/hard\libc_nano.a(lib_a-nano-reallocr.o)
                0x00000000080099f0                _realloc_r
 .text._malloc_usable_size_r
                0x0000000008009a4e       0x10 d:/desktop_apppps/stm32cubeide_1.10.1/stm32cubeide/plugins/com.st.stm32cube.ide.mcu.externaltools.gnu-tools-for-stm32.10.3-2021.10.win32_1.0.0.202111181127/tools/bin/../lib/gcc/arm-none-eabi/10.3.1/../../../../arm-none-eabi/lib/thumb/v7e-m+fp/hard\libc_nano.a(lib_a-nano-msizer.o)
                0x0000000008009a4e                _malloc_usable_size_r
 *(.glue_7)
 .glue_7        0x0000000008009a5e        0x0 linker stubs
 *(.glue_7t)
 .glue_7t       0x0000000008009a5e        0x0 linker stubs
 *(.eh_frame)
 *fill*         0x0000000008009a5e        0x2 
 .eh_frame      0x0000000008009a60        0x0 d:/desktop_apppps/stm32cubeide_1.10.1/stm32cubeide/plugins/com.st.stm32cube.ide.mcu.externaltools.gnu-tools-for-stm32.10.3-2021.10.win32_1.0.0.202111181127/tools/bin/../lib/gcc/arm-none-eabi/10.3.1/thumb/v7e-m+fp/hard/crtbegin.o
 *(.init)
 .init          0x0000000008009a60        0x4 d:/desktop_apppps/stm32cubeide_1.10.1/stm32cubeide/plugins/com.st.stm32cube.ide.mcu.externaltools.gnu-tools-for-stm32.10.3-2021.10.win32_1.0.0.202111181127/tools/bin/../lib/gcc/arm-none-eabi/10.3.1/thumb/v7e-m+fp/hard/crti.o
                0x0000000008009a60                _init
 .init          0x0000000008009a64        0x8 d:/desktop_apppps/stm32cubeide_1.10.1/stm32cubeide/plugins/com.st.stm32cube.ide.mcu.externaltools.gnu-tools-for-stm32.10.3-2021.10.win32_1.0.0.202111181127/tools/bin/../lib/gcc/arm-none-eabi/10.3.1/thumb/v7e-m+fp/hard/crtn.o
 *(.fini)
 .fini          0x0000000008009a6c        0x4 d:/desktop_apppps/stm32cubeide_1.10.1/stm32cubeide/plugins/com.st.stm32cube.ide.mcu.externaltools.gnu-tools-for-stm32.10.3-2021.10.win32_1.0.0.202111181127/tools/bin/../lib/gcc/arm-none-eabi/10.3.1/thumb/v7e-m+fp/hard/crti.o
                0x0000000008009a6c                _fini
 .fini          0x0000000008009a70        0x8 d:/desktop_apppps/stm32cubeide_1.10.1/stm32cubeide/plugins/com.st.stm32cube.ide.mcu.externaltools.gnu-tools-for-stm32.10.3-2021.10.win32_1.0.0.202111181127/tools/bin/../lib/gcc/arm-none-eabi/10.3.1/thumb/v7e-m+fp/hard/crtn.o
                0x0000000008009a78                . = ALIGN (0x4)
                0x0000000008009a78                _etext = .

.vfp11_veneer   0x0000000008009a78        0x0
 .vfp11_veneer  0x0000000008009a78        0x0 linker stubs

.v4_bx          0x0000000008009a78        0x0
 .v4_bx         0x0000000008009a78        0x0 linker stubs

.iplt           0x0000000008009a78        0x0
 .iplt          0x0000000008009a78        0x0 d:/desktop_apppps/stm32cubeide_1.10.1/stm32cubeide/plugins/com.st.stm32cube.ide.mcu.externaltools.gnu-tools-for-stm32.10.3-2021.10.win32_1.0.0.202111181127/tools/bin/../lib/gcc/arm-none-eabi/10.3.1/thumb/v7e-m+fp/hard/crtbegin.o

.rodata         0x0000000008009a78      0x7d8
                0x0000000008009a78                . = ALIGN (0x4)
 *(.rodata)
 .rodata        0x0000000008009a78       0x76 ./Core/Src/main.o
 *fill*         0x0000000008009aee        0x2 
 .rodata        0x0000000008009af0        0x4 ./Middlewares/ST/STM32_USB_Host_Library/Class/CDC/Src/usbh_cdc.o
 *(.rodata*)
 .rodata.base_font
                0x0000000008009af4      0x600 ./Core/Src/lcd5110.o
 .rodata.lcd5110_def_scr
                0x000000000800a0f4        0xe ./Core/Src/lcd5110.o
                0x000000000800a0f4                lcd5110_def_scr
 *fill*         0x000000000800a102        0x2 
 .rodata.AHBPrescTable
                0x000000000800a104       0x10 ./Core/Src/system_stm32f4xx.o
                0x000000000800a104                AHBPrescTable
 .rodata.APBPrescTable
                0x000000000800a114        0x8 ./Core/Src/system_stm32f4xx.o
                0x000000000800a114                APBPrescTable
 .rodata._ctype_
                0x000000000800a11c      0x101 d:/desktop_apppps/stm32cubeide_1.10.1/stm32cubeide/plugins/com.st.stm32cube.ide.mcu.externaltools.gnu-tools-for-stm32.10.3-2021.10.win32_1.0.0.202111181127/tools/bin/../lib/gcc/arm-none-eabi/10.3.1/../../../../arm-none-eabi/lib/thumb/v7e-m+fp/hard\libc_nano.a(lib_a-ctype_.o)
                0x000000000800a11c                _ctype_
 .rodata._svfprintf_r.str1.1
                0x000000000800a21d       0x11 d:/desktop_apppps/stm32cubeide_1.10.1/stm32cubeide/plugins/com.st.stm32cube.ide.mcu.externaltools.gnu-tools-for-stm32.10.3-2021.10.win32_1.0.0.202111181127/tools/bin/../lib/gcc/arm-none-eabi/10.3.1/../../../../arm-none-eabi/lib/thumb/v7e-m+fp/hard\libc_nano.a(lib_a-nano-svfprintf.o)
 .rodata._printf_i.str1.1
                0x000000000800a22e       0x22 d:/desktop_apppps/stm32cubeide_1.10.1/stm32cubeide/plugins/com.st.stm32cube.ide.mcu.externaltools.gnu-tools-for-stm32.10.3-2021.10.win32_1.0.0.202111181127/tools/bin/../lib/gcc/arm-none-eabi/10.3.1/../../../../arm-none-eabi/lib/thumb/v7e-m+fp/hard\libc_nano.a(lib_a-nano-vfprintf_i.o)
                0x000000000800a250                . = ALIGN (0x4)

.ARM.extab      0x000000000800a250        0x0
                0x000000000800a250                . = ALIGN (0x4)
 *(.ARM.extab* .gnu.linkonce.armextab.*)
                0x000000000800a250                . = ALIGN (0x4)

.ARM            0x000000000800a250        0x8
                0x000000000800a250                . = ALIGN (0x4)
                0x000000000800a250                __exidx_start = .
 *(.ARM.exidx*)
 .ARM.exidx     0x000000000800a250        0x8 d:/desktop_apppps/stm32cubeide_1.10.1/stm32cubeide/plugins/com.st.stm32cube.ide.mcu.externaltools.gnu-tools-for-stm32.10.3-2021.10.win32_1.0.0.202111181127/tools/bin/../lib/gcc/arm-none-eabi/10.3.1/thumb/v7e-m+fp/hard\libgcc.a(_udivmoddi4.o)
                0x000000000800a258                __exidx_end = .
                0x000000000800a258                . = ALIGN (0x4)

.rel.dyn        0x000000000800a258        0x0
 .rel.iplt      0x000000000800a258        0x0 d:/desktop_apppps/stm32cubeide_1.10.1/stm32cubeide/plugins/com.st.stm32cube.ide.mcu.externaltools.gnu-tools-for-stm32.10.3-2021.10.win32_1.0.0.202111181127/tools/bin/../lib/gcc/arm-none-eabi/10.3.1/thumb/v7e-m+fp/hard/crtbegin.o

.preinit_array  0x000000000800a258        0x0
                0x000000000800a258                . = ALIGN (0x4)
                0x000000000800a258                PROVIDE (__preinit_array_start = .)
 *(.preinit_array*)
                0x000000000800a258                PROVIDE (__preinit_array_end = .)
                0x000000000800a258                . = ALIGN (0x4)

.init_array     0x000000000800a258        0x4
                0x000000000800a258                . = ALIGN (0x4)
                0x000000000800a258                PROVIDE (__init_array_start = .)
 *(SORT_BY_NAME(.init_array.*))
 *(.init_array*)
 .init_array    0x000000000800a258        0x4 d:/desktop_apppps/stm32cubeide_1.10.1/stm32cubeide/plugins/com.st.stm32cube.ide.mcu.externaltools.gnu-tools-for-stm32.10.3-2021.10.win32_1.0.0.202111181127/tools/bin/../lib/gcc/arm-none-eabi/10.3.1/thumb/v7e-m+fp/hard/crtbegin.o
                0x000000000800a25c                PROVIDE (__init_array_end = .)
                0x000000000800a25c                . = ALIGN (0x4)

.fini_array     0x000000000800a25c        0x4
                0x000000000800a25c                . = ALIGN (0x4)
                [!provide]                        PROVIDE (__fini_array_start = .)
 *(SORT_BY_NAME(.fini_array.*))
 *(.fini_array*)
 .fini_array    0x000000000800a25c        0x4 d:/desktop_apppps/stm32cubeide_1.10.1/stm32cubeide/plugins/com.st.stm32cube.ide.mcu.externaltools.gnu-tools-for-stm32.10.3-2021.10.win32_1.0.0.202111181127/tools/bin/../lib/gcc/arm-none-eabi/10.3.1/thumb/v7e-m+fp/hard/crtbegin.o
                [!provide]                        PROVIDE (__fini_array_end = .)
                0x000000000800a260                . = ALIGN (0x4)
                0x000000000800a260                _sidata = LOADADDR (.data)

.data           0x0000000020000000       0x90 load address 0x000000000800a260
                0x0000000020000000                . = ALIGN (0x4)
                0x0000000020000000                _sdata = .
 *(.data)
 *(.data*)
 .data.SystemCoreClock
                0x0000000020000000        0x4 ./Core/Src/system_stm32f4xx.o
                0x0000000020000000                SystemCoreClock
 .data.uwTickPrio
                0x0000000020000004        0x4 ./Drivers/STM32F4xx_HAL_Driver/Src/stm32f4xx_hal.o
                0x0000000020000004                uwTickPrio
 .data.uwTickFreq
                0x0000000020000008        0x1 ./Drivers/STM32F4xx_HAL_Driver/Src/stm32f4xx_hal.o
                0x0000000020000008                uwTickFreq
 *fill*         0x0000000020000009        0x3 
 .data.CDC_Class
                0x000000002000000c       0x20 ./Middlewares/ST/STM32_USB_Host_Library/Class/CDC/Src/usbh_cdc.o
                0x000000002000000c                CDC_Class
 .data._impure_ptr
                0x000000002000002c        0x4 d:/desktop_apppps/stm32cubeide_1.10.1/stm32cubeide/plugins/com.st.stm32cube.ide.mcu.externaltools.gnu-tools-for-stm32.10.3-2021.10.win32_1.0.0.202111181127/tools/bin/../lib/gcc/arm-none-eabi/10.3.1/../../../../arm-none-eabi/lib/thumb/v7e-m+fp/hard\libc_nano.a(lib_a-impure.o)
                0x000000002000002c                _impure_ptr
 .data.impure_data
                0x0000000020000030       0x60 d:/desktop_apppps/stm32cubeide_1.10.1/stm32cubeide/plugins/com.st.stm32cube.ide.mcu.externaltools.gnu-tools-for-stm32.10.3-2021.10.win32_1.0.0.202111181127/tools/bin/../lib/gcc/arm-none-eabi/10.3.1/../../../../arm-none-eabi/lib/thumb/v7e-m+fp/hard\libc_nano.a(lib_a-impure.o)
 *(.RamFunc)
 *(.RamFunc*)
                0x0000000020000090                . = ALIGN (0x4)
                0x0000000020000090                _edata = .

.igot.plt       0x0000000020000090        0x0 load address 0x000000000800a2f0
 .igot.plt      0x0000000020000090        0x0 d:/desktop_apppps/stm32cubeide_1.10.1/stm32cubeide/plugins/com.st.stm32cube.ide.mcu.externaltools.gnu-tools-for-stm32.10.3-2021.10.win32_1.0.0.202111181127/tools/bin/../lib/gcc/arm-none-eabi/10.3.1/thumb/v7e-m+fp/hard/crtbegin.o
                0x0000000020000090                . = ALIGN (0x4)

.bss            0x0000000020000090      0x8bc load address 0x000000000800a2f0
                0x0000000020000090                _sbss = .
                0x0000000020000090                __bss_start__ = _sbss
 *(.bss)
 .bss           0x0000000020000090       0x1c d:/desktop_apppps/stm32cubeide_1.10.1/stm32cubeide/plugins/com.st.stm32cube.ide.mcu.externaltools.gnu-tools-for-stm32.10.3-2021.10.win32_1.0.0.202111181127/tools/bin/../lib/gcc/arm-none-eabi/10.3.1/thumb/v7e-m+fp/hard/crtbegin.o
 *(.bss*)
 .bss.hi2c1     0x00000000200000ac       0x54 ./Core/Src/main.o
                0x00000000200000ac                hi2c1
 .bss.hi2s3     0x0000000020000100       0x48 ./Core/Src/main.o
                0x0000000020000100                hi2s3
 .bss.hspi1     0x0000000020000148       0x58 ./Core/Src/main.o
                0x0000000020000148                hspi1
 .bss.hspi2     0x00000000200001a0       0x58 ./Core/Src/main.o
                0x00000000200001a0                hspi2
 .bss.htim10    0x00000000200001f8       0x48 ./Core/Src/main.o
                0x00000000200001f8                htim10
 .bss.tim10_overflows
                0x0000000020000240        0x4 ./Core/Src/main.o
                0x0000000020000240                tim10_overflows
 .bss.state     0x0000000020000244        0x1 ./Core/Src/main.o
                0x0000000020000244                state
 *fill*         0x0000000020000245        0x3 
 .bss.echo_start
                0x0000000020000248        0x4 ./Core/Src/main.o
                0x0000000020000248                echo_start
 .bss.echo_finish
                0x000000002000024c        0x4 ./Core/Src/main.o
                0x000000002000024c                echo_finish
 .bss.measured_time
                0x0000000020000250        0x4 ./Core/Src/main.o
                0x0000000020000250                measured_time
 .bss.__sbrk_heap_end
                0x0000000020000254        0x4 ./Core/Src/sysmem.o
 .bss.uwTick    0x0000000020000258        0x4 ./Drivers/STM32F4xx_HAL_Driver/Src/stm32f4xx_hal.o
                0x0000000020000258                uwTick
 .bss.hUsbHostFS
                0x000000002000025c      0x3d8 ./USB_HOST/App/usb_host.o
                0x000000002000025c                hUsbHostFS
 .bss.Appli_state
                0x0000000020000634        0x1 ./USB_HOST/App/usb_host.o
                0x0000000020000634                Appli_state
 *fill*         0x0000000020000635        0x3 
 .bss.hhcd_USB_OTG_FS
                0x0000000020000638      0x304 ./USB_HOST/Target/usbh_conf.o
                0x0000000020000638                hhcd_USB_OTG_FS
 .bss.__malloc_free_list
                0x000000002000093c        0x4 d:/desktop_apppps/stm32cubeide_1.10.1/stm32cubeide/plugins/com.st.stm32cube.ide.mcu.externaltools.gnu-tools-for-stm32.10.3-2021.10.win32_1.0.0.202111181127/tools/bin/../lib/gcc/arm-none-eabi/10.3.1/../../../../arm-none-eabi/lib/thumb/v7e-m+fp/hard\libc_nano.a(lib_a-nano-mallocr.o)
                0x000000002000093c                __malloc_free_list
 .bss.__malloc_sbrk_start
                0x0000000020000940        0x4 d:/desktop_apppps/stm32cubeide_1.10.1/stm32cubeide/plugins/com.st.stm32cube.ide.mcu.externaltools.gnu-tools-for-stm32.10.3-2021.10.win32_1.0.0.202111181127/tools/bin/../lib/gcc/arm-none-eabi/10.3.1/../../../../arm-none-eabi/lib/thumb/v7e-m+fp/hard\libc_nano.a(lib_a-nano-mallocr.o)
                0x0000000020000940                __malloc_sbrk_start
 .bss.errno     0x0000000020000944        0x4 d:/desktop_apppps/stm32cubeide_1.10.1/stm32cubeide/plugins/com.st.stm32cube.ide.mcu.externaltools.gnu-tools-for-stm32.10.3-2021.10.win32_1.0.0.202111181127/tools/bin/../lib/gcc/arm-none-eabi/10.3.1/../../../../arm-none-eabi/lib/thumb/v7e-m+fp/hard\libc_nano.a(lib_a-reent.o)
                0x0000000020000944                errno
 .bss.__lock___malloc_recursive_mutex
                0x0000000020000948        0x1 d:/desktop_apppps/stm32cubeide_1.10.1/stm32cubeide/plugins/com.st.stm32cube.ide.mcu.externaltools.gnu-tools-for-stm32.10.3-2021.10.win32_1.0.0.202111181127/tools/bin/../lib/gcc/arm-none-eabi/10.3.1/../../../../arm-none-eabi/lib/thumb/v7e-m+fp/hard\libc_nano.a(lib_a-lock.o)
                0x0000000020000948                __lock___malloc_recursive_mutex
 *(COMMON)
                0x000000002000094c                . = ALIGN (0x4)
 *fill*         0x0000000020000949        0x3 
                0x000000002000094c                _ebss = .
                0x000000002000094c                __bss_end__ = _ebss

._user_heap_stack
                0x000000002000094c      0x604 load address 0x000000000800a2f0
                0x0000000020000950                . = ALIGN (0x8)
 *fill*         0x000000002000094c        0x4 
                [!provide]                        PROVIDE (end = .)
                0x0000000020000950                PROVIDE (_end = .)
                0x0000000020000b50                . = (. + _Min_Heap_Size)
 *fill*         0x0000000020000950      0x200 
                0x0000000020000f50                . = (. + _Min_Stack_Size)
 *fill*         0x0000000020000b50      0x400 
                0x0000000020000f50                . = ALIGN (0x8)

/DISCARD/
 libc.a(*)
 libm.a(*)
 libgcc.a(*)

.ARM.attributes
                0x0000000000000000       0x30
 *(.ARM.attributes)
 .ARM.attributes
                0x0000000000000000       0x1e d:/desktop_apppps/stm32cubeide_1.10.1/stm32cubeide/plugins/com.st.stm32cube.ide.mcu.externaltools.gnu-tools-for-stm32.10.3-2021.10.win32_1.0.0.202111181127/tools/bin/../lib/gcc/arm-none-eabi/10.3.1/thumb/v7e-m+fp/hard/crti.o
 .ARM.attributes
                0x000000000000001e       0x34 d:/desktop_apppps/stm32cubeide_1.10.1/stm32cubeide/plugins/com.st.stm32cube.ide.mcu.externaltools.gnu-tools-for-stm32.10.3-2021.10.win32_1.0.0.202111181127/tools/bin/../lib/gcc/arm-none-eabi/10.3.1/thumb/v7e-m+fp/hard/crtbegin.o
 .ARM.attributes
                0x0000000000000052       0x34 ./Core/Src/lcd5110.o
 .ARM.attributes
                0x0000000000000086       0x34 ./Core/Src/lcd5110_hal.o
 .ARM.attributes
                0x00000000000000ba       0x34 ./Core/Src/lcd5110_ll.o
 .ARM.attributes
                0x00000000000000ee       0x34 ./Core/Src/main.o
 .ARM.attributes
                0x0000000000000122       0x34 ./Core/Src/stm32f4xx_hal_msp.o
 .ARM.attributes
                0x0000000000000156       0x34 ./Core/Src/stm32f4xx_it.o
 .ARM.attributes
                0x000000000000018a       0x34 ./Core/Src/sysmem.o
 .ARM.attributes
                0x00000000000001be       0x34 ./Core/Src/system_stm32f4xx.o
 .ARM.attributes
                0x00000000000001f2       0x21 ./Core/Startup/startup_stm32f411vetx.o
 .ARM.attributes
                0x0000000000000213       0x34 ./Drivers/STM32F4xx_HAL_Driver/Src/stm32f4xx_hal.o
 .ARM.attributes
                0x0000000000000247       0x34 ./Drivers/STM32F4xx_HAL_Driver/Src/stm32f4xx_hal_cortex.o
 .ARM.attributes
                0x000000000000027b       0x34 ./Drivers/STM32F4xx_HAL_Driver/Src/stm32f4xx_hal_gpio.o
 .ARM.attributes
                0x00000000000002af       0x34 ./Drivers/STM32F4xx_HAL_Driver/Src/stm32f4xx_hal_hcd.o
 .ARM.attributes
                0x00000000000002e3       0x34 ./Drivers/STM32F4xx_HAL_Driver/Src/stm32f4xx_hal_i2c.o
 .ARM.attributes
                0x0000000000000317       0x34 ./Drivers/STM32F4xx_HAL_Driver/Src/stm32f4xx_hal_i2s.o
 .ARM.attributes
                0x000000000000034b       0x34 ./Drivers/STM32F4xx_HAL_Driver/Src/stm32f4xx_hal_i2s_ex.o
 .ARM.attributes
                0x000000000000037f       0x34 ./Drivers/STM32F4xx_HAL_Driver/Src/stm32f4xx_hal_rcc.o
 .ARM.attributes
                0x00000000000003b3       0x34 ./Drivers/STM32F4xx_HAL_Driver/Src/stm32f4xx_hal_rcc_ex.o
 .ARM.attributes
                0x00000000000003e7       0x34 ./Drivers/STM32F4xx_HAL_Driver/Src/stm32f4xx_hal_spi.o
 .ARM.attributes
                0x000000000000041b       0x34 ./Drivers/STM32F4xx_HAL_Driver/Src/stm32f4xx_hal_tim.o
 .ARM.attributes
                0x000000000000044f       0x34 ./Drivers/STM32F4xx_HAL_Driver/Src/stm32f4xx_hal_tim_ex.o
 .ARM.attributes
                0x0000000000000483       0x34 ./Drivers/STM32F4xx_HAL_Driver/Src/stm32f4xx_ll_usb.o
 .ARM.attributes
                0x00000000000004b7       0x34 ./Middlewares/ST/STM32_USB_Host_Library/Class/CDC/Src/usbh_cdc.o
 .ARM.attributes
                0x00000000000004eb       0x34 ./Middlewares/ST/STM32_USB_Host_Library/Core/Src/usbh_core.o
 .ARM.attributes
                0x000000000000051f       0x34 ./Middlewares/ST/STM32_USB_Host_Library/Core/Src/usbh_ctlreq.o
 .ARM.attributes
                0x0000000000000553       0x34 ./Middlewares/ST/STM32_USB_Host_Library/Core/Src/usbh_ioreq.o
 .ARM.attributes
                0x0000000000000587       0x34 ./Middlewares/ST/STM32_USB_Host_Library/Core/Src/usbh_pipes.o
 .ARM.attributes
                0x00000000000005bb       0x34 ./USB_HOST/App/usb_host.o
 .ARM.attributes
                0x00000000000005ef       0x34 ./USB_HOST/Target/usbh_conf.o
 .ARM.attributes
                0x0000000000000623       0x34 ./USB_HOST/Target/usbh_platform.o
 .ARM.attributes
                0x0000000000000657       0x34 d:/desktop_apppps/stm32cubeide_1.10.1/stm32cubeide/plugins/com.st.stm32cube.ide.mcu.externaltools.gnu-tools-for-stm32.10.3-2021.10.win32_1.0.0.202111181127/tools/bin/../lib/gcc/arm-none-eabi/10.3.1/../../../../arm-none-eabi/lib/thumb/v7e-m+fp/hard\libc_nano.a(lib_a-ctype_.o)
 .ARM.attributes
                0x000000000000068b       0x34 d:/desktop_apppps/stm32cubeide_1.10.1/stm32cubeide/plugins/com.st.stm32cube.ide.mcu.externaltools.gnu-tools-for-stm32.10.3-2021.10.win32_1.0.0.202111181127/tools/bin/../lib/gcc/arm-none-eabi/10.3.1/../../../../arm-none-eabi/lib/thumb/v7e-m+fp/hard\libc_nano.a(lib_a-errno.o)
 .ARM.attributes
                0x00000000000006bf       0x34 d:/desktop_apppps/stm32cubeide_1.10.1/stm32cubeide/plugins/com.st.stm32cube.ide.mcu.externaltools.gnu-tools-for-stm32.10.3-2021.10.win32_1.0.0.202111181127/tools/bin/../lib/gcc/arm-none-eabi/10.3.1/../../../../arm-none-eabi/lib/thumb/v7e-m+fp/hard\libc_nano.a(lib_a-impure.o)
 .ARM.attributes
                0x00000000000006f3       0x34 d:/desktop_apppps/stm32cubeide_1.10.1/stm32cubeide/plugins/com.st.stm32cube.ide.mcu.externaltools.gnu-tools-for-stm32.10.3-2021.10.win32_1.0.0.202111181127/tools/bin/../lib/gcc/arm-none-eabi/10.3.1/../../../../arm-none-eabi/lib/thumb/v7e-m+fp/hard\libc_nano.a(lib_a-init.o)
 .ARM.attributes
                0x0000000000000727       0x34 d:/desktop_apppps/stm32cubeide_1.10.1/stm32cubeide/plugins/com.st.stm32cube.ide.mcu.externaltools.gnu-tools-for-stm32.10.3-2021.10.win32_1.0.0.202111181127/tools/bin/../lib/gcc/arm-none-eabi/10.3.1/../../../../arm-none-eabi/lib/thumb/v7e-m+fp/hard\libc_nano.a(lib_a-malloc.o)
 .ARM.attributes
                0x000000000000075b       0x34 d:/desktop_apppps/stm32cubeide_1.10.1/stm32cubeide/plugins/com.st.stm32cube.ide.mcu.externaltools.gnu-tools-for-stm32.10.3-2021.10.win32_1.0.0.202111181127/tools/bin/../lib/gcc/arm-none-eabi/10.3.1/../../../../arm-none-eabi/lib/thumb/v7e-m+fp/hard\libc_nano.a(lib_a-memset.o)
 .ARM.attributes
                0x000000000000078f       0x34 d:/desktop_apppps/stm32cubeide_1.10.1/stm32cubeide/plugins/com.st.stm32cube.ide.mcu.externaltools.gnu-tools-for-stm32.10.3-2021.10.win32_1.0.0.202111181127/tools/bin/../lib/gcc/arm-none-eabi/10.3.1/../../../../arm-none-eabi/lib/thumb/v7e-m+fp/hard\libc_nano.a(lib_a-nano-freer.o)
 .ARM.attributes
                0x00000000000007c3       0x34 d:/desktop_apppps/stm32cubeide_1.10.1/stm32cubeide/plugins/com.st.stm32cube.ide.mcu.externaltools.gnu-tools-for-stm32.10.3-2021.10.win32_1.0.0.202111181127/tools/bin/../lib/gcc/arm-none-eabi/10.3.1/../../../../arm-none-eabi/lib/thumb/v7e-m+fp/hard\libc_nano.a(lib_a-nano-mallocr.o)
 .ARM.attributes
                0x00000000000007f7       0x34 d:/desktop_apppps/stm32cubeide_1.10.1/stm32cubeide/plugins/com.st.stm32cube.ide.mcu.externaltools.gnu-tools-for-stm32.10.3-2021.10.win32_1.0.0.202111181127/tools/bin/../lib/gcc/arm-none-eabi/10.3.1/../../../../arm-none-eabi/lib/thumb/v7e-m+fp/hard\libc_nano.a(lib_a-sbrkr.o)
 .ARM.attributes
                0x000000000000082b       0x34 d:/desktop_apppps/stm32cubeide_1.10.1/stm32cubeide/plugins/com.st.stm32cube.ide.mcu.externaltools.gnu-tools-for-stm32.10.3-2021.10.win32_1.0.0.202111181127/tools/bin/../lib/gcc/arm-none-eabi/10.3.1/../../../../arm-none-eabi/lib/thumb/v7e-m+fp/hard\libc_nano.a(lib_a-vsnprintf.o)
 .ARM.attributes
                0x000000000000085f       0x34 d:/desktop_apppps/stm32cubeide_1.10.1/stm32cubeide/plugins/com.st.stm32cube.ide.mcu.externaltools.gnu-tools-for-stm32.10.3-2021.10.win32_1.0.0.202111181127/tools/bin/../lib/gcc/arm-none-eabi/10.3.1/../../../../arm-none-eabi/lib/thumb/v7e-m+fp/hard\libc_nano.a(lib_a-mlock.o)
 .ARM.attributes
                0x0000000000000893       0x34 d:/desktop_apppps/stm32cubeide_1.10.1/stm32cubeide/plugins/com.st.stm32cube.ide.mcu.externaltools.gnu-tools-for-stm32.10.3-2021.10.win32_1.0.0.202111181127/tools/bin/../lib/gcc/arm-none-eabi/10.3.1/../../../../arm-none-eabi/lib/thumb/v7e-m+fp/hard\libc_nano.a(lib_a-nano-svfprintf.o)
 .ARM.attributes
                0x00000000000008c7       0x34 d:/desktop_apppps/stm32cubeide_1.10.1/stm32cubeide/plugins/com.st.stm32cube.ide.mcu.externaltools.gnu-tools-for-stm32.10.3-2021.10.win32_1.0.0.202111181127/tools/bin/../lib/gcc/arm-none-eabi/10.3.1/../../../../arm-none-eabi/lib/thumb/v7e-m+fp/hard\libc_nano.a(lib_a-nano-vfprintf_i.o)
 .ARM.attributes
                0x00000000000008fb       0x34 d:/desktop_apppps/stm32cubeide_1.10.1/stm32cubeide/plugins/com.st.stm32cube.ide.mcu.externaltools.gnu-tools-for-stm32.10.3-2021.10.win32_1.0.0.202111181127/tools/bin/../lib/gcc/arm-none-eabi/10.3.1/../../../../arm-none-eabi/lib/thumb/v7e-m+fp/hard\libc_nano.a(lib_a-reent.o)
 .ARM.attributes
                0x000000000000092f       0x34 d:/desktop_apppps/stm32cubeide_1.10.1/stm32cubeide/plugins/com.st.stm32cube.ide.mcu.externaltools.gnu-tools-for-stm32.10.3-2021.10.win32_1.0.0.202111181127/tools/bin/../lib/gcc/arm-none-eabi/10.3.1/../../../../arm-none-eabi/lib/thumb/v7e-m+fp/hard\libc_nano.a(lib_a-lock.o)
 .ARM.attributes
                0x0000000000000963       0x1c d:/desktop_apppps/stm32cubeide_1.10.1/stm32cubeide/plugins/com.st.stm32cube.ide.mcu.externaltools.gnu-tools-for-stm32.10.3-2021.10.win32_1.0.0.202111181127/tools/bin/../lib/gcc/arm-none-eabi/10.3.1/../../../../arm-none-eabi/lib/thumb/v7e-m+fp/hard\libc_nano.a(lib_a-memchr.o)
 .ARM.attributes
                0x000000000000097f       0x34 d:/desktop_apppps/stm32cubeide_1.10.1/stm32cubeide/plugins/com.st.stm32cube.ide.mcu.externaltools.gnu-tools-for-stm32.10.3-2021.10.win32_1.0.0.202111181127/tools/bin/../lib/gcc/arm-none-eabi/10.3.1/../../../../arm-none-eabi/lib/thumb/v7e-m+fp/hard\libc_nano.a(lib_a-memcpy-stub.o)
 .ARM.attributes
                0x00000000000009b3       0x34 d:/desktop_apppps/stm32cubeide_1.10.1/stm32cubeide/plugins/com.st.stm32cube.ide.mcu.externaltools.gnu-tools-for-stm32.10.3-2021.10.win32_1.0.0.202111181127/tools/bin/../lib/gcc/arm-none-eabi/10.3.1/../../../../arm-none-eabi/lib/thumb/v7e-m+fp/hard\libc_nano.a(lib_a-memmove.o)
 .ARM.attributes
                0x00000000000009e7       0x34 d:/desktop_apppps/stm32cubeide_1.10.1/stm32cubeide/plugins/com.st.stm32cube.ide.mcu.externaltools.gnu-tools-for-stm32.10.3-2021.10.win32_1.0.0.202111181127/tools/bin/../lib/gcc/arm-none-eabi/10.3.1/../../../../arm-none-eabi/lib/thumb/v7e-m+fp/hard\libc_nano.a(lib_a-nano-reallocr.o)
 .ARM.attributes
                0x0000000000000a1b       0x34 d:/desktop_apppps/stm32cubeide_1.10.1/stm32cubeide/plugins/com.st.stm32cube.ide.mcu.externaltools.gnu-tools-for-stm32.10.3-2021.10.win32_1.0.0.202111181127/tools/bin/../lib/gcc/arm-none-eabi/10.3.1/../../../../arm-none-eabi/lib/thumb/v7e-m+fp/hard\libc_nano.a(lib_a-nano-msizer.o)
 .ARM.attributes
                0x0000000000000a4f       0x1e d:/desktop_apppps/stm32cubeide_1.10.1/stm32cubeide/plugins/com.st.stm32cube.ide.mcu.externaltools.gnu-tools-for-stm32.10.3-2021.10.win32_1.0.0.202111181127/tools/bin/../lib/gcc/arm-none-eabi/10.3.1/thumb/v7e-m+fp/hard\libgcc.a(_aeabi_uldivmod.o)
 .ARM.attributes
                0x0000000000000a6d       0x34 d:/desktop_apppps/stm32cubeide_1.10.1/stm32cubeide/plugins/com.st.stm32cube.ide.mcu.externaltools.gnu-tools-for-stm32.10.3-2021.10.win32_1.0.0.202111181127/tools/bin/../lib/gcc/arm-none-eabi/10.3.1/thumb/v7e-m+fp/hard\libgcc.a(_udivmoddi4.o)
 .ARM.attributes
                0x0000000000000aa1       0x1e d:/desktop_apppps/stm32cubeide_1.10.1/stm32cubeide/plugins/com.st.stm32cube.ide.mcu.externaltools.gnu-tools-for-stm32.10.3-2021.10.win32_1.0.0.202111181127/tools/bin/../lib/gcc/arm-none-eabi/10.3.1/thumb/v7e-m+fp/hard\libgcc.a(_dvmd_tls.o)
 .ARM.attributes
                0x0000000000000abf       0x1e d:/desktop_apppps/stm32cubeide_1.10.1/stm32cubeide/plugins/com.st.stm32cube.ide.mcu.externaltools.gnu-tools-for-stm32.10.3-2021.10.win32_1.0.0.202111181127/tools/bin/../lib/gcc/arm-none-eabi/10.3.1/thumb/v7e-m+fp/hard/crtn.o
OUTPUT(hcsr04_test.elf elf32-littlearm)
LOAD linker stubs
LOAD d:/desktop_apppps/stm32cubeide_1.10.1/stm32cubeide/plugins/com.st.stm32cube.ide.mcu.externaltools.gnu-tools-for-stm32.10.3-2021.10.win32_1.0.0.202111181127/tools/bin/../lib/gcc/arm-none-eabi/10.3.1/../../../../arm-none-eabi/lib/thumb/v7e-m+fp/hard\libc.a
LOAD d:/desktop_apppps/stm32cubeide_1.10.1/stm32cubeide/plugins/com.st.stm32cube.ide.mcu.externaltools.gnu-tools-for-stm32.10.3-2021.10.win32_1.0.0.202111181127/tools/bin/../lib/gcc/arm-none-eabi/10.3.1/../../../../arm-none-eabi/lib/thumb/v7e-m+fp/hard\libm.a
LOAD d:/desktop_apppps/stm32cubeide_1.10.1/stm32cubeide/plugins/com.st.stm32cube.ide.mcu.externaltools.gnu-tools-for-stm32.10.3-2021.10.win32_1.0.0.202111181127/tools/bin/../lib/gcc/arm-none-eabi/10.3.1/thumb/v7e-m+fp/hard\libgcc.a

.debug_info     0x0000000000000000    0x1dc7f
 .debug_info    0x0000000000000000     0x15ef ./Core/Src/lcd5110.o
 .debug_info    0x00000000000015ef      0xaae ./Core/Src/lcd5110_hal.o
 .debug_info    0x000000000000209d      0xcfb ./Core/Src/lcd5110_ll.o
 .debug_info    0x0000000000002d98     0x1bad ./Core/Src/main.o
 .debug_info    0x0000000000004945     0x167d ./Core/Src/stm32f4xx_hal_msp.o
 .debug_info    0x0000000000005fc2      0xc60 ./Core/Src/stm32f4xx_it.o
 .debug_info    0x0000000000006c22      0x171 ./Core/Src/sysmem.o
 .debug_info    0x0000000000006d93      0x54f ./Core/Src/system_stm32f4xx.o
 .debug_info    0x00000000000072e2       0x22 ./Core/Startup/startup_stm32f411vetx.o
 .debug_info    0x0000000000007304      0x90d ./Drivers/STM32F4xx_HAL_Driver/Src/stm32f4xx_hal.o
 .debug_info    0x0000000000007c11      0xd8b ./Drivers/STM32F4xx_HAL_Driver/Src/stm32f4xx_hal_cortex.o
 .debug_info    0x000000000000899c      0x78e ./Drivers/STM32F4xx_HAL_Driver/Src/stm32f4xx_hal_gpio.o
 .debug_info    0x000000000000912a     0x10c6 ./Drivers/STM32F4xx_HAL_Driver/Src/stm32f4xx_hal_hcd.o
 .debug_info    0x000000000000a1f0     0x260f ./Drivers/STM32F4xx_HAL_Driver/Src/stm32f4xx_hal_i2c.o
 .debug_info    0x000000000000c7ff      0xeae ./Drivers/STM32F4xx_HAL_Driver/Src/stm32f4xx_hal_i2s.o
 .debug_info    0x000000000000d6ad      0xb73 ./Drivers/STM32F4xx_HAL_Driver/Src/stm32f4xx_hal_i2s_ex.o
 .debug_info    0x000000000000e220      0x98d ./Drivers/STM32F4xx_HAL_Driver/Src/stm32f4xx_hal_rcc.o
 .debug_info    0x000000000000ebad      0x5d9 ./Drivers/STM32F4xx_HAL_Driver/Src/stm32f4xx_hal_rcc_ex.o
 .debug_info    0x000000000000f186     0x1750 ./Drivers/STM32F4xx_HAL_Driver/Src/stm32f4xx_hal_spi.o
 .debug_info    0x00000000000108d6     0x2bb6 ./Drivers/STM32F4xx_HAL_Driver/Src/stm32f4xx_hal_tim.o
 .debug_info    0x000000000001348c     0x15d8 ./Drivers/STM32F4xx_HAL_Driver/Src/stm32f4xx_hal_tim_ex.o
 .debug_info    0x0000000000014a64     0x1a97 ./Drivers/STM32F4xx_HAL_Driver/Src/stm32f4xx_ll_usb.o
 .debug_info    0x00000000000164fb     0x150d ./Middlewares/ST/STM32_USB_Host_Library/Class/CDC/Src/usbh_cdc.o
 .debug_info    0x0000000000017a08     0x1065 ./Middlewares/ST/STM32_USB_Host_Library/Core/Src/usbh_core.o
 .debug_info    0x0000000000018a6d     0x1083 ./Middlewares/ST/STM32_USB_Host_Library/Core/Src/usbh_ctlreq.o
 .debug_info    0x0000000000019af0      0xcf6 ./Middlewares/ST/STM32_USB_Host_Library/Core/Src/usbh_ioreq.o
 .debug_info    0x000000000001a7e6      0xb34 ./Middlewares/ST/STM32_USB_Host_Library/Core/Src/usbh_pipes.o
 .debug_info    0x000000000001b31a      0xab3 ./USB_HOST/App/usb_host.o
 .debug_info    0x000000000001bdcd     0x1cc9 ./USB_HOST/Target/usbh_conf.o
 .debug_info    0x000000000001da96      0x1e9 ./USB_HOST/Target/usbh_platform.o

.debug_abbrev   0x0000000000000000     0x458d
 .debug_abbrev  0x0000000000000000      0x361 ./Core/Src/lcd5110.o
 .debug_abbrev  0x0000000000000361      0x1d3 ./Core/Src/lcd5110_hal.o
 .debug_abbrev  0x0000000000000534      0x256 ./Core/Src/lcd5110_ll.o
 .debug_abbrev  0x000000000000078a      0x3d1 ./Core/Src/main.o
 .debug_abbrev  0x0000000000000b5b      0x22d ./Core/Src/stm32f4xx_hal_msp.o
 .debug_abbrev  0x0000000000000d88      0x1ea ./Core/Src/stm32f4xx_it.o
 .debug_abbrev  0x0000000000000f72       0xbb ./Core/Src/sysmem.o
 .debug_abbrev  0x000000000000102d      0x116 ./Core/Src/system_stm32f4xx.o
 .debug_abbrev  0x0000000000001143       0x12 ./Core/Startup/startup_stm32f411vetx.o
 .debug_abbrev  0x0000000000001155      0x23e ./Drivers/STM32F4xx_HAL_Driver/Src/stm32f4xx_hal.o
 .debug_abbrev  0x0000000000001393      0x316 ./Drivers/STM32F4xx_HAL_Driver/Src/stm32f4xx_hal_cortex.o
 .debug_abbrev  0x00000000000016a9      0x1c4 ./Drivers/STM32F4xx_HAL_Driver/Src/stm32f4xx_hal_gpio.o
 .debug_abbrev  0x000000000000186d      0x27e ./Drivers/STM32F4xx_HAL_Driver/Src/stm32f4xx_hal_hcd.o
 .debug_abbrev  0x0000000000001aeb      0x2a8 ./Drivers/STM32F4xx_HAL_Driver/Src/stm32f4xx_hal_i2c.o
 .debug_abbrev  0x0000000000001d93      0x258 ./Drivers/STM32F4xx_HAL_Driver/Src/stm32f4xx_hal_i2s.o
 .debug_abbrev  0x0000000000001feb      0x289 ./Drivers/STM32F4xx_HAL_Driver/Src/stm32f4xx_hal_i2s_ex.o
 .debug_abbrev  0x0000000000002274      0x2aa ./Drivers/STM32F4xx_HAL_Driver/Src/stm32f4xx_hal_rcc.o
 .debug_abbrev  0x000000000000251e      0x1a8 ./Drivers/STM32F4xx_HAL_Driver/Src/stm32f4xx_hal_rcc_ex.o
 .debug_abbrev  0x00000000000026c6      0x26e ./Drivers/STM32F4xx_HAL_Driver/Src/stm32f4xx_hal_spi.o
 .debug_abbrev  0x0000000000002934      0x26e ./Drivers/STM32F4xx_HAL_Driver/Src/stm32f4xx_hal_tim.o
 .debug_abbrev  0x0000000000002ba2      0x276 ./Drivers/STM32F4xx_HAL_Driver/Src/stm32f4xx_hal_tim_ex.o
 .debug_abbrev  0x0000000000002e18      0x296 ./Drivers/STM32F4xx_HAL_Driver/Src/stm32f4xx_ll_usb.o
 .debug_abbrev  0x00000000000030ae      0x328 ./Middlewares/ST/STM32_USB_Host_Library/Class/CDC/Src/usbh_cdc.o