../Core/Src/main.c:72:6:HAL_GPIO_EXTI_Callback	16	static
../Core/Src/main.c:108:7:led_pwm	24	static
../Core/Src/main.c:101:5:main	48	static
../Core/Src/main.c:192:6:SystemClock_Config	88	static
../Core/Src/main.c:237:6:PeriphCommonClock_Config	32	static
../Core/Src/main.c:258:13:MX_I2C1_Init	8	static
../Core/Src/main.c:292:13:MX_I2S2_Init	8	static
../Core/Src/main.c:326:13:MX_I2S3_Init	8	static
../Core/Src/main.c:360:13:MX_SPI1_Init	8	static
../Core/Src/main.c:398:13:MX_TIM4_Init	64	static
../Core/Src/main.c:469:13:MX_GPIO_Init	56	static
../Core/Src/main.c:549:6:Error_Handler	4	static,ignoring_inline_asm
